Archive member included because of file (symbol)

/Applications/KDS_3.0.0.app/Contents/toolchain/bin/../lib/gcc/arm-none-eabi/4.8.4/../../../../arm-none-eabi/lib/armv7e-m/fpu/libm.a(lib_a-s_modf.o)
                              ./utilities/fsl_debug_console.o (modf)
/Applications/KDS_3.0.0.app/Contents/toolchain/bin/../lib/gcc/arm-none-eabi/4.8.4/../../../../arm-none-eabi/lib/armv7e-m/fpu/libm.a(lib_a-w_pow.o)
                              ./utilities/fsl_debug_console.o (pow)
/Applications/KDS_3.0.0.app/Contents/toolchain/bin/../lib/gcc/arm-none-eabi/4.8.4/../../../../arm-none-eabi/lib/armv7e-m/fpu/libm.a(lib_a-e_pow.o)
                              /Applications/KDS_3.0.0.app/Contents/toolchain/bin/../lib/gcc/arm-none-eabi/4.8.4/../../../../arm-none-eabi/lib/armv7e-m/fpu/libm.a(lib_a-w_pow.o) (__ieee754_pow)
/Applications/KDS_3.0.0.app/Contents/toolchain/bin/../lib/gcc/arm-none-eabi/4.8.4/../../../../arm-none-eabi/lib/armv7e-m/fpu/libm.a(lib_a-e_sqrt.o)
                              /Applications/KDS_3.0.0.app/Contents/toolchain/bin/../lib/gcc/arm-none-eabi/4.8.4/../../../../arm-none-eabi/lib/armv7e-m/fpu/libm.a(lib_a-e_pow.o) (__ieee754_sqrt)
/Applications/KDS_3.0.0.app/Contents/toolchain/bin/../lib/gcc/arm-none-eabi/4.8.4/../../../../arm-none-eabi/lib/armv7e-m/fpu/libm.a(lib_a-s_fabs.o)
                              /Applications/KDS_3.0.0.app/Contents/toolchain/bin/../lib/gcc/arm-none-eabi/4.8.4/../../../../arm-none-eabi/lib/armv7e-m/fpu/libm.a(lib_a-e_pow.o) (fabs)
/Applications/KDS_3.0.0.app/Contents/toolchain/bin/../lib/gcc/arm-none-eabi/4.8.4/../../../../arm-none-eabi/lib/armv7e-m/fpu/libm.a(lib_a-s_finite.o)
                              /Applications/KDS_3.0.0.app/Contents/toolchain/bin/../lib/gcc/arm-none-eabi/4.8.4/../../../../arm-none-eabi/lib/armv7e-m/fpu/libm.a(lib_a-w_pow.o) (finite)
/Applications/KDS_3.0.0.app/Contents/toolchain/bin/../lib/gcc/arm-none-eabi/4.8.4/../../../../arm-none-eabi/lib/armv7e-m/fpu/libm.a(lib_a-s_fpclassify.o)
                              /Applications/KDS_3.0.0.app/Contents/toolchain/bin/../lib/gcc/arm-none-eabi/4.8.4/../../../../arm-none-eabi/lib/armv7e-m/fpu/libm.a(lib_a-w_pow.o) (__fpclassifyd)
/Applications/KDS_3.0.0.app/Contents/toolchain/bin/../lib/gcc/arm-none-eabi/4.8.4/../../../../arm-none-eabi/lib/armv7e-m/fpu/libm.a(lib_a-s_lib_ver.o)
                              /Applications/KDS_3.0.0.app/Contents/toolchain/bin/../lib/gcc/arm-none-eabi/4.8.4/../../../../arm-none-eabi/lib/armv7e-m/fpu/libm.a(lib_a-w_pow.o) (__fdlib_version)
/Applications/KDS_3.0.0.app/Contents/toolchain/bin/../lib/gcc/arm-none-eabi/4.8.4/../../../../arm-none-eabi/lib/armv7e-m/fpu/libm.a(lib_a-s_matherr.o)
                              /Applications/KDS_3.0.0.app/Contents/toolchain/bin/../lib/gcc/arm-none-eabi/4.8.4/../../../../arm-none-eabi/lib/armv7e-m/fpu/libm.a(lib_a-w_pow.o) (matherr)
/Applications/KDS_3.0.0.app/Contents/toolchain/bin/../lib/gcc/arm-none-eabi/4.8.4/../../../../arm-none-eabi/lib/armv7e-m/fpu/libm.a(lib_a-s_nan.o)
                              /Applications/KDS_3.0.0.app/Contents/toolchain/bin/../lib/gcc/arm-none-eabi/4.8.4/../../../../arm-none-eabi/lib/armv7e-m/fpu/libm.a(lib_a-e_pow.o) (nan)
/Applications/KDS_3.0.0.app/Contents/toolchain/bin/../lib/gcc/arm-none-eabi/4.8.4/../../../../arm-none-eabi/lib/armv7e-m/fpu/libm.a(lib_a-s_rint.o)
                              /Applications/KDS_3.0.0.app/Contents/toolchain/bin/../lib/gcc/arm-none-eabi/4.8.4/../../../../arm-none-eabi/lib/armv7e-m/fpu/libm.a(lib_a-w_pow.o) (rint)
/Applications/KDS_3.0.0.app/Contents/toolchain/bin/../lib/gcc/arm-none-eabi/4.8.4/../../../../arm-none-eabi/lib/armv7e-m/fpu/libm.a(lib_a-s_scalbn.o)
                              /Applications/KDS_3.0.0.app/Contents/toolchain/bin/../lib/gcc/arm-none-eabi/4.8.4/../../../../arm-none-eabi/lib/armv7e-m/fpu/libm.a(lib_a-e_pow.o) (scalbn)
/Applications/KDS_3.0.0.app/Contents/toolchain/bin/../lib/gcc/arm-none-eabi/4.8.4/../../../../arm-none-eabi/lib/armv7e-m/fpu/libm.a(lib_a-s_copysign.o)
                              /Applications/KDS_3.0.0.app/Contents/toolchain/bin/../lib/gcc/arm-none-eabi/4.8.4/../../../../arm-none-eabi/lib/armv7e-m/fpu/libm.a(lib_a-s_scalbn.o) (copysign)
/Applications/KDS_3.0.0.app/Contents/toolchain/bin/../lib/gcc/arm-none-eabi/4.8.4/armv7e-m/fpu/libgcc.a(_arm_addsubdf3.o)
                              ./utilities/fsl_debug_console.o (__aeabi_dsub)
/Applications/KDS_3.0.0.app/Contents/toolchain/bin/../lib/gcc/arm-none-eabi/4.8.4/armv7e-m/fpu/libgcc.a(_arm_muldivdf3.o)
                              ./utilities/fsl_debug_console.o (__aeabi_dmul)
/Applications/KDS_3.0.0.app/Contents/toolchain/bin/../lib/gcc/arm-none-eabi/4.8.4/armv7e-m/fpu/libgcc.a(_arm_cmpdf2.o)
                              ./utilities/fsl_debug_console.o (__aeabi_dcmpeq)
/Applications/KDS_3.0.0.app/Contents/toolchain/bin/../lib/gcc/arm-none-eabi/4.8.4/armv7e-m/fpu/libgcc.a(_arm_fixdfsi.o)
                              ./utilities/fsl_debug_console.o (__aeabi_d2iz)
[...]
Memory Configuration

Name             Origin             Length             Attributes
m_interrupts     0x0000000000000000 0x0000000000000400 xr
m_flash_config   0x0000000000000400 0x0000000000000010 xr
m_text           0x0000000000000410 0x00000000000ffbf0 xr
m_data           0x000000001fff0000 0x0000000000010000 rw
m_data_2         0x0000000020000000 0x0000000000030000 rw
*default*        0x0000000000000000 0xffffffffffffffff

Linker script and memory map

LOAD /Applications/KDS_3.0.0.app/Contents/toolchain/bin/../lib/gcc/arm-none-eabi/4.8.4/armv7e-m/fpu/crti.o
LOAD /Applications/KDS_3.0.0.app/Contents/toolchain/bin/../lib/gcc/arm-none-eabi/4.8.4/armv7e-m/fpu/crtbegin.o
LOAD /Applications/KDS_3.0.0.app/Contents/toolchain/bin/../lib/gcc/arm-none-eabi/4.8.4/../../../../arm-none-eabi/lib/armv7e-m/fpu/crt0.o
LOAD ./utilities/fsl_debug_console.o
LOAD ./startup/startup_MK64F12.o
LOAD ./startup/system_MK64F12.o
LOAD ./source/main.o
LOAD ./lwip_1.4.1/src/netif/ppp/auth.o
LOAD ./lwip_1.4.1/src/netif/ppp/chap.o
LOAD ./lwip_1.4.1/src/netif/ppp/chpms.o
LOAD ./lwip_1.4.1/src/netif/ppp/fsm.o
LOAD ./lwip_1.4.1/src/netif/ppp/ipcp.o
LOAD ./lwip_1.4.1/src/netif/ppp/lcp.o
LOAD ./lwip_1.4.1/src/netif/ppp/magic.o
LOAD ./lwip_1.4.1/src/netif/ppp/md5.o
LOAD ./lwip_1.4.1/src/netif/ppp/pap.o
LOAD ./lwip_1.4.1/src/netif/ppp/ppp.o
LOAD ./lwip_1.4.1/src/netif/ppp/ppp_md5.o
LOAD ./lwip_1.4.1/src/netif/ppp/ppp_oe.o
LOAD ./lwip_1.4.1/src/netif/ppp/randm.o
LOAD ./lwip_1.4.1/src/netif/ppp/vj.o
LOAD ./lwip_1.4.1/src/netif/etharp.o
LOAD ./lwip_1.4.1/src/netif/slipif.o
LOAD ./lwip_1.4.1/src/core/snmp/asn1_dec.o
LOAD ./lwip_1.4.1/src/core/snmp/asn1_enc.o
LOAD ./lwip_1.4.1/src/core/snmp/mib2.o
LOAD ./lwip_1.4.1/src/core/snmp/mib_structs.o
LOAD ./lwip_1.4.1/src/core/snmp/msg_in.o
LOAD ./lwip_1.4.1/src/core/snmp/msg_out.o
LOAD ./lwip_1.4.1/src/core/ipv4/autoip.o
LOAD ./lwip_1.4.1/src/core/ipv4/icmp.o
LOAD ./lwip_1.4.1/src/core/ipv4/igmp.o
LOAD ./lwip_1.4.1/src/core/ipv4/inet.o
LOAD ./lwip_1.4.1/src/core/ipv4/inet_chksum.o
LOAD ./lwip_1.4.1/src/core/ipv4/ip.o
LOAD ./lwip_1.4.1/src/core/ipv4/ip_addr.o
LOAD ./lwip_1.4.1/src/core/ipv4/ip_frag.o
LOAD ./lwip_1.4.1/src/core/def.o
LOAD ./lwip_1.4.1/src/core/dhcp.o
LOAD ./lwip_1.4.1/src/core/dns.o
LOAD ./lwip_1.4.1/src/core/init.o
LOAD ./lwip_1.4.1/src/core/lwip_timers.o
LOAD ./lwip_1.4.1/src/core/mem.o
LOAD ./lwip_1.4.1/src/core/memp.o
LOAD ./lwip_1.4.1/src/core/netif.o
LOAD ./lwip_1.4.1/src/core/pbuf.o
LOAD ./lwip_1.4.1/src/core/raw.o
LOAD ./lwip_1.4.1/src/core/stats.o
LOAD ./lwip_1.4.1/src/core/sys.o
LOAD ./lwip_1.4.1/src/core/tcp.o
LOAD ./lwip_1.4.1/src/core/tcp_in.o
LOAD ./lwip_1.4.1/src/core/tcp_out.o
LOAD ./lwip_1.4.1/src/core/udp.o
LOAD ./lwip_1.4.1/src/api/api_lib.o
LOAD ./lwip_1.4.1/src/api/api_msg.o
LOAD ./lwip_1.4.1/src/api/err.o
LOAD ./lwip_1.4.1/src/api/netbuf.o
LOAD ./lwip_1.4.1/src/api/netdb.o
LOAD ./lwip_1.4.1/src/api/netifapi.o
LOAD ./lwip_1.4.1/src/api/sockets.o
LOAD ./lwip_1.4.1/src/api/tcpip.o
LOAD ./lwip_1.4.1/port/ethernetif.o
LOAD ./lwip_1.4.1/port/fsl_phy.o
LOAD ./lwip_1.4.1/port/sys_arch.o
LOAD ./freertos/Source/portable/MemMang/heap_4.o
LOAD ./freertos/Source/portable/GCC/ARM_CM4F/port.o
LOAD ./freertos/Source/croutine.o
LOAD ./freertos/Source/event_groups.o
LOAD ./freertos/Source/list.o
LOAD ./freertos/Source/queue.o
LOAD ./freertos/Source/tasks.o
LOAD ./freertos/Source/timers.o
LOAD ./drivers/fsl_clock.o
LOAD ./drivers/fsl_common.o
LOAD ./drivers/fsl_enet.o
LOAD ./drivers/fsl_gpio.o
LOAD ./drivers/fsl_smc.o
LOAD ./drivers/fsl_uart.o
LOAD ./board/board.o
LOAD ./board/clock_config.o
LOAD ./board/pin_mux.o
LOAD /Applications/KDS_3.0.0.app/Contents/toolchain/bin/../lib/gcc/arm-none-eabi/4.8.4/../../../../arm-none-eabi/lib/armv7e-m/fpu/libstdc++_s.a
LOAD /Applications/KDS_3.0.0.app/Contents/toolchain/bin/../lib/gcc/arm-none-eabi/4.8.4/../../../../arm-none-eabi/lib/armv7e-m/fpu/libm.a
START GROUP
LOAD /Applications/KDS_3.0.0.app/Contents/toolchain/bin/../lib/gcc/arm-none-eabi/4.8.4/armv7e-m/fpu/libgcc.a
LOAD /Applications/KDS_3.0.0.app/Contents/toolchain/bin/../lib/gcc/arm-none-eabi/4.8.4/../../../../arm-none-eabi/lib/armv7e-m/fpu/libg_s.a
LOAD /Applications/KDS_3.0.0.app/Contents/toolchain/bin/../lib/gcc/arm-none-eabi/4.8.4/../../../../arm-none-eabi/lib/armv7e-m/fpu/libc_s.a
END GROUP
START GROUP
LOAD /Applications/KDS_3.0.0.app/Contents/toolchain/bin/../lib/gcc/arm-none-eabi/4.8.4/armv7e-m/fpu/libgcc.a
LOAD /Applications/KDS_3.0.0.app/Contents/toolchain/bin/../lib/gcc/arm-none-eabi/4.8.4/../../../../arm-none-eabi/lib/armv7e-m/fpu/libc_s.a
LOAD /Applications/KDS_3.0.0.app/Contents/toolchain/bin/../lib/gcc/arm-none-eabi/4.8.4/../../../../arm-none-eabi/lib/armv7e-m/fpu/libnosys.a
END GROUP
START GROUP
LOAD /Applications/KDS_3.0.0.app/Contents/toolchain/bin/../lib/gcc/arm-none-eabi/4.8.4/armv7e-m/fpu/libgcc.a
LOAD /Applications/KDS_3.0.0.app/Contents/toolchain/bin/../lib/gcc/arm-none-eabi/4.8.4/../../../../arm-none-eabi/lib/armv7e-m/fpu/libc_s.a
LOAD /Applications/KDS_3.0.0.app/Contents/toolchain/bin/../lib/gcc/arm-none-eabi/4.8.4/../../../../arm-none-eabi/lib/armv7e-m/fpu/libnosys.a
END GROUP
LOAD /Applications/KDS_3.0.0.app/Contents/toolchain/bin/../lib/gcc/arm-none-eabi/4.8.4/armv7e-m/fpu/crtend.o
LOAD /Applications/KDS_3.0.0.app/Contents/toolchain/bin/../lib/gcc/arm-none-eabi/4.8.4/armv7e-m/fpu/crtn.o
                0x0000000000000400                HEAP_SIZE = DEFINED (__heap_size__)?__heap_size__:0x400
                0x0000000000000400                STACK_SIZE = DEFINED (__stack_size__)?__stack_size__:0x400
                0x0000000000000000                M_VECTOR_RAM_SIZE = DEFINED (__ram_vector_table__)?0x400:0x0

.interrupts     0x0000000000000000      0x400
                0x0000000000000000                __VECTOR_TABLE = .
                0x0000000000000000                . = ALIGN (0x4)
 *(.isr_vector)
 .isr_vector    0x0000000000000000      0x400 ./startup/startup_MK64F12.o
                0x0000000000000000                __isr_vector
                0x0000000000000400                . = ALIGN (0x4)

.flash_config   0x0000000000000400       0x10
                0x0000000000000400                . = ALIGN (0x4)
 *(.FlashConfig)
 .FlashConfig   0x0000000000000400       0x10 ./startup/startup_MK64F12.o
                0x0000000000000410                . = ALIGN (0x4)

.text           0x0000000000000410    0x17054
                0x0000000000000410                . = ALIGN (0x4)
 *(.text)
 .text          0x0000000000000410       0x54 /Applications/KDS_3.0.0.app/Contents/toolchain/bin/../lib/gcc/arm-none-eabi/4.8.4/armv7e-m/fpu/crtbegin.o
 .text          0x0000000000000464       0x74 /Applications/KDS_3.0.0.app/Contents/toolchain/bin/../lib/gcc/arm-none-eabi/4.8.4/../../../../arm-none-eabi/lib/armv7e-m/fpu/crt0.o
                0x0000000000000464                _mainCRTStartup
                0x0000000000000464                _start
 .text          0x00000000000004d8      0x1e4 ./startup/startup_MK64F12.o
                0x00000000000004d8                Reset_Handler
                0x000000000000051c                DebugMon_Handler
                0x000000000000051c                PORTC_IRQHandler
                0x000000000000051c                DMA0_DriverIRQHandler
                0x000000000000051c                DMA12_DriverIRQHandler
                0x000000000000051c                SPI1_DriverIRQHandler
                0x000000000000051c                DMA_Error_DriverIRQHandler
                0x000000000000051c                CMP0_IRQHandler
                0x000000000000051c                FTFE_IRQHandler
                0x000000000000051c                UART0_LON_DriverIRQHandler
                0x000000000000051c                I2C1_DriverIRQHandler
                0x000000000000051c                DMA1_DriverIRQHandler
                0x000000000000051c                DMA7_DriverIRQHandler
                0x000000000000051c                I2C0_DriverIRQHandler
                0x000000000000051c                ENET_Transmit_DriverIRQHandler
                0x000000000000051c                DMA2_DriverIRQHandler
                0x000000000000051c                SDHC_DriverIRQHandler
                0x000000000000051c                PIT0_IRQHandler
                0x000000000000051c                UART1_ERR_DriverIRQHandler
                0x000000000000051c                CMP2_IRQHandler
                0x000000000000051c                LLWU_IRQHandler
                0x000000000000051c                I2S0_Tx_DriverIRQHandler
                0x000000000000051c                DMA6_DriverIRQHandler
                0x000000000000051c                BusFault_Handler
                0x000000000000051c                ENET_1588_Timer_DriverIRQHandler
                0x000000000000051c                I2C2_DriverIRQHandler
                0x000000000000051c                SWI_IRQHandler
                0x000000000000051c                ADC0_IRQHandler
                0x000000000000051c                UsageFault_Handler
                0x000000000000051c                LPTMR0_IRQHandler
                0x000000000000051c                CMT_IRQHandler
                0x000000000000051c                FTM2_IRQHandler
                0x000000000000051c                PORTE_IRQHandler
                0x000000000000051c                DefaultISR
                0x000000000000051c                FTM3_IRQHandler
                0x000000000000051c                UART5_ERR_DriverIRQHandler
                0x000000000000051c                CAN0_DriverIRQHandler
                0x000000000000051c                DMA11_DriverIRQHandler
                0x000000000000051c                CMP1_IRQHandler
                0x000000000000051c                Reserved71_IRQHandler
                0x000000000000051c                PORTD_IRQHandler
                0x000000000000051c                PORTB_IRQHandler
                0x000000000000051c                DMA10_DriverIRQHandler
                0x000000000000051c                MCM_IRQHandler
                0x000000000000051c                UART2_ERR_DriverIRQHandler
                0x000000000000051c                SPI2_DriverIRQHandler
                0x000000000000051c                ADC1_IRQHandler
                0x000000000000051c                DMA5_DriverIRQHandler
                0x000000000000051c                DMA4_DriverIRQHandler
                0x000000000000051c                DAC1_IRQHandler
                0x000000000000051c                PIT2_IRQHandler
                0x000000000000051c                PORTA_IRQHandler
                0x000000000000051c                FTM0_IRQHandler
                0x000000000000051c                RTC_IRQHandler
                0x000000000000051c                UART3_ERR_DriverIRQHandler
                0x000000000000051c                PDB0_IRQHandler
                0x000000000000051c                FTM1_IRQHandler
                0x000000000000051c                LVD_LVW_IRQHandler
                0x000000000000051c                PIT1_IRQHandler
                0x000000000000051c                DMA3_DriverIRQHandler
                0x000000000000051c                PIT3_IRQHandler
                0x000000000000051c                SPI0_DriverIRQHandler
                0x000000000000051c                RTC_Seconds_IRQHandler
                0x000000000000051c                MCG_IRQHandler
                0x000000000000051c                RNG_IRQHandler
                0x000000000000051c                DMA9_DriverIRQHandler
                0x000000000000051c                DMA8_DriverIRQHandler
                0x000000000000051c                UART0_ERR_DriverIRQHandler
                0x000000000000051c                DMA15_DriverIRQHandler
                0x000000000000051c                ENET_Error_DriverIRQHandler
                0x000000000000051c                DMA13_DriverIRQHandler
                0x000000000000051c                Read_Collision_IRQHandler
                0x000000000000051c                DMA14_DriverIRQHandler
                0x000000000000051c                DAC0_IRQHandler
                0x000000000000051c                USBDCD_IRQHandler
                0x000000000000051c                I2S0_Rx_DriverIRQHandler
                0x000000000000051c                USB0_IRQHandler
                0x000000000000051c                ENET_Receive_DriverIRQHandler
                0x000000000000051c                UART4_ERR_DriverIRQHandler
                0x000000000000051c                WDOG_EWM_IRQHandler
                0x000000000000051c                MemManage_Handler
                0x0000000000000520                NMI_Handler
                0x0000000000000524                HardFault_Handler
                0x0000000000000534                DMA0_IRQHandler
                0x0000000000000538                DMA1_IRQHandler
                0x000000000000053c                DMA2_IRQHandler
                0x0000000000000540                DMA3_IRQHandler
                0x0000000000000544                DMA4_IRQHandler
                0x0000000000000548                DMA5_IRQHandler
                0x000000000000054c                DMA6_IRQHandler
                0x0000000000000550                DMA7_IRQHandler
                0x0000000000000554                DMA8_IRQHandler
                0x0000000000000558                DMA9_IRQHandler
                0x000000000000055c                DMA10_IRQHandler
                0x0000000000000560                DMA11_IRQHandler
                0x0000000000000564                DMA12_IRQHandler
                0x0000000000000568                DMA13_IRQHandler
                0x000000000000056c                DMA14_IRQHandler
                0x0000000000000570                DMA15_IRQHandler
                0x0000000000000574                DMA_Error_IRQHandler
                0x0000000000000578                I2C0_IRQHandler
                0x000000000000057c                I2C1_IRQHandler
                0x0000000000000580                SPI0_IRQHandler
                0x0000000000000584                SPI1_IRQHandler
                0x0000000000000588                I2S0_Tx_IRQHandler
                0x000000000000058c                I2S0_Rx_IRQHandler
                0x0000000000000590                UART0_LON_IRQHandler
                0x0000000000000594                UART0_RX_TX_IRQHandler
                0x0000000000000598                UART0_ERR_IRQHandler
                0x000000000000059c                UART1_RX_TX_IRQHandler
                0x00000000000005a0                UART1_ERR_IRQHandler
                0x00000000000005a4                UART2_RX_TX_IRQHandler
                0x00000000000005a8                UART2_ERR_IRQHandler
                0x00000000000005ac                UART3_RX_TX_IRQHandler
                0x00000000000005b0                UART3_ERR_IRQHandler
                0x00000000000005b4                SPI2_IRQHandler
                0x00000000000005b8                UART4_RX_TX_IRQHandler
                0x00000000000005bc                UART4_ERR_IRQHandler
                0x00000000000005c0                UART5_RX_TX_IRQHandler
                0x00000000000005c4                UART5_ERR_IRQHandler
                0x00000000000005c8                I2C2_IRQHandler
                0x00000000000005cc                CAN0_ORed_Message_buffer_IRQHandler
                0x00000000000005d0                CAN0_Bus_Off_IRQHandler
                0x00000000000005d4                CAN0_Error_IRQHandler
                0x00000000000005d8                CAN0_Tx_Warning_IRQHandler
                0x00000000000005dc                CAN0_Rx_Warning_IRQHandler
                0x00000000000005e0                CAN0_Wake_Up_IRQHandler
                0x00000000000005e4                SDHC_IRQHandler
 .text          0x00000000000006bc      0x370 /Applications/KDS_3.0.0.app/Contents/toolchain/bin/../lib/gcc/arm-none-eabi/4.8.4/armv7e-m/fpu/libgcc.a(_arm_addsubdf3.o)
                0x00000000000006bc                __aeabi_drsub
                0x00000000000006c4                __subdf3
                0x00000000000006c4                __aeabi_dsub
                0x00000000000006c8                __aeabi_dadd
                0x00000000000006c8                __adddf3
                0x0000000000000940                __aeabi_ui2d
                0x0000000000000940                __floatunsidf
                0x0000000000000960                __floatsidf
                0x0000000000000960                __aeabi_i2d
                0x0000000000000984                __extendsfdf2
                0x0000000000000984                __aeabi_f2d
                0x00000000000009c0                __aeabi_ul2d
                0x00000000000009c0                __floatundidf
                0x00000000000009d0                __aeabi_l2d
                0x00000000000009d0                __floatdidf
 .text          0x0000000000000a2c      0x424 /Applications/KDS_3.0.0.app/Contents/toolchain/bin/../lib/gcc/arm-none-eabi/4.8.4/armv7e-m/fpu/libgcc.a(_arm_muldivdf3.o)
                0x0000000000000a2c                __aeabi_dmul
                0x0000000000000a2c                __muldf3
                0x0000000000000c80                __aeabi_ddiv
                0x0000000000000c80                __divdf3
 .text          0x0000000000000e50      0x110 /Applications/KDS_3.0.0.app/Contents/toolchain/bin/../lib/gcc/arm-none-eabi/4.8.4/armv7e-m/fpu/libgcc.a(_arm_cmpdf2.o)
                0x0000000000000e50                __gtdf2
                0x0000000000000e50                __gedf2
                0x0000000000000e58                __ltdf2
                0x0000000000000e58                __ledf2
                0x0000000000000e60                __eqdf2
                0x0000000000000e60                __nedf2
                0x0000000000000e60                __cmpdf2
                0x0000000000000edc                __aeabi_cdrcmple
                0x0000000000000eec                __aeabi_cdcmple
                0x0000000000000eec                __aeabi_cdcmpeq
                0x0000000000000efc                __aeabi_dcmpeq
                0x0000000000000f10                __aeabi_dcmplt
                0x0000000000000f24                __aeabi_dcmple
                0x0000000000000f38                __aeabi_dcmpge
                0x0000000000000f4c                __aeabi_dcmpgt
 .text          0x0000000000000f60       0x50 /Applications/KDS_3.0.0.app/Contents/toolchain/bin/../lib/gcc/arm-none-eabi/4.8.4/armv7e-m/fpu/libgcc.a(_arm_fixdfsi.o)
                0x0000000000000f60                __fixdfsi
                0x0000000000000f60                __aeabi_d2iz
 .text          0x0000000000000fb0       0x38 /Applications/KDS_3.0.0.app/Contents/toolchain/bin/../lib/gcc/arm-none-eabi/4.8.4/armv7e-m/fpu/libgcc.a(_aeabi_ldivmod.o)
                0x0000000000000fb0                __aeabi_ldivmod
 .text          0x0000000000000fe8       0x2c /Applications/KDS_3.0.0.app/Contents/toolchain/bin/../lib/gcc/arm-none-eabi/4.8.4/armv7e-m/fpu/libgcc.a(_aeabi_uldivmod.o)
                0x0000000000000fe8                __aeabi_uldivmod
 .text          0x0000000000001014       0x30 /Applications/KDS_3.0.0.app/Contents/toolchain/bin/../lib/gcc/arm-none-eabi/4.8.4/armv7e-m/fpu/libgcc.a(_fixdfdi.o)
                0x0000000000001014                __aeabi_d2lz
                0x0000000000001014                __fixdfdi
 .text          0x0000000000001044       0x44 /Applications/KDS_3.0.0.app/Contents/toolchain/bin/../lib/gcc/arm-none-eabi/4.8.4/armv7e-m/fpu/libgcc.a(_fixunsdfdi.o)
                0x0000000000001044                __aeabi_d2ulz
                0x0000000000001044                __fixunsdfdi
 .text          0x0000000000001088       0x60 /Applications/KDS_3.0.0.app/Contents/toolchain/bin/../lib/gcc/arm-none-eabi/4.8.4/armv7e-m/fpu/libgcc.a(bpabi.o)
                0x0000000000001088                __gnu_ldivmod_helper
                0x00000000000010b8                __gnu_uldivmod_helper
 .text          0x00000000000010e8        0x4 /Applications/KDS_3.0.0.app/Contents/toolchain/bin/../lib/gcc/arm-none-eabi/4.8.4/armv7e-m/fpu/libgcc.a(_dvmd_tls.o)
                0x00000000000010e8                __aeabi_ldiv0
                0x00000000000010e8                __aeabi_idiv0
 .text          0x00000000000010ec       0x40 /Applications/KDS_3.0.0.app/Contents/toolchain/bin/../lib/gcc/arm-none-eabi/4.8.4/armv7e-m/fpu/libgcc.a(_arm_fixunsdfsi.o)
                0x00000000000010ec                __fixunsdfsi
                0x00000000000010ec                __aeabi_d2uiz
 .text          0x000000000000112c      0x298 /Applications/KDS_3.0.0.app/Contents/toolchain/bin/../lib/gcc/arm-none-eabi/4.8.4/armv7e-m/fpu/libgcc.a(_divdi3.o)
                0x000000000000112c                __divdi3
 .text          0x00000000000013c4      0x284 /Applications/KDS_3.0.0.app/Contents/toolchain/bin/../lib/gcc/arm-none-eabi/4.8.4/armv7e-m/fpu/libgcc.a(_udivdi3.o)
                0x00000000000013c4                __udivdi3
 *(.text*)
 .text.UART_EnableTx
                0x0000000000001648       0x40 ./utilities/fsl_debug_console.o
 .text.UART_EnableRx
                0x0000000000001688       0x40 ./utilities/fsl_debug_console.o
 .text.DbgConsole_Init
                0x00000000000016c8       0x90 ./utilities/fsl_debug_console.o
                0x00000000000016c8                DbgConsole_Init
 .text.DbgConsole_Printf
                0x0000000000001758       0x40 ./utilities/fsl_debug_console.o
                0x0000000000001758                DbgConsole_Printf
 .text.DbgConsole_Putchar
                0x0000000000001798       0x38 ./utilities/fsl_debug_console.o
                0x0000000000001798                DbgConsole_Putchar
 .text.DbgConsole_PrintfPaddingCharacter
                0x00000000000017d0       0x40 ./utilities/fsl_debug_console.o
 .text.DbgConsole_ConvertRadixNumToString
                0x0000000000001810      0x1d8 ./utilities/fsl_debug_console.o
 .text.DbgConsole_ConvertFloatRadixNumToString
                0x00000000000019e8      0x2b8 ./utilities/fsl_debug_console.o
 .text.DbgConsole_PrintfFormattedData
                0x0000000000001ca0      0x8a0 ./utilities/fsl_debug_console.o
 .text._write   0x0000000000002540       0x58 ./utilities/fsl_debug_console.o
                0x0000000000002540                _write
 .text._read    0x0000000000002598       0x44 ./utilities/fsl_debug_console.o
                0x0000000000002598                _read
 .text.SystemInit
                0x00000000000025dc       0x3c ./startup/system_MK64F12.o
                0x00000000000025dc                SystemInit
 .text.hello_task
                0x0000000000002618       0x10 ./source/main.o
 .text.main     0x0000000000002628      0x1c4 ./source/main.o
                0x0000000000002628                main
 .text.etharp_free_entry
                0x00000000000027ec      0x114 ./lwip_1.4.1/src/netif/etharp.o
 .text.etharp_find_entry
                0x0000000000002900      0x258 ./lwip_1.4.1/src/netif/etharp.o
 .text.etharp_send_ip
                0x0000000000002b58       0x64 ./lwip_1.4.1/src/netif/etharp.o
 .text.etharp_update_arp_entry
                0x0000000000002bbc      0x134 ./lwip_1.4.1/src/netif/etharp.o
 .text.etharp_cleanup_netif
                0x0000000000002cf0       0x60 ./lwip_1.4.1/src/netif/etharp.o
                0x0000000000002cf0                etharp_cleanup_netif
 .text.etharp_arp_input
                0x0000000000002d50      0x1b8 ./lwip_1.4.1/src/netif/etharp.o
 .text.etharp_output_to_arp_index
                0x0000000000002f08       0xc0 ./lwip_1.4.1/src/netif/etharp.o
 .text.etharp_output
                0x0000000000002fc8      0x1bc ./lwip_1.4.1/src/netif/etharp.o
                0x0000000000002fc8                etharp_output
 .text.etharp_query
                0x0000000000003184      0x25c ./lwip_1.4.1/src/netif/etharp.o
                0x0000000000003184                etharp_query
 .text.etharp_raw
                0x00000000000033e0      0x12c ./lwip_1.4.1/src/netif/etharp.o
 .text.etharp_request
                0x000000000000350c       0x44 ./lwip_1.4.1/src/netif/etharp.o
                0x000000000000350c                etharp_request
 .text.ethernet_input
                0x0000000000003550      0x104 ./lwip_1.4.1/src/netif/etharp.o
                0x0000000000003550                ethernet_input
 .text.icmp_input
                0x0000000000003654      0x248 ./lwip_1.4.1/src/core/ipv4/icmp.o
                0x0000000000003654                icmp_input
 .text.icmp_dest_unreach
                0x000000000000389c       0x20 ./lwip_1.4.1/src/core/ipv4/icmp.o
                0x000000000000389c                icmp_dest_unreach
 .text.icmp_time_exceeded
                0x00000000000038bc       0x20 ./lwip_1.4.1/src/core/ipv4/icmp.o
                0x00000000000038bc                icmp_time_exceeded
 .text.icmp_send_response
                0x00000000000038dc       0xc0 ./lwip_1.4.1/src/core/ipv4/icmp.o
 .text.lwip_standard_chksum
                0x000000000000399c       0xb8 ./lwip_1.4.1/src/core/ipv4/inet_chksum.o
 .text.inet_chksum_pseudo
                0x0000000000003a54      0x10c ./lwip_1.4.1/src/core/ipv4/inet_chksum.o
                0x0000000000003a54                inet_chksum_pseudo
 .text.inet_chksum
                0x0000000000003b60       0x24 ./lwip_1.4.1/src/core/ipv4/inet_chksum.o
                0x0000000000003b60                inet_chksum
 .text.inet_chksum_pbuf
                0x0000000000003b84       0x98 ./lwip_1.4.1/src/core/ipv4/inet_chksum.o
                0x0000000000003b84                inet_chksum_pbuf
 .text.ip_route
                0x0000000000003c1c       0x78 ./lwip_1.4.1/src/core/ipv4/ip.o
                0x0000000000003c1c                ip_route
 .text.ip_input
                0x0000000000003c94      0x268 ./lwip_1.4.1/src/core/ipv4/ip.o
                0x0000000000003c94                ip_input
 .text.ip_output_if
                0x0000000000003efc      0x1c4 ./lwip_1.4.1/src/core/ipv4/ip.o
                0x0000000000003efc                ip_output_if
 .text.ip_output
                0x00000000000040c0       0x5c ./lwip_1.4.1/src/core/ipv4/ip.o
                0x00000000000040c0                ip_output
 .text.ip4_addr_isbroadcast
                0x000000000000411c       0x78 ./lwip_1.4.1/src/core/ipv4/ip_addr.o
                0x000000000000411c                ip4_addr_isbroadcast
 .text.ipaddr_ntoa
                0x0000000000004194       0x20 ./lwip_1.4.1/src/core/ipv4/ip_addr.o
                0x0000000000004194                ipaddr_ntoa
 .text.ipaddr_ntoa_r
                0x00000000000041b4      0x104 ./lwip_1.4.1/src/core/ipv4/ip_addr.o
                0x00000000000041b4                ipaddr_ntoa_r
 .text.ip_reass_free_complete_datagram
                0x00000000000042b8      0x128 ./lwip_1.4.1/src/core/ipv4/ip_frag.o
 .text.ip_reass_remove_oldest_datagram
                0x00000000000043e0       0xb8 ./lwip_1.4.1/src/core/ipv4/ip_frag.o
 .text.ip_reass_enqueue_new_datagram
                0x0000000000004498       0x74 ./lwip_1.4.1/src/core/ipv4/ip_frag.o
 .text.ip_reass_dequeue_datagram
                0x000000000000450c       0x48 ./lwip_1.4.1/src/core/ipv4/ip_frag.o
 .text.ip_reass_chain_frag_into_datagram_and_validate
                0x0000000000004554      0x26c ./lwip_1.4.1/src/core/ipv4/ip_frag.o
 .text.ip_reass
                0x00000000000047c0      0x23c ./lwip_1.4.1/src/core/ipv4/ip_frag.o
                0x00000000000047c0                ip_reass
 .text.ip_frag_alloc_pbuf_custom_ref
                0x00000000000049fc       0x10 ./lwip_1.4.1/src/core/ipv4/ip_frag.o
 .text.ip_frag_free_pbuf_custom_ref
                0x0000000000004a0c       0x28 ./lwip_1.4.1/src/core/ipv4/ip_frag.o
 .text.ipfrag_free_pbuf_custom
                0x0000000000004a34       0x4c ./lwip_1.4.1/src/core/ipv4/ip_frag.o
 .text.ip_frag  0x0000000000004a80      0x20c ./lwip_1.4.1/src/core/ipv4/ip_frag.o
                0x0000000000004a80                ip_frag
 .text.lwip_htons
                0x0000000000004c8c       0x2c ./lwip_1.4.1/src/core/def.o
                0x0000000000004c8c                lwip_htons
 .text.lwip_ntohs
                0x0000000000004cb8       0x1c ./lwip_1.4.1/src/core/def.o
                0x0000000000004cb8                lwip_ntohs
 .text.lwip_htonl
                0x0000000000004cd4       0x34 ./lwip_1.4.1/src/core/def.o
                0x0000000000004cd4                lwip_htonl
 .text.lwip_ntohl
                0x0000000000004d08       0x18 ./lwip_1.4.1/src/core/def.o
                0x0000000000004d08                lwip_ntohl
 .text.dhcp_handle_nak
                0x0000000000004d20       0x44 ./lwip_1.4.1/src/core/dhcp.o
 .text.dhcp_check
                0x0000000000004d64       0x5c ./lwip_1.4.1/src/core/dhcp.o
 .text.dhcp_handle_offer
                0x0000000000004dc0       0x44 ./lwip_1.4.1/src/core/dhcp.o
 .text.dhcp_select
                0x0000000000004e04      0x138 ./lwip_1.4.1/src/core/dhcp.o
 .text.dhcp_handle_ack
                0x0000000000004f3c       0xb8 ./lwip_1.4.1/src/core/dhcp.o
 .text.dhcp_start
                0x0000000000004ff4      0x14c ./lwip_1.4.1/src/core/dhcp.o
                0x0000000000004ff4                dhcp_start
 .text.dhcp_arp_reply
                0x0000000000005140       0x48 ./lwip_1.4.1/src/core/dhcp.o
                0x0000000000005140                dhcp_arp_reply
 .text.dhcp_decline
                0x0000000000005188       0xc4 ./lwip_1.4.1/src/core/dhcp.o
 .text.dhcp_discover
                0x000000000000524c      0x104 ./lwip_1.4.1/src/core/dhcp.o
 .text.dhcp_bind
                0x0000000000005350      0x170 ./lwip_1.4.1/src/core/dhcp.o
 .text.dhcp_stop
                0x00000000000054c0       0x70 ./lwip_1.4.1/src/core/dhcp.o
                0x00000000000054c0                dhcp_stop
 .text.dhcp_set_state
                0x0000000000005530       0x34 ./lwip_1.4.1/src/core/dhcp.o
 .text.dhcp_option
                0x0000000000005564       0x60 ./lwip_1.4.1/src/core/dhcp.o
 .text.dhcp_option_byte
                0x00000000000055c4       0x3c ./lwip_1.4.1/src/core/dhcp.o
 .text.dhcp_option_short
                0x0000000000005600       0x60 ./lwip_1.4.1/src/core/dhcp.o
 .text.dhcp_option_long
                0x0000000000005660       0x9c ./lwip_1.4.1/src/core/dhcp.o
 .text.dhcp_parse_reply
                0x00000000000056fc      0x4b0 ./lwip_1.4.1/src/core/dhcp.o
 .text.dhcp_recv
                0x0000000000005bac      0x154 ./lwip_1.4.1/src/core/dhcp.o
 .text.dhcp_create_msg
                0x0000000000005d00      0x26c ./lwip_1.4.1/src/core/dhcp.o
 .text.dhcp_delete_msg
                0x0000000000005f6c       0x64 ./lwip_1.4.1/src/core/dhcp.o
 .text.dhcp_option_trailer
                0x0000000000005fd0       0x94 ./lwip_1.4.1/src/core/dhcp.o
 .text.tcpip_tcp_timer
                0x0000000000006064       0x44 ./lwip_1.4.1/src/core/lwip_timers.o
 .text.tcp_timer_needed
                0x00000000000060a8       0x40 ./lwip_1.4.1/src/core/lwip_timers.o
                0x00000000000060a8                tcp_timer_needed
 .text.sys_timeout
                0x00000000000060e8       0xf0 ./lwip_1.4.1/src/core/lwip_timers.o
                0x00000000000060e8                sys_timeout
 .text.plug_holes
                0x00000000000061d8      0x108 ./lwip_1.4.1/src/core/mem.o
 .text.mem_free
                0x00000000000062e0       0xb0 ./lwip_1.4.1/src/core/mem.o
                0x00000000000062e0                mem_free
 .text.mem_trim
                0x0000000000006390      0x1b0 ./lwip_1.4.1/src/core/mem.o
                0x0000000000006390                mem_trim
 .text.mem_malloc
                0x0000000000006540      0x1c4 ./lwip_1.4.1/src/core/mem.o
                0x0000000000006540                mem_malloc
 .text.memp_malloc
                0x0000000000006704       0x5c ./lwip_1.4.1/src/core/memp.o
                0x0000000000006704                memp_malloc
 .text.memp_free
                0x0000000000006760       0x4c ./lwip_1.4.1/src/core/memp.o
                0x0000000000006760                memp_free
 .text.netif_add
                0x00000000000067ac       0x98 ./lwip_1.4.1/src/core/netif.o
                0x00000000000067ac                netif_add
 .text.netif_set_addr
                0x0000000000006844       0x2c ./lwip_1.4.1/src/core/netif.o
                0x0000000000006844                netif_set_addr
 .text.netif_set_ipaddr
                0x0000000000006870       0xb0 ./lwip_1.4.1/src/core/netif.o
                0x0000000000006870                netif_set_ipaddr
 .text.netif_set_gw
                0x0000000000006920       0x28 ./lwip_1.4.1/src/core/netif.o
                0x0000000000006920                netif_set_gw
 .text.netif_set_netmask
                0x0000000000006948       0x28 ./lwip_1.4.1/src/core/netif.o
                0x0000000000006948                netif_set_netmask
 .text.netif_set_default
                0x0000000000006970       0x1c ./lwip_1.4.1/src/core/netif.o
                0x0000000000006970                netif_set_default
 .text.netif_set_up
                0x000000000000698c       0x58 ./lwip_1.4.1/src/core/netif.o
                0x000000000000698c                netif_set_up
 .text.netif_set_down
                0x00000000000069e4       0x44 ./lwip_1.4.1/src/core/netif.o
                0x00000000000069e4                netif_set_down
 .text.pbuf_alloc
                0x0000000000006a28      0x2b4 ./lwip_1.4.1/src/core/pbuf.o
                0x0000000000006a28                pbuf_alloc
 .text.pbuf_alloced_custom
                0x0000000000006cdc       0xbc ./lwip_1.4.1/src/core/pbuf.o
                0x0000000000006cdc                pbuf_alloced_custom
 .text.pbuf_realloc
                0x0000000000006d98      0x120 ./lwip_1.4.1/src/core/pbuf.o
                0x0000000000006d98                pbuf_realloc
 .text.pbuf_header
                0x0000000000006eb8      0x100 ./lwip_1.4.1/src/core/pbuf.o
                0x0000000000006eb8                pbuf_header
 .text.pbuf_free
                0x0000000000006fb8      0x100 ./lwip_1.4.1/src/core/pbuf.o
                0x0000000000006fb8                pbuf_free
 .text.pbuf_clen
                0x00000000000070b8       0x30 ./lwip_1.4.1/src/core/pbuf.o
                0x00000000000070b8                pbuf_clen
 .text.pbuf_ref
                0x00000000000070e8       0x24 ./lwip_1.4.1/src/core/pbuf.o
                0x00000000000070e8                pbuf_ref
 .text.pbuf_cat
                0x000000000000710c       0x8c ./lwip_1.4.1/src/core/pbuf.o
                0x000000000000710c                pbuf_cat
 .text.pbuf_chain
                0x0000000000007198       0x20 ./lwip_1.4.1/src/core/pbuf.o
                0x0000000000007198                pbuf_chain
 .text.pbuf_copy
                0x00000000000071b8      0x15c ./lwip_1.4.1/src/core/pbuf.o
                0x00000000000071b8                pbuf_copy
 .text.pbuf_copy_partial
                0x0000000000007314       0xd8 ./lwip_1.4.1/src/core/pbuf.o
                0x0000000000007314                pbuf_copy_partial
 .text.raw_input
                0x00000000000073ec       0xc0 ./lwip_1.4.1/src/core/raw.o
                0x00000000000073ec                raw_input
 .text.raw_bind
                0x00000000000074ac       0x2c ./lwip_1.4.1/src/core/raw.o
                0x00000000000074ac                raw_bind
 .text.raw_connect
                0x00000000000074d8       0x2c ./lwip_1.4.1/src/core/raw.o
                0x00000000000074d8                raw_connect
 .text.raw_recv
                0x0000000000007504       0x24 ./lwip_1.4.1/src/core/raw.o
                0x0000000000007504                raw_recv
 .text.raw_new  0x0000000000007528       0x4c ./lwip_1.4.1/src/core/raw.o
                0x0000000000007528                raw_new
 .text.tcp_tmr  0x0000000000007574       0x2c ./lwip_1.4.1/src/core/tcp.o
                0x0000000000007574                tcp_tmr
 .text.tcp_close_shutdown
                0x00000000000075a0      0x260 ./lwip_1.4.1/src/core/tcp.o
 .text.tcp_close
                0x0000000000007800       0x30 ./lwip_1.4.1/src/core/tcp.o
                0x0000000000007800                tcp_close
 .text.tcp_shutdown
                0x0000000000007830       0x8c ./lwip_1.4.1/src/core/tcp.o
                0x0000000000007830                tcp_shutdown
 .text.tcp_abandon
                0x00000000000078bc       0xcc ./lwip_1.4.1/src/core/tcp.o
                0x00000000000078bc                tcp_abandon
 .text.tcp_abort
                0x0000000000007988       0x18 ./lwip_1.4.1/src/core/tcp.o
                0x0000000000007988                tcp_abort
 .text.tcp_bind
                0x00000000000079a0       0xe8 ./lwip_1.4.1/src/core/tcp.o
                0x00000000000079a0                tcp_bind
 .text.tcp_update_rcv_ann_wnd
                0x0000000000007a88       0x90 ./lwip_1.4.1/src/core/tcp.o
                0x0000000000007a88                tcp_update_rcv_ann_wnd
 .text.tcp_recved
                0x0000000000007b18       0x88 ./lwip_1.4.1/src/core/tcp.o
                0x0000000000007b18                tcp_recved
 .text.tcp_new_port
                0x0000000000007ba0       0x8c ./lwip_1.4.1/src/core/tcp.o
 .text.tcp_connect
                0x0000000000007c2c      0x1c0 ./lwip_1.4.1/src/core/tcp.o
                0x0000000000007c2c                tcp_connect
 .text.tcp_slowtmr
                0x0000000000007dec      0x4c0 ./lwip_1.4.1/src/core/tcp.o
                0x0000000000007dec                tcp_slowtmr
 .text.tcp_fasttmr
                0x00000000000082ac       0xa0 ./lwip_1.4.1/src/core/tcp.o
                0x00000000000082ac                tcp_fasttmr
 .text.tcp_process_refused_data
                0x000000000000834c       0xc8 ./lwip_1.4.1/src/core/tcp.o
                0x000000000000834c                tcp_process_refused_data
 .text.tcp_segs_free
                0x0000000000008414       0x28 ./lwip_1.4.1/src/core/tcp.o
                0x0000000000008414                tcp_segs_free
 .text.tcp_seg_free
                0x000000000000843c       0x30 ./lwip_1.4.1/src/core/tcp.o
                0x000000000000843c                tcp_seg_free
 .text.tcp_recv_null
                0x000000000000846c       0x48 ./lwip_1.4.1/src/core/tcp.o
                0x000000000000846c                tcp_recv_null
 .text.tcp_kill_prio
                0x00000000000084b4       0x80 ./lwip_1.4.1/src/core/tcp.o
 .text.tcp_kill_timewait
                0x0000000000008534       0x5c ./lwip_1.4.1/src/core/tcp.o
 .text.tcp_alloc
                0x0000000000008590      0x114 ./lwip_1.4.1/src/core/tcp.o
                0x0000000000008590                tcp_alloc
 .text.tcp_new  0x00000000000086a4       0x10 ./lwip_1.4.1/src/core/tcp.o
                0x00000000000086a4                tcp_new
 .text.tcp_arg  0x00000000000086b4       0x1c ./lwip_1.4.1/src/core/tcp.o
                0x00000000000086b4                tcp_arg
 .text.tcp_recv
                0x00000000000086d0       0x28 ./lwip_1.4.1/src/core/tcp.o
                0x00000000000086d0                tcp_recv
 .text.tcp_sent
                0x00000000000086f8       0x28 ./lwip_1.4.1/src/core/tcp.o
                0x00000000000086f8                tcp_sent
 .text.tcp_err  0x0000000000008720       0x2c ./lwip_1.4.1/src/core/tcp.o
                0x0000000000008720                tcp_err
 .text.tcp_accept
                0x000000000000874c       0x1c ./lwip_1.4.1/src/core/tcp.o
                0x000000000000874c                tcp_accept
 .text.tcp_poll
                0x0000000000008768       0x38 ./lwip_1.4.1/src/core/tcp.o
                0x0000000000008768                tcp_poll
 .text.tcp_pcb_purge
                0x00000000000087a0       0x70 ./lwip_1.4.1/src/core/tcp.o
                0x00000000000087a0                tcp_pcb_purge
 .text.tcp_pcb_remove
                0x0000000000008810       0xcc ./lwip_1.4.1/src/core/tcp.o
                0x0000000000008810                tcp_pcb_remove
 .text.tcp_next_iss
                0x00000000000088dc       0x28 ./lwip_1.4.1/src/core/tcp.o
                0x00000000000088dc                tcp_next_iss
 .text.tcp_eff_send_mss
                0x0000000000008904       0x40 ./lwip_1.4.1/src/core/tcp.o
                0x0000000000008904                tcp_eff_send_mss
 .text.tcp_input
                0x0000000000008944      0x694 ./lwip_1.4.1/src/core/tcp_in.o
                0x0000000000008944                tcp_input
 .text.tcp_listen_input
                0x0000000000008fd8      0x198 ./lwip_1.4.1/src/core/tcp_in.o
 .text.tcp_timewait_input
                0x0000000000009170       0xdc ./lwip_1.4.1/src/core/tcp_in.o
 .text.tcp_process
                0x000000000000924c      0x6f4 ./lwip_1.4.1/src/core/tcp_in.o
 .text.tcp_receive
                0x0000000000009940      0x9dc ./lwip_1.4.1/src/core/tcp_in.o
 .text.tcp_parseopt
                0x000000000000a31c      0x100 ./lwip_1.4.1/src/core/tcp_in.o
 .text.tcp_output_alloc_header
                0x000000000000a41c       0xe8 ./lwip_1.4.1/src/core/tcp_out.o
 .text.tcp_send_fin
                0x000000000000a504       0x80 ./lwip_1.4.1/src/core/tcp_out.o
                0x000000000000a504                tcp_send_fin
 .text.tcp_create_segment
                0x000000000000a584      0x108 ./lwip_1.4.1/src/core/tcp_out.o
 .text.tcp_pbuf_prealloc
                0x000000000000a68c       0xb8 ./lwip_1.4.1/src/core/tcp_out.o
 .text.tcp_write_checks
                0x000000000000a744       0xd0 ./lwip_1.4.1/src/core/tcp_out.o
 .text.tcp_write
                0x000000000000a814      0x548 ./lwip_1.4.1/src/core/tcp_out.o
                0x000000000000a814                tcp_write
 .text.tcp_enqueue_flags
                0x000000000000ad5c      0x1ec ./lwip_1.4.1/src/core/tcp_out.o
                0x000000000000ad5c                tcp_enqueue_flags
 .text.tcp_send_empty_ack
                0x000000000000af48       0x94 ./lwip_1.4.1/src/core/tcp_out.o
                0x000000000000af48                tcp_send_empty_ack
 .text.tcp_output
                0x000000000000afdc      0x2cc ./lwip_1.4.1/src/core/tcp_out.o
                0x000000000000afdc                tcp_output
 .text.tcp_output_segment
                0x000000000000b2a8      0x170 ./lwip_1.4.1/src/core/tcp_out.o
 .text.tcp_rst  0x000000000000b418       0xe4 ./lwip_1.4.1/src/core/tcp_out.o
                0x000000000000b418                tcp_rst
 .text.tcp_rexmit_rto
                0x000000000000b4fc       0x60 ./lwip_1.4.1/src/core/tcp_out.o
                0x000000000000b4fc                tcp_rexmit_rto
 .text.tcp_rexmit
                0x000000000000b55c       0x94 ./lwip_1.4.1/src/core/tcp_out.o
                0x000000000000b55c                tcp_rexmit
 .text.tcp_rexmit_fast
                0x000000000000b5f0       0xa4 ./lwip_1.4.1/src/core/tcp_out.o
                0x000000000000b5f0                tcp_rexmit_fast
 .text.tcp_keepalive
                0x000000000000b694       0x74 ./lwip_1.4.1/src/core/tcp_out.o
                0x000000000000b694                tcp_keepalive
 .text.tcp_zero_window_probe
                0x000000000000b708      0x10c ./lwip_1.4.1/src/core/tcp_out.o
                0x000000000000b708                tcp_zero_window_probe
 .text.udp_new_port
                0x000000000000b814       0x74 ./lwip_1.4.1/src/core/udp.o
 .text.udp_input
                0x000000000000b888      0x2c0 ./lwip_1.4.1/src/core/udp.o
                0x000000000000b888                udp_input
 .text.udp_sendto_if
                0x000000000000bb48      0x174 ./lwip_1.4.1/src/core/udp.o
                0x000000000000bb48                udp_sendto_if
 .text.udp_bind
                0x000000000000bcbc       0xd0 ./lwip_1.4.1/src/core/udp.o
                0x000000000000bcbc                udp_bind
 .text.udp_connect
                0x000000000000bd8c       0x9c ./lwip_1.4.1/src/core/udp.o
                0x000000000000bd8c                udp_connect
 .text.udp_recv
                0x000000000000be28       0x24 ./lwip_1.4.1/src/core/udp.o
                0x000000000000be28                udp_recv
 .text.udp_remove
                0x000000000000be4c       0x60 ./lwip_1.4.1/src/core/udp.o
                0x000000000000be4c                udp_remove
 .text.udp_new  0x000000000000beac       0x30 ./lwip_1.4.1/src/core/udp.o
                0x000000000000beac                udp_new
 .text.netconn_new_with_proto_and_callback
                0x000000000000bedc       0xb4 ./lwip_1.4.1/src/api/api_lib.o
                0x000000000000bedc                netconn_new_with_proto_and_callback
 .text.netconn_bind
                0x000000000000bf90       0x68 ./lwip_1.4.1/src/api/api_lib.o
                0x000000000000bf90                netconn_bind
 .text.netconn_connect
                0x000000000000bff8       0x68 ./lwip_1.4.1/src/api/api_lib.o
                0x000000000000bff8                netconn_connect
 .text.recv_raw
                0x000000000000c060       0xd0 ./lwip_1.4.1/src/api/api_msg.o
 .text.recv_udp
                0x000000000000c130       0xd0 ./lwip_1.4.1/src/api/api_msg.o
 .text.recv_tcp
                0x000000000000c200       0xd0 ./lwip_1.4.1/src/api/api_msg.o
 .text.poll_tcp
                0x000000000000c2d0       0x9c ./lwip_1.4.1/src/api/api_msg.o
 .text.sent_tcp
                0x000000000000c36c       0x98 ./lwip_1.4.1/src/api/api_msg.o
 .text.err_tcp  0x000000000000c404      0x11c ./lwip_1.4.1/src/api/api_msg.o
 .text.setup_tcp
                0x000000000000c520       0x50 ./lwip_1.4.1/src/api/api_msg.o
 .text.pcb_new  0x000000000000c570       0xf8 ./lwip_1.4.1/src/api/api_msg.o
 .text.do_newconn
                0x000000000000c668       0x30 ./lwip_1.4.1/src/api/api_msg.o
                0x000000000000c668                do_newconn
 .text.netconn_alloc
                0x000000000000c698       0xa8 ./lwip_1.4.1/src/api/api_msg.o
                0x000000000000c698                netconn_alloc
 .text.do_close_internal
                0x000000000000c740      0x200 ./lwip_1.4.1/src/api/api_msg.o
 .text.do_bind  0x000000000000c940       0xbc ./lwip_1.4.1/src/api/api_msg.o
                0x000000000000c940                do_bind
 .text.do_connected
                0x000000000000c9fc       0xe8 ./lwip_1.4.1/src/api/api_msg.o
 .text.do_connect
                0x000000000000cae4      0x144 ./lwip_1.4.1/src/api/api_msg.o
                0x000000000000cae4                do_connect
 .text.do_writemore
                0x000000000000cc28      0x244 ./lwip_1.4.1/src/api/api_msg.o
 .text.lwip_strerr
                0x000000000000ce6c       0x28 ./lwip_1.4.1/src/api/err.o
                0x000000000000ce6c                lwip_strerr
 .text.netbuf_delete
                0x000000000000ce94       0x3c ./lwip_1.4.1/src/api/netbuf.o
                0x000000000000ce94                netbuf_delete
 .text.tcpip_apimsg
                0x000000000000ced0       0x50 ./lwip_1.4.1/src/api/tcpip.o
                0x000000000000ced0                tcpip_apimsg
 .text.NVIC_SetPriority
                0x000000000000cf20       0x54 ./lwip_1.4.1/port/ethernetif.o
 .text.ENET_ActiveRead
                0x000000000000cf74       0x1c ./lwip_1.4.1/port/ethernetif.o
 .text.ethernet_callback
                0x000000000000cf90       0x28 ./lwip_1.4.1/port/ethernetif.o
                0x000000000000cf90                ethernet_callback
 .text.low_level_init
                0x000000000000cfb8      0x148 ./lwip_1.4.1/port/ethernetif.o
                0x000000000000cfb8                low_level_init
 .text.low_level_output
                0x000000000000d100       0xec ./lwip_1.4.1/port/ethernetif.o
 .text.ethernetif_input
                0x000000000000d1ec      0x100 ./lwip_1.4.1/port/ethernetif.o
                0x000000000000d1ec                ethernetif_input
 .text.ethernetif_init
                0x000000000000d2ec       0x5c ./lwip_1.4.1/port/ethernetif.o
                0x000000000000d2ec                ethernetif_init
 .text.CLOCK_EnableClock
                0x000000000000d348       0x34 ./lwip_1.4.1/port/fsl_phy.o
 .text.ENET_ReadSMIData
                0x000000000000d37c       0x1c ./lwip_1.4.1/port/fsl_phy.o
 .text.ENET_GetInterruptStatus
                0x000000000000d398       0x18 ./lwip_1.4.1/port/fsl_phy.o
 .text.ENET_ClearInterruptStatus
                0x000000000000d3b0       0x1c ./lwip_1.4.1/port/fsl_phy.o
 .text.PHY_Init
                0x000000000000d3cc       0xc4 ./lwip_1.4.1/port/fsl_phy.o
                0x000000000000d3cc                PHY_Init
 .text.PHY_Write
                0x000000000000d490       0x70 ./lwip_1.4.1/port/fsl_phy.o
                0x000000000000d490                PHY_Write
 .text.PHY_Read
                0x000000000000d500       0x98 ./lwip_1.4.1/port/fsl_phy.o
                0x000000000000d500                PHY_Read
 .text.PHY_GetLinkStatus
                0x000000000000d598       0x68 ./lwip_1.4.1/port/fsl_phy.o
                0x000000000000d598                PHY_GetLinkStatus
 .text.PHY_GetLinkSpeedDuplex
                0x000000000000d600       0x98 ./lwip_1.4.1/port/fsl_phy.o
                0x000000000000d600                PHY_GetLinkSpeedDuplex
 .text.sys_assert
                0x000000000000d698       0x20 ./lwip_1.4.1/port/sys_arch.o
                0x000000000000d698                sys_assert
 .text.sys_mbox_new
                0x000000000000d6b8       0x38 ./lwip_1.4.1/port/sys_arch.o
                0x000000000000d6b8                sys_mbox_new
 .text.sys_mbox_free
                0x000000000000d6f0       0x40 ./lwip_1.4.1/port/sys_arch.o
                0x000000000000d6f0                sys_mbox_free
 .text.sys_mbox_post
                0x000000000000d730       0x2c ./lwip_1.4.1/port/sys_arch.o
                0x000000000000d730                sys_mbox_post
 .text.sys_mbox_trypost
                0x000000000000d75c       0x94 ./lwip_1.4.1/port/sys_arch.o
                0x000000000000d75c                sys_mbox_trypost
 .text.sys_sem_new
                0x000000000000d7f0       0x68 ./lwip_1.4.1/port/sys_arch.o
                0x000000000000d7f0                sys_sem_new
 .text.sys_arch_sem_wait
                0x000000000000d858       0x88 ./lwip_1.4.1/port/sys_arch.o
                0x000000000000d858                sys_arch_sem_wait
 .text.sys_mutex_lock
                0x000000000000d8e0       0x28 ./lwip_1.4.1/port/sys_arch.o
                0x000000000000d8e0                sys_mutex_lock
 .text.sys_mutex_unlock
                0x000000000000d908       0x20 ./lwip_1.4.1/port/sys_arch.o
                0x000000000000d908                sys_mutex_unlock
 .text.sys_sem_signal
                0x000000000000d928       0x20 ./lwip_1.4.1/port/sys_arch.o
                0x000000000000d928                sys_sem_signal
 .text.sys_sem_free
                0x000000000000d948       0x18 ./lwip_1.4.1/port/sys_arch.o
                0x000000000000d948                sys_sem_free
 .text.pvPortMalloc
                0x000000000000d960      0x184 ./freertos/Source/portable/MemMang/heap_4.o
                0x000000000000d960                pvPortMalloc
 .text.vPortFree
                0x000000000000dae4       0xb0 ./freertos/Source/portable/MemMang/heap_4.o
                0x000000000000dae4                vPortFree
 .text.prvHeapInit
                0x000000000000db94       0xc4 ./freertos/Source/portable/MemMang/heap_4.o
 .text.prvInsertBlockIntoFreeList
                0x000000000000dc58       0xb0 ./freertos/Source/portable/MemMang/heap_4.o
 .text.pxPortInitialiseStack
                0x000000000000dd08       0x64 ./freertos/Source/portable/GCC/ARM_CM4F/port.o
                0x000000000000dd08                pxPortInitialiseStack
 .text.prvTaskExitError
                0x000000000000dd6c       0x3c ./freertos/Source/portable/GCC/ARM_CM4F/port.o
 .text.SVC_Handler
                0x000000000000dda8       0x20 ./freertos/Source/portable/GCC/ARM_CM4F/port.o
                0x000000000000dda8                SVC_Handler
 .text.prvPortStartFirstTask
                0x000000000000ddc8       0x20 ./freertos/Source/portable/GCC/ARM_CM4F/port.o
 .text.xPortStartScheduler
                0x000000000000dde8      0x118 ./freertos/Source/portable/GCC/ARM_CM4F/port.o
                0x000000000000dde8                xPortStartScheduler
 .text.vPortEnterCritical
                0x000000000000df00       0x5c ./freertos/Source/portable/GCC/ARM_CM4F/port.o
                0x000000000000df00                vPortEnterCritical
 .text.vPortExitCritical
                0x000000000000df5c       0x4c ./freertos/Source/portable/GCC/ARM_CM4F/port.o
                0x000000000000df5c                vPortExitCritical
 .text.PendSV_Handler
                0x000000000000dfa8       0x60 ./freertos/Source/portable/GCC/ARM_CM4F/port.o
                0x000000000000dfa8                PendSV_Handler
 .text.SysTick_Handler
                0x000000000000e008       0x44 ./freertos/Source/portable/GCC/ARM_CM4F/port.o
                0x000000000000e008                SysTick_Handler
 .text.vPortSetupTimerInterrupt
                0x000000000000e04c       0x34 ./freertos/Source/portable/GCC/ARM_CM4F/port.o
                0x000000000000e04c                vPortSetupTimerInterrupt
 .text.vPortEnableVFP
                0x000000000000e080       0x14 ./freertos/Source/portable/GCC/ARM_CM4F/port.o
 .text.vPortValidateInterruptPriority
                0x000000000000e094       0x78 ./freertos/Source/portable/GCC/ARM_CM4F/port.o
                0x000000000000e094                vPortValidateInterruptPriority
 .text.vListInitialise
                0x000000000000e10c       0x40 ./freertos/Source/list.o
                0x000000000000e10c                vListInitialise
 .text.vListInitialiseItem
                0x000000000000e14c       0x18 ./freertos/Source/list.o
                0x000000000000e14c                vListInitialiseItem
 .text.vListInsertEnd
                0x000000000000e164       0x48 ./freertos/Source/list.o
                0x000000000000e164                vListInsertEnd
 .text.vListInsert
                0x000000000000e1ac       0x70 ./freertos/Source/list.o
                0x000000000000e1ac                vListInsert
 .text.uxListRemove
                0x000000000000e21c       0x54 ./freertos/Source/list.o
                0x000000000000e21c                uxListRemove
 .text.xQueueGenericReset
                0x000000000000e270       0xd0 ./freertos/Source/queue.o
                0x000000000000e270                xQueueGenericReset
 .text.xQueueGenericCreate
                0x000000000000e340       0xb4 ./freertos/Source/queue.o
                0x000000000000e340                xQueueGenericCreate
 .text.xQueueGenericSend
                0x000000000000e3f4      0x1ec ./freertos/Source/queue.o
                0x000000000000e3f4                xQueueGenericSend
 .text.xQueueGenericSendFromISR
                0x000000000000e5e0      0x118 ./freertos/Source/queue.o
                0x000000000000e5e0                xQueueGenericSendFromISR
 .text.xQueueGenericReceive
                0x000000000000e6f8      0x20c ./freertos/Source/queue.o
                0x000000000000e6f8                xQueueGenericReceive
 .text.uxQueueMessagesWaiting
                0x000000000000e904       0x3c ./freertos/Source/queue.o
                0x000000000000e904                uxQueueMessagesWaiting
 .text.vQueueDelete
                0x000000000000e940       0x38 ./freertos/Source/queue.o
                0x000000000000e940                vQueueDelete
 .text.prvCopyDataToQueue
                0x000000000000e978       0xdc ./freertos/Source/queue.o
 .text.prvCopyDataFromQueue
                0x000000000000ea54       0x4c ./freertos/Source/queue.o
 .text.prvUnlockQueue
                0x000000000000eaa0       0x98 ./freertos/Source/queue.o
 .text.prvIsQueueEmpty
                0x000000000000eb38       0x2c ./freertos/Source/queue.o
 .text.prvIsQueueFull
                0x000000000000eb64       0x30 ./freertos/Source/queue.o
 .text.xQueueIsQueueFullFromISR
                0x000000000000eb94       0x48 ./freertos/Source/queue.o
                0x000000000000eb94                xQueueIsQueueFullFromISR
 .text.vQueueAddToRegistry
                0x000000000000ebdc       0x50 ./freertos/Source/queue.o
                0x000000000000ebdc                vQueueAddToRegistry
 .text.vQueueUnregisterQueue
                0x000000000000ec2c       0x44 ./freertos/Source/queue.o
                0x000000000000ec2c                vQueueUnregisterQueue
 .text.vQueueWaitForMessageRestricted
                0x000000000000ec70       0x5c ./freertos/Source/queue.o
                0x000000000000ec70                vQueueWaitForMessageRestricted
 .text.xTaskGenericCreate
                0x000000000000eccc      0x1a0 ./freertos/Source/tasks.o
                0x000000000000eccc                xTaskGenericCreate
 .text.vTaskDelay
                0x000000000000ee6c       0xa4 ./freertos/Source/tasks.o
                0x000000000000ee6c                vTaskDelay
 .text.vTaskSuspend
                0x000000000000ef10      0x110 ./freertos/Source/tasks.o
                0x000000000000ef10                vTaskSuspend
 .text.vTaskStartScheduler
                0x000000000000f020       0x98 ./freertos/Source/tasks.o
                0x000000000000f020                vTaskStartScheduler
 .text.vTaskSuspendAll
                0x000000000000f0b8       0x1c ./freertos/Source/tasks.o
                0x000000000000f0b8                vTaskSuspendAll
 .text.xTaskResumeAll
                0x000000000000f0d4      0x128 ./freertos/Source/tasks.o
                0x000000000000f0d4                xTaskResumeAll
 .text.xTaskGetTickCount
                0x000000000000f1fc       0x20 ./freertos/Source/tasks.o
                0x000000000000f1fc                xTaskGetTickCount
 .text.xTaskIncrementTick
                0x000000000000f21c      0x15c ./freertos/Source/tasks.o
                0x000000000000f21c                xTaskIncrementTick
 .text.vTaskSwitchContext
                0x000000000000f378       0xb4 ./freertos/Source/tasks.o
                0x000000000000f378                vTaskSwitchContext
 .text.vTaskPlaceOnEventList
                0x000000000000f42c       0x9c ./freertos/Source/tasks.o
                0x000000000000f42c                vTaskPlaceOnEventList
 .text.vTaskPlaceOnEventListRestricted
                0x000000000000f4c8       0x9c ./freertos/Source/tasks.o
                0x000000000000f4c8                vTaskPlaceOnEventListRestricted
 .text.xTaskRemoveFromEventList
                0x000000000000f564       0xc4 ./freertos/Source/tasks.o
                0x000000000000f564                xTaskRemoveFromEventList
 .text.vTaskSetTimeOutState
                0x000000000000f628       0x44 ./freertos/Source/tasks.o
                0x000000000000f628                vTaskSetTimeOutState
 .text.xTaskCheckForTimeOut
                0x000000000000f66c       0xbc ./freertos/Source/tasks.o
                0x000000000000f66c                xTaskCheckForTimeOut
 .text.vTaskMissedYield
                0x000000000000f728       0x18 ./freertos/Source/tasks.o
                0x000000000000f728                vTaskMissedYield
 .text.prvIdleTask
                0x000000000000f740       0x30 ./freertos/Source/tasks.o
 .text.prvInitialiseTCBVariables
                0x000000000000f770       0xa4 ./freertos/Source/tasks.o
 .text.prvInitialiseTaskLists
                0x000000000000f814       0x7c ./freertos/Source/tasks.o
 .text.prvCheckTasksWaitingTermination
                0x000000000000f890       0x74 ./freertos/Source/tasks.o
 .text.prvAddCurrentTaskToDelayedList
                0x000000000000f904       0x6c ./freertos/Source/tasks.o
 .text.prvAllocateTCBAndStack
                0x000000000000f970       0x70 ./freertos/Source/tasks.o
 .text.prvDeleteTCB
                0x000000000000f9e0       0x20 ./freertos/Source/tasks.o
 .text.prvResetNextTaskUnblockTime
                0x000000000000fa00       0x48 ./freertos/Source/tasks.o
 .text.xTaskGetSchedulerState
                0x000000000000fa48       0x3c ./freertos/Source/tasks.o
                0x000000000000fa48                xTaskGetSchedulerState
 .text.vTaskPriorityInherit
                0x000000000000fa84       0xec ./freertos/Source/tasks.o
                0x000000000000fa84                vTaskPriorityInherit
 .text.xTaskPriorityDisinherit
                0x000000000000fb70      0x108 ./freertos/Source/tasks.o
                0x000000000000fb70                xTaskPriorityDisinherit
 .text.pvTaskIncrementMutexHeldCount
                0x000000000000fc78       0x28 ./freertos/Source/tasks.o
                0x000000000000fc78                pvTaskIncrementMutexHeldCount
 .text.xTimerCreateTimerTask
                0x000000000000fca0       0x64 ./freertos/Source/timers.o
                0x000000000000fca0                xTimerCreateTimerTask
 .text.xTimerGenericCommand
                0x000000000000fd04       0xa4 ./freertos/Source/timers.o
                0x000000000000fd04                xTimerGenericCommand
 .text.prvProcessExpiredTimer
                0x000000000000fda8       0x80 ./freertos/Source/timers.o
 .text.prvTimerTask
                0x000000000000fe28       0x24 ./freertos/Source/timers.o
 .text.prvProcessTimerOrBlockTask
                0x000000000000fe4c       0x9c ./freertos/Source/timers.o
 .text.prvGetNextExpireTime
                0x000000000000fee8       0x48 ./freertos/Source/timers.o
 .text.prvSampleTimeNow
                0x000000000000ff30       0x40 ./freertos/Source/timers.o
 .text.prvInsertTimerInActiveList
                0x000000000000ff70       0x84 ./freertos/Source/timers.o
 .text.prvProcessReceivedCommands
                0x000000000000fff4      0x12c ./freertos/Source/timers.o
 .text.prvSwitchTimerLists
                0x0000000000010120       0xc0 ./freertos/Source/timers.o
 .text.prvCheckForValidListAndQueue
                0x00000000000101e0       0x8c ./freertos/Source/timers.o
 .text.CLOCK_SetEr32kClock
                0x000000000001026c       0x2c ./drivers/fsl_clock.o
 .text.CLOCK_SetPllFllSelClock
                0x0000000000010298       0x38 ./drivers/fsl_clock.o
 .text.OSC_SetExtRefClkConfig
                0x00000000000102d0       0x34 ./drivers/fsl_clock.o
 .text.OSC_SetCapLoad
                0x0000000000010304       0x34 ./drivers/fsl_clock.o
 .text.CLOCK_GetMcgExtClkFreq
                0x0000000000010338       0x8c ./drivers/fsl_clock.o
 .text.CLOCK_GetFllExtRefClkFreq
                0x00000000000103c4       0xc8 ./drivers/fsl_clock.o
 .text.CLOCK_GetInternalRefClkSelectFreq
                0x000000000001048c       0x44 ./drivers/fsl_clock.o
 .text.CLOCK_GetFllRefClkFreq
                0x00000000000104d0       0x2c ./drivers/fsl_clock.o
 .text.CLOCK_GetPll0RefFreq
                0x00000000000104fc       0x10 ./drivers/fsl_clock.o
 .text.CLOCK_GetOscRangeFromFreq
                0x000000000001050c       0x3c ./drivers/fsl_clock.o
 .text.CLOCK_GetOsc0ErClkFreq
                0x0000000000010548       0x48 ./drivers/fsl_clock.o
                0x0000000000010548                CLOCK_GetOsc0ErClkFreq
 .text.CLOCK_GetEr32kClkFreq
                0x0000000000010590       0x80 ./drivers/fsl_clock.o
                0x0000000000010590                CLOCK_GetEr32kClkFreq
 .text.CLOCK_GetPllFllSelClkFreq
                0x0000000000010610       0x54 ./drivers/fsl_clock.o
                0x0000000000010610                CLOCK_GetPllFllSelClkFreq
 .text.CLOCK_GetCoreSysClkFreq
                0x0000000000010664       0x24 ./drivers/fsl_clock.o
                0x0000000000010664                CLOCK_GetCoreSysClkFreq
 .text.CLOCK_GetFreq
                0x0000000000010688      0x144 ./drivers/fsl_clock.o
                0x0000000000010688                CLOCK_GetFreq
 .text.CLOCK_SetSimConfig
                0x00000000000107cc       0x34 ./drivers/fsl_clock.o
                0x00000000000107cc                CLOCK_SetSimConfig
 .text.CLOCK_GetOutClkFreq
                0x0000000000010800       0x64 ./drivers/fsl_clock.o
                0x0000000000010800                CLOCK_GetOutClkFreq
 .text.CLOCK_GetFllFreq
                0x0000000000010864       0x74 ./drivers/fsl_clock.o
                0x0000000000010864                CLOCK_GetFllFreq
 .text.CLOCK_GetInternalRefClkFreq
                0x00000000000108d8       0x24 ./drivers/fsl_clock.o
                0x00000000000108d8                CLOCK_GetInternalRefClkFreq
 .text.CLOCK_GetFixedFreqClkFreq
                0x00000000000108fc       0x30 ./drivers/fsl_clock.o
                0x00000000000108fc                CLOCK_GetFixedFreqClkFreq
 .text.CLOCK_GetPll0Freq
                0x000000000001092c       0x58 ./drivers/fsl_clock.o
                0x000000000001092c                CLOCK_GetPll0Freq
 .text.CLOCK_SetExternalRefClkConfig
                0x0000000000010984       0x90 ./drivers/fsl_clock.o
                0x0000000000010984                CLOCK_SetExternalRefClkConfig
 .text.CLOCK_SetInternalRefClkConfig
                0x0000000000010a14      0x104 ./drivers/fsl_clock.o
                0x0000000000010a14                CLOCK_SetInternalRefClkConfig
 .text.CLOCK_EnablePll0
                0x0000000000010b18       0x94 ./drivers/fsl_clock.o
                0x0000000000010b18                CLOCK_EnablePll0
 .text.CLOCK_InitOsc0
                0x0000000000010bac       0x8c ./drivers/fsl_clock.o
                0x0000000000010bac                CLOCK_InitOsc0
 .text.CLOCK_SetPbeMode
                0x0000000000010c38       0x98 ./drivers/fsl_clock.o
                0x0000000000010c38                CLOCK_SetPbeMode
 .text.CLOCK_BootToPeeMode
                0x0000000000010cd0       0x74 ./drivers/fsl_clock.o
                0x0000000000010cd0                CLOCK_BootToPeeMode
 .text.__assert_func
                0x0000000000010d44       0x28 ./drivers/fsl_common.o
                0x0000000000010d44                __assert_func
 .text.NVIC_EnableIRQ
                0x0000000000010d6c       0x30 ./drivers/fsl_enet.o
 .text.CLOCK_EnableClock
                0x0000000000010d9c       0x34 ./drivers/fsl_enet.o
 .text.EnableIRQ
                0x0000000000010dd0       0x1c ./drivers/fsl_enet.o
 .text.ENET_Reset
                0x0000000000010dec       0x20 ./drivers/fsl_enet.o
 .text.ENET_GetSMI
                0x0000000000010e0c       0x28 ./drivers/fsl_enet.o
 .text.ENET_EnableSleepMode
                0x0000000000010e34       0x38 ./drivers/fsl_enet.o
 .text.ENET_EnableInterrupts
                0x0000000000010e6c       0x20 ./drivers/fsl_enet.o
 .text.ENET_GetInstance
                0x0000000000010e8c       0x54 ./drivers/fsl_enet.o
                0x0000000000010e8c                ENET_GetInstance
 .text.ENET_GetDefaultConfig
                0x0000000000010ee0       0x54 ./drivers/fsl_enet.o
                0x0000000000010ee0                ENET_GetDefaultConfig
 .text.ENET_Init
                0x0000000000010f34      0x234 ./drivers/fsl_enet.o
                0x0000000000010f34                ENET_Init
 .text.ENET_SetCallback
                0x0000000000011168       0x40 ./drivers/fsl_enet.o
                0x0000000000011168                ENET_SetCallback
 .text.ENET_SetMacController
                0x00000000000111a8      0x2b8 ./drivers/fsl_enet.o
 .text.ENET_SetTxBufferDescriptors
                0x0000000000011460       0xa4 ./drivers/fsl_enet.o
 .text.ENET_SetRxBufferDescriptors
                0x0000000000011504       0xa8 ./drivers/fsl_enet.o
 .text.ENET_SetMacAddr
                0x00000000000115ac       0x5c ./drivers/fsl_enet.o
                0x00000000000115ac                ENET_SetMacAddr
 .text.ENET_SetSMI
                0x0000000000011608       0x94 ./drivers/fsl_enet.o
                0x0000000000011608                ENET_SetSMI
 .text.ENET_StartSMIWrite
                0x000000000001169c       0x50 ./drivers/fsl_enet.o
                0x000000000001169c                ENET_StartSMIWrite
 .text.ENET_StartSMIRead
                0x00000000000116ec       0x48 ./drivers/fsl_enet.o
                0x00000000000116ec                ENET_StartSMIRead
 .text.ENET_GetRxErrBeforeReadFrame
                0x0000000000011734      0x110 ./drivers/fsl_enet.o
                0x0000000000011734                ENET_GetRxErrBeforeReadFrame
 .text.ENET_GetRxFrameSize
                0x0000000000011844       0xf0 ./drivers/fsl_enet.o
                0x0000000000011844                ENET_GetRxFrameSize
 .text.ENET_ReadFrame
                0x0000000000011934      0x188 ./drivers/fsl_enet.o
                0x0000000000011934                ENET_ReadFrame
 .text.ENET_UpdateReadBuffers
                0x0000000000011abc       0x98 ./drivers/fsl_enet.o
 .text.ENET_SendFrame
                0x0000000000011b54      0x1dc ./drivers/fsl_enet.o
                0x0000000000011b54                ENET_SendFrame
 .text.ENET_TransmitIRQHandler
                0x0000000000011d30       0x5c ./drivers/fsl_enet.o
                0x0000000000011d30                ENET_TransmitIRQHandler
 .text.ENET_ReceiveIRQHandler
                0x0000000000011d8c       0x5c ./drivers/fsl_enet.o
                0x0000000000011d8c                ENET_ReceiveIRQHandler
 .text.ENET_ErrorIRQHandler
                0x0000000000011de8       0x98 ./drivers/fsl_enet.o
                0x0000000000011de8                ENET_ErrorIRQHandler
 .text.ENET_Transmit_IRQHandler
                0x0000000000011e80       0x1c ./drivers/fsl_enet.o
                0x0000000000011e80                ENET_Transmit_IRQHandler
 .text.ENET_Receive_IRQHandler
                0x0000000000011e9c       0x1c ./drivers/fsl_enet.o
                0x0000000000011e9c                ENET_Receive_IRQHandler
 .text.ENET_Error_IRQHandler
                0x0000000000011eb8       0x1c ./drivers/fsl_enet.o
                0x0000000000011eb8                ENET_Error_IRQHandler
 .text.ENET_1588_Timer_IRQHandler
                0x0000000000011ed4        0xc ./drivers/fsl_enet.o
                0x0000000000011ed4                ENET_1588_Timer_IRQHandler
 .text.CLOCK_EnableClock
                0x0000000000011ee0       0x34 ./drivers/fsl_uart.o
 .text.UART_GetInstance
                0x0000000000011f14       0x60 ./drivers/fsl_uart.o
                0x0000000000011f14                UART_GetInstance
 .text.UART_Init
                0x0000000000011f74      0x250 ./drivers/fsl_uart.o
                0x0000000000011f74                UART_Init
 .text.UART_GetDefaultConfig
                0x00000000000121c4       0x5c ./drivers/fsl_uart.o
                0x00000000000121c4                UART_GetDefaultConfig
 .text.UART_GetStatusFlags
                0x0000000000012220       0x48 ./drivers/fsl_uart.o
                0x0000000000012220                UART_GetStatusFlags
 .text.UART_WriteBlocking
                0x0000000000012268       0x40 ./drivers/fsl_uart.o
                0x0000000000012268                UART_WriteBlocking
 .text.UART_ReadBlocking
                0x00000000000122a8       0x84 ./drivers/fsl_uart.o
                0x00000000000122a8                UART_ReadBlocking
 .text.UART0_DriverIRQHandler
                0x000000000001232c       0x20 ./drivers/fsl_uart.o
                0x000000000001232c                UART0_DriverIRQHandler
 .text.UART0_RX_TX_DriverIRQHandler
                0x000000000001234c        0xc ./drivers/fsl_uart.o
                0x000000000001234c                UART0_RX_TX_DriverIRQHandler
 .text.UART1_DriverIRQHandler
                0x0000000000012358       0x20 ./drivers/fsl_uart.o
                0x0000000000012358                UART1_DriverIRQHandler
 .text.UART1_RX_TX_DriverIRQHandler
                0x0000000000012378        0xc ./drivers/fsl_uart.o
                0x0000000000012378                UART1_RX_TX_DriverIRQHandler
 .text.UART2_DriverIRQHandler
                0x0000000000012384       0x20 ./drivers/fsl_uart.o
                0x0000000000012384                UART2_DriverIRQHandler
 .text.UART2_RX_TX_DriverIRQHandler
                0x00000000000123a4        0xc ./drivers/fsl_uart.o
                0x00000000000123a4                UART2_RX_TX_DriverIRQHandler
 .text.UART3_DriverIRQHandler
                0x00000000000123b0       0x20 ./drivers/fsl_uart.o
                0x00000000000123b0                UART3_DriverIRQHandler
 .text.UART3_RX_TX_DriverIRQHandler
                0x00000000000123d0        0xc ./drivers/fsl_uart.o
                0x00000000000123d0                UART3_RX_TX_DriverIRQHandler
 .text.UART4_DriverIRQHandler
                0x00000000000123dc       0x20 ./drivers/fsl_uart.o
                0x00000000000123dc                UART4_DriverIRQHandler
 .text.UART4_RX_TX_DriverIRQHandler
                0x00000000000123fc        0xc ./drivers/fsl_uart.o
                0x00000000000123fc                UART4_RX_TX_DriverIRQHandler
 .text.UART5_DriverIRQHandler
                0x0000000000012408       0x20 ./drivers/fsl_uart.o
                0x0000000000012408                UART5_DriverIRQHandler
 .text.UART5_RX_TX_DriverIRQHandler
                0x0000000000012428        0xc ./drivers/fsl_uart.o
                0x0000000000012428                UART5_RX_TX_DriverIRQHandler
 .text.BOARD_InitDebugConsole
                0x0000000000012434       0x24 ./board/board.o
                0x0000000000012434                BOARD_InitDebugConsole
 .text.CLOCK_SetXtal0Freq
                0x0000000000012458       0x1c ./board/clock_config.o
 .text.CLOCK_SetSimSafeDivs
                0x0000000000012474       0x20 ./board/clock_config.o
 .text.BOARD_BootClockRUN
                0x0000000000012494       0x58 ./board/clock_config.o
                0x0000000000012494                BOARD_BootClockRUN
 .text.CLOCK_EnableClock
                0x00000000000124ec       0x34 ./board/pin_mux.o
 .text.PORT_SetPinMux
                0x0000000000012520       0x38 ./board/pin_mux.o
 .text.BOARD_InitPins
                0x0000000000012558       0x28 ./board/pin_mux.o
                0x0000000000012558                BOARD_InitPins
 .text.modf     0x0000000000012580       0xa4 /Applications/KDS_3.0.0.app/Contents/toolchain/bin/../lib/gcc/arm-none-eabi/4.8.4/../../../../arm-none-eabi/lib/armv7e-m/fpu/libm.a(lib_a-s_modf.o)
                0x0000000000012580                modf
 .text.pow      0x0000000000012624      0x340 /Applications/KDS_3.0.0.app/Contents/toolchain/bin/../lib/gcc/arm-none-eabi/4.8.4/../../../../arm-none-eabi/lib/armv7e-m/fpu/libm.a(lib_a-w_pow.o)
                0x0000000000012624                pow
 *fill*         0x0000000000012964        0x4 
 .text.__ieee754_pow
                0x0000000000012968      0xae8 /Applications/KDS_3.0.0.app/Contents/toolchain/bin/../lib/gcc/arm-none-eabi/4.8.4/../../../../arm-none-eabi/lib/armv7e-m/fpu/libm.a(lib_a-e_pow.o)
                0x0000000000012968                __ieee754_pow
 .text.__ieee754_sqrt
                0x0000000000013450      0x198 /Applications/KDS_3.0.0.app/Contents/toolchain/bin/../lib/gcc/arm-none-eabi/4.8.4/../../../../arm-none-eabi/lib/armv7e-m/fpu/libm.a(lib_a-e_sqrt.o)
                0x0000000000013450                __ieee754_sqrt
 .text.fabs     0x00000000000135e8       0x14 /Applications/KDS_3.0.0.app/Contents/toolchain/bin/../lib/gcc/arm-none-eabi/4.8.4/../../../../arm-none-eabi/lib/armv7e-m/fpu/libm.a(lib_a-s_fabs.o)
                0x00000000000135e8                fabs
 .text.finite   0x00000000000135fc       0x10 /Applications/KDS_3.0.0.app/Contents/toolchain/bin/../lib/gcc/arm-none-eabi/4.8.4/../../../../arm-none-eabi/lib/armv7e-m/fpu/libm.a(lib_a-s_finite.o)
                0x00000000000135fc                finite
 .text.__fpclassifyd
                0x000000000001360c       0x54 /Applications/KDS_3.0.0.app/Contents/toolchain/bin/../lib/gcc/arm-none-eabi/4.8.4/../../../../arm-none-eabi/lib/armv7e-m/fpu/libm.a(lib_a-s_fpclassify.o)
                0x000000000001360c                __fpclassifyd
 .text.matherr  0x0000000000013660        0x4 /Applications/KDS_3.0.0.app/Contents/toolchain/bin/../lib/gcc/arm-none-eabi/4.8.4/../../../../arm-none-eabi/lib/armv7e-m/fpu/libm.a(lib_a-s_matherr.o)
                0x0000000000013660                matherr
 *fill*         0x0000000000013664        0x4 
 .text.nan      0x0000000000013668       0x10 /Applications/KDS_3.0.0.app/Contents/toolchain/bin/../lib/gcc/arm-none-eabi/4.8.4/../../../../arm-none-eabi/lib/armv7e-m/fpu/libm.a(lib_a-s_nan.o)
                0x0000000000013668                nan
 .text.rint     0x0000000000013678      0x120 /Applications/KDS_3.0.0.app/Contents/toolchain/bin/../lib/gcc/arm-none-eabi/4.8.4/../../../../arm-none-eabi/lib/armv7e-m/fpu/libm.a(lib_a-s_rint.o)
                0x0000000000013678                rint
 .text.scalbn   0x0000000000013798      0x120 /Applications/KDS_3.0.0.app/Contents/toolchain/bin/../lib/gcc/arm-none-eabi/4.8.4/../../../../arm-none-eabi/lib/armv7e-m/fpu/libm.a(lib_a-s_scalbn.o)
                0x0000000000013798                scalbn
 .text.copysign
                0x00000000000138b8       0x24 /Applications/KDS_3.0.0.app/Contents/toolchain/bin/../lib/gcc/arm-none-eabi/4.8.4/../../../../arm-none-eabi/lib/armv7e-m/fpu/libm.a(lib_a-s_copysign.o)
                0x00000000000138b8                copysign
 .text.__errno  0x00000000000138dc        0xc /Applications/KDS_3.0.0.app/Contents/toolchain/bin/../lib/gcc/arm-none-eabi/4.8.4/../../../../arm-none-eabi/lib/armv7e-m/fpu/libg_s.a(lib_a-errno.o)
                0x00000000000138dc                __errno
 .text.exit     0x00000000000138e8       0x28 /Applications/KDS_3.0.0.app/Contents/toolchain/bin/../lib/gcc/arm-none-eabi/4.8.4/../../../../arm-none-eabi/lib/armv7e-m/fpu/libg_s.a(lib_a-exit.o)
                0x00000000000138e8                exit
 .text.__libc_init_array
                0x0000000000013910       0x4c /Applications/KDS_3.0.0.app/Contents/toolchain/bin/../lib/gcc/arm-none-eabi/4.8.4/../../../../arm-none-eabi/lib/armv7e-m/fpu/libg_s.a(lib_a-init.o)
                0x0000000000013910                __libc_init_array
 .text.memcmp   0x000000000001395c       0x1e /Applications/KDS_3.0.0.app/Contents/toolchain/bin/../lib/gcc/arm-none-eabi/4.8.4/../../../../arm-none-eabi/lib/armv7e-m/fpu/libg_s.a(lib_a-memcmp.o)
                0x000000000001395c                memcmp
 .text.memcpy   0x000000000001397a       0x12 /Applications/KDS_3.0.0.app/Contents/toolchain/bin/../lib/gcc/arm-none-eabi/4.8.4/../../../../arm-none-eabi/lib/armv7e-m/fpu/libg_s.a(lib_a-memcpy-stub.o)
                0x000000000001397a                memcpy
 .text.memset   0x000000000001398c       0x10 /Applications/KDS_3.0.0.app/Contents/toolchain/bin/../lib/gcc/arm-none-eabi/4.8.4/../../../../arm-none-eabi/lib/armv7e-m/fpu/libg_s.a(lib_a-memset.o)
                0x000000000001398c                memset
 .text.printf   0x000000000001399c       0x30 /Applications/KDS_3.0.0.app/Contents/toolchain/bin/../lib/gcc/arm-none-eabi/4.8.4/../../../../arm-none-eabi/lib/armv7e-m/fpu/libg_s.a(lib_a-printf.o)
                0x000000000001399c                printf
                0x000000000001399c                iprintf
 .text.strlen   0x00000000000139cc       0x10 /Applications/KDS_3.0.0.app/Contents/toolchain/bin/../lib/gcc/arm-none-eabi/4.8.4/../../../../arm-none-eabi/lib/armv7e-m/fpu/libg_s.a(lib_a-strlen.o)
                0x00000000000139cc                strlen
 .text.__sfputc_r
                0x00000000000139dc       0x2c /Applications/KDS_3.0.0.app/Contents/toolchain/bin/../lib/gcc/arm-none-eabi/4.8.4/../../../../arm-none-eabi/lib/armv7e-m/fpu/libg_s.a(lib_a-vfprintf.o)
 .text.__sfputs_r
                0x0000000000013a08       0x24 /Applications/KDS_3.0.0.app/Contents/toolchain/bin/../lib/gcc/arm-none-eabi/4.8.4/../../../../arm-none-eabi/lib/armv7e-m/fpu/libg_s.a(lib_a-vfprintf.o)
                0x0000000000013a08                __sfputs_r
 .text._vfprintf_r
                0x0000000000013a2c      0x208 /Applications/KDS_3.0.0.app/Contents/toolchain/bin/../lib/gcc/arm-none-eabi/4.8.4/../../../../arm-none-eabi/lib/armv7e-m/fpu/libg_s.a(lib_a-vfprintf.o)
                0x0000000000013a2c                _vfiprintf_r
                0x0000000000013a2c                _vfprintf_r
 .text._printf_common
                0x0000000000013c34       0xe4 /Applications/KDS_3.0.0.app/Contents/toolchain/bin/../lib/gcc/arm-none-eabi/4.8.4/../../../../arm-none-eabi/lib/armv7e-m/fpu/libg_s.a(lib_a-vfprintf_i.o)
                0x0000000000013c34                _printf_common
 .text._printf_i
                0x0000000000013d18      0x228 /Applications/KDS_3.0.0.app/Contents/toolchain/bin/../lib/gcc/arm-none-eabi/4.8.4/../../../../arm-none-eabi/lib/armv7e-m/fpu/libg_s.a(lib_a-vfprintf_i.o)
                0x0000000000013d18                _printf_i
 .text.__swbuf_r
                0x0000000000013f40       0xa8 /Applications/KDS_3.0.0.app/Contents/toolchain/bin/../lib/gcc/arm-none-eabi/4.8.4/../../../../arm-none-eabi/lib/armv7e-m/fpu/libg_s.a(lib_a-wbuf.o)
                0x0000000000013f40                __swbuf_r
 .text.__swsetup_r
                0x0000000000013fe8       0xdc /Applications/KDS_3.0.0.app/Contents/toolchain/bin/../lib/gcc/arm-none-eabi/4.8.4/../../../../arm-none-eabi/lib/armv7e-m/fpu/libg_s.a(lib_a-wsetup.o)
                0x0000000000013fe8                __swsetup_r
 .text.__sflush_r
                0x00000000000140c4      0x106 /Applications/KDS_3.0.0.app/Contents/toolchain/bin/../lib/gcc/arm-none-eabi/4.8.4/../../../../arm-none-eabi/lib/armv7e-m/fpu/libg_s.a(lib_a-fflush.o)
                0x00000000000140c4                __sflush_r
 *fill*         0x00000000000141ca        0x2 
 .text._fflush_r
                0x00000000000141cc       0x54 /Applications/KDS_3.0.0.app/Contents/toolchain/bin/../lib/gcc/arm-none-eabi/4.8.4/../../../../arm-none-eabi/lib/armv7e-m/fpu/libg_s.a(lib_a-fflush.o)
                0x00000000000141cc                _fflush_r
 .text._cleanup_r
                0x0000000000014220       0x32 /Applications/KDS_3.0.0.app/Contents/toolchain/bin/../lib/gcc/arm-none-eabi/4.8.4/../../../../arm-none-eabi/lib/armv7e-m/fpu/libg_s.a(lib_a-findfp.o)
                0x0000000000014220                _cleanup_r
 *fill*         0x0000000000014252        0x2 
 .text.std.isra.0
                0x0000000000014254       0x48 /Applications/KDS_3.0.0.app/Contents/toolchain/bin/../lib/gcc/arm-none-eabi/4.8.4/../../../../arm-none-eabi/lib/armv7e-m/fpu/libg_s.a(lib_a-findfp.o)
 .text.__sfmoreglue
                0x000000000001429c       0x2c /Applications/KDS_3.0.0.app/Contents/toolchain/bin/../lib/gcc/arm-none-eabi/4.8.4/../../../../arm-none-eabi/lib/armv7e-m/fpu/libg_s.a(lib_a-findfp.o)
                0x000000000001429c                __sfmoreglue
 .text.__sinit  0x00000000000142c8       0x60 /Applications/KDS_3.0.0.app/Contents/toolchain/bin/../lib/gcc/arm-none-eabi/4.8.4/../../../../arm-none-eabi/lib/armv7e-m/fpu/libg_s.a(lib_a-findfp.o)
                0x00000000000142c8                __sinit
 .text.__sfp    0x0000000000014328       0x74 /Applications/KDS_3.0.0.app/Contents/toolchain/bin/../lib/gcc/arm-none-eabi/4.8.4/../../../../arm-none-eabi/lib/armv7e-m/fpu/libg_s.a(lib_a-findfp.o)
                0x0000000000014328                __sfp
 .text.__smakebuf_r
                0x000000000001439c       0x9c /Applications/KDS_3.0.0.app/Contents/toolchain/bin/../lib/gcc/arm-none-eabi/4.8.4/../../../../arm-none-eabi/lib/armv7e-m/fpu/libg_s.a(lib_a-makebuf.o)
                0x000000000001439c                __smakebuf_r
 .text.memchr   0x0000000000014438       0x1e /Applications/KDS_3.0.0.app/Contents/toolchain/bin/../lib/gcc/arm-none-eabi/4.8.4/../../../../arm-none-eabi/lib/armv7e-m/fpu/libg_s.a(lib_a-memchr-stub.o)
                0x0000000000014438                memchr
 *fill*         0x0000000000014456        0x2 
 .text._free_r  0x0000000000014458       0x88 /Applications/KDS_3.0.0.app/Contents/toolchain/bin/../lib/gcc/arm-none-eabi/4.8.4/../../../../arm-none-eabi/lib/armv7e-m/fpu/libg_s.a(lib_a-nano-freer.o)
                0x0000000000014458                _free_r
 .text._malloc_r
                0x00000000000144e0       0xa8 /Applications/KDS_3.0.0.app/Contents/toolchain/bin/../lib/gcc/arm-none-eabi/4.8.4/../../../../arm-none-eabi/lib/armv7e-m/fpu/libg_s.a(lib_a-nano-mallocr.o)
                0x00000000000144e0                _malloc_r
 .text._sbrk_r  0x0000000000014588       0x20 /Applications/KDS_3.0.0.app/Contents/toolchain/bin/../lib/gcc/arm-none-eabi/4.8.4/../../../../arm-none-eabi/lib/armv7e-m/fpu/libg_s.a(lib_a-sbrkr.o)
                0x0000000000014588                _sbrk_r
 .text.__sread  0x00000000000145a8       0x22 /Applications/KDS_3.0.0.app/Contents/toolchain/bin/../lib/gcc/arm-none-eabi/4.8.4/../../../../arm-none-eabi/lib/armv7e-m/fpu/libg_s.a(lib_a-stdio.o)
                0x00000000000145a8                __sread
 .text.__swrite
                0x00000000000145ca       0x38 /Applications/KDS_3.0.0.app/Contents/toolchain/bin/../lib/gcc/arm-none-eabi/4.8.4/../../../../arm-none-eabi/lib/armv7e-m/fpu/libg_s.a(lib_a-stdio.o)
                0x00000000000145ca                __swrite
 .text.__sseek  0x0000000000014602       0x24 /Applications/KDS_3.0.0.app/Contents/toolchain/bin/../lib/gcc/arm-none-eabi/4.8.4/../../../../arm-none-eabi/lib/armv7e-m/fpu/libg_s.a(lib_a-stdio.o)
                0x0000000000014602                __sseek
 .text.__sclose
                0x0000000000014626        0x8 /Applications/KDS_3.0.0.app/Contents/toolchain/bin/../lib/gcc/arm-none-eabi/4.8.4/../../../../arm-none-eabi/lib/armv7e-m/fpu/libg_s.a(lib_a-stdio.o)
                0x0000000000014626                __sclose
 *fill*         0x000000000001462e        0x2 
 .text._write_r
                0x0000000000014630       0x24 /Applications/KDS_3.0.0.app/Contents/toolchain/bin/../lib/gcc/arm-none-eabi/4.8.4/../../../../arm-none-eabi/lib/armv7e-m/fpu/libg_s.a(lib_a-writer.o)
                0x0000000000014630                _write_r
 .text._close_r
                0x0000000000014654       0x20 /Applications/KDS_3.0.0.app/Contents/toolchain/bin/../lib/gcc/arm-none-eabi/4.8.4/../../../../arm-none-eabi/lib/armv7e-m/fpu/libg_s.a(lib_a-closer.o)
                0x0000000000014654                _close_r
 .text._fstat_r
                0x0000000000014674       0x24 /Applications/KDS_3.0.0.app/Contents/toolchain/bin/../lib/gcc/arm-none-eabi/4.8.4/../../../../arm-none-eabi/lib/armv7e-m/fpu/libg_s.a(lib_a-fstatr.o)
                0x0000000000014674                _fstat_r
 .text._isatty_r
                0x0000000000014698       0x20 /Applications/KDS_3.0.0.app/Contents/toolchain/bin/../lib/gcc/arm-none-eabi/4.8.4/../../../../arm-none-eabi/lib/armv7e-m/fpu/libg_s.a(lib_a-isattyr.o)
                0x0000000000014698                _isatty_r
 .text._lseek_r
                0x00000000000146b8       0x24 /Applications/KDS_3.0.0.app/Contents/toolchain/bin/../lib/gcc/arm-none-eabi/4.8.4/../../../../arm-none-eabi/lib/armv7e-m/fpu/libg_s.a(lib_a-lseekr.o)
                0x00000000000146b8                _lseek_r
 .text._read_r  0x00000000000146dc       0x24 /Applications/KDS_3.0.0.app/Contents/toolchain/bin/../lib/gcc/arm-none-eabi/4.8.4/../../../../arm-none-eabi/lib/armv7e-m/fpu/libg_s.a(lib_a-readr.o)
                0x00000000000146dc                _read_r
 .text._close   0x0000000000014700       0x10 /Applications/KDS_3.0.0.app/Contents/toolchain/bin/../lib/gcc/arm-none-eabi/4.8.4/../../../../arm-none-eabi/lib/armv7e-m/fpu/libnosys.a(close.o)
                0x0000000000014700                _close
 .text._fstat   0x0000000000014710       0x10 /Applications/KDS_3.0.0.app/Contents/toolchain/bin/../lib/gcc/arm-none-eabi/4.8.4/../../../../arm-none-eabi/lib/armv7e-m/fpu/libnosys.a(fstat.o)
                0x0000000000014710                _fstat
 .text._isatty  0x0000000000014720       0x10 /Applications/KDS_3.0.0.app/Contents/toolchain/bin/../lib/gcc/arm-none-eabi/4.8.4/../../../../arm-none-eabi/lib/armv7e-m/fpu/libnosys.a(isatty.o)
                0x0000000000014720                _isatty
 .text._lseek   0x0000000000014730       0x10 /Applications/KDS_3.0.0.app/Contents/toolchain/bin/../lib/gcc/arm-none-eabi/4.8.4/../../../../arm-none-eabi/lib/armv7e-m/fpu/libnosys.a(lseek.o)
                0x0000000000014730                _lseek
 .text._sbrk    0x0000000000014740       0x34 /Applications/KDS_3.0.0.app/Contents/toolchain/bin/../lib/gcc/arm-none-eabi/4.8.4/../../../../arm-none-eabi/lib/armv7e-m/fpu/libnosys.a(sbrk.o)
                0x0000000000014740                _sbrk
 .text._exit    0x0000000000014774        0x4 /Applications/KDS_3.0.0.app/Contents/toolchain/bin/../lib/gcc/arm-none-eabi/4.8.4/../../../../arm-none-eabi/lib/armv7e-m/fpu/libnosys.a(_exit.o)
                0x0000000000014774                _exit
 *(.rodata)
 .rodata        0x0000000000014778       0xe0 ./source/main.o
 .rodata        0x0000000000014858      0x220 ./lwip_1.4.1/src/netif/etharp.o
 .rodata        0x0000000000014a78      0x118 ./lwip_1.4.1/src/core/ipv4/icmp.o
 .rodata        0x0000000000014b90       0x3c ./lwip_1.4.1/src/core/ipv4/ip.o
 .rodata        0x0000000000014bcc      0x178 ./lwip_1.4.1/src/core/ipv4/ip_frag.o
 .rodata        0x0000000000014d44      0x424 ./lwip_1.4.1/src/core/dhcp.o
 .rodata        0x0000000000015168       0x40 ./lwip_1.4.1/src/core/lwip_timers.o
 .rodata        0x00000000000151a8      0x1c0 ./lwip_1.4.1/src/core/mem.o
 .rodata        0x0000000000015368      0x104 ./lwip_1.4.1/src/core/memp.o
 .rodata        0x000000000001546c       0x18 ./lwip_1.4.1/src/core/netif.o
 .rodata        0x0000000000015484      0x480 ./lwip_1.4.1/src/core/pbuf.o
 .rodata        0x0000000000015904      0x3d8 ./lwip_1.4.1/src/core/tcp.o
 .rodata        0x0000000000015cdc      0x26c ./lwip_1.4.1/src/core/tcp_in.o
 .rodata        0x0000000000015f48      0x3b0 ./lwip_1.4.1/src/core/tcp_out.o
 .rodata        0x00000000000162f8       0x64 ./lwip_1.4.1/src/core/udp.o
 .rodata        0x000000000001635c      0x2b0 ./lwip_1.4.1/src/api/api_lib.o
 .rodata        0x000000000001660c      0x420 ./lwip_1.4.1/src/api/api_msg.o
 .rodata        0x0000000000016a2c      0x128 ./lwip_1.4.1/src/api/err.o
 .rodata        0x0000000000016b54       0xb8 ./lwip_1.4.1/port/ethernetif.o
 .rodata        0x0000000000016c0c       0x38 ./lwip_1.4.1/port/fsl_phy.o
 .rodata        0x0000000000016c44        0x4 ./lwip_1.4.1/port/sys_arch.o
 .rodata        0x0000000000016c48        0x8 ./freertos/Source/tasks.o
 .rodata        0x0000000000016c50       0x10 ./freertos/Source/timers.o
 .rodata        0x0000000000016c60       0x3c ./drivers/fsl_clock.o
 .rodata        0x0000000000016c9c       0x40 ./drivers/fsl_common.o
 .rodata        0x0000000000016cdc      0x2f0 ./drivers/fsl_enet.o
 .rodata        0x0000000000016fcc       0xc4 ./drivers/fsl_uart.o
 *(.rodata*)
 .rodata.__FUNCTION__.7770
                0x0000000000017090        0x8 ./source/main.o
 .rodata.ethbroadcast
                0x0000000000017098        0x8 ./lwip_1.4.1/src/netif/etharp.o
                0x0000000000017098                ethbroadcast
 .rodata.ethzero
                0x00000000000170a0        0x8 ./lwip_1.4.1/src/netif/etharp.o
                0x00000000000170a0                ethzero
 .rodata.ip_addr_any
                0x00000000000170a8        0x4 ./lwip_1.4.1/src/core/ipv4/ip_addr.o
                0x00000000000170a8                ip_addr_any
 .rodata.ip_addr_broadcast
                0x00000000000170ac        0x4 ./lwip_1.4.1/src/core/ipv4/ip_addr.o
                0x00000000000170ac                ip_addr_broadcast
 .rodata.tcp_backoff
                0x00000000000170b0       0x10 ./lwip_1.4.1/src/core/tcp.o
                0x00000000000170b0                tcp_backoff
 .rodata.tcp_persist_backoff
                0x00000000000170c0        0x8 ./lwip_1.4.1/src/core/tcp.o
                0x00000000000170c0                tcp_persist_backoff
 .rodata.tcp_pcb_lists
                0x00000000000170c8       0x10 ./lwip_1.4.1/src/core/tcp.o
                0x00000000000170c8                tcp_pcb_lists
 .rodata.__func__.6597
                0x00000000000170d8        0xc ./lwip_1.4.1/port/fsl_phy.o
 .rodata.__func__.6615
                0x00000000000170e4       0x14 ./lwip_1.4.1/port/fsl_phy.o
 .rodata.__func__.6624
                0x00000000000170f8       0x18 ./lwip_1.4.1/port/fsl_phy.o
 .rodata.__func__.6316
                0x0000000000017110       0x18 ./drivers/fsl_clock.o
 .rodata.__func__.6361
                0x0000000000017128       0x18 ./drivers/fsl_clock.o
 .rodata.__func__.6369
                0x0000000000017140       0x18 ./drivers/fsl_clock.o
 .rodata.fllFactorTable.6444
                0x0000000000017158       0x10 ./drivers/fsl_clock.o
 .rodata.__func__.6506
                0x0000000000017168       0x14 ./drivers/fsl_clock.o
 .rodata.__func__.6702
                0x000000000001717c       0x14 ./drivers/fsl_clock.o
 .rodata.s_enetClock
                0x0000000000017190        0x4 ./drivers/fsl_enet.o
                0x0000000000017190                s_enetClock
 .rodata.__func__.6558
                0x0000000000017194       0x14 ./drivers/fsl_enet.o
 .rodata.__func__.6562
                0x00000000000171a8       0x18 ./drivers/fsl_enet.o
 .rodata.__func__.6571
                0x00000000000171c0        0xc ./drivers/fsl_enet.o
 .rodata.__func__.6581
                0x00000000000171cc       0x14 ./drivers/fsl_enet.o
 .rodata.__func__.6601
                0x00000000000171e0       0x1c ./drivers/fsl_enet.o
 .rodata.__func__.6614
                0x00000000000171fc       0x1c ./drivers/fsl_enet.o
 .rodata.__func__.6643
                0x0000000000017218        0xc ./drivers/fsl_enet.o
 .rodata.__func__.6666
                0x0000000000017224       0x20 ./drivers/fsl_enet.o
 .rodata.__func__.6675
                0x0000000000017244       0x14 ./drivers/fsl_enet.o
 .rodata.__func__.6686
                0x0000000000017258       0x10 ./drivers/fsl_enet.o
 .rodata.__func__.6701
                0x0000000000017268       0x18 ./drivers/fsl_enet.o
 .rodata.__func__.6710
                0x0000000000017280       0x10 ./drivers/fsl_enet.o
 .rodata.__func__.6750
                0x0000000000017290       0x18 ./drivers/fsl_enet.o
 .rodata.__func__.6755
                0x00000000000172a8       0x18 ./drivers/fsl_enet.o
 .rodata.__func__.6760
                0x00000000000172c0       0x18 ./drivers/fsl_enet.o
 .rodata.s_uartBases