Archive member included because of file (symbol)

/Applications/KDS_3.0.0.app/Contents/toolchain/bin/../lib/gcc/arm-none-eabi/4.8.4/../../../../arm-none-eabi/lib/armv7e-m/fpu/libm.a(lib_a-s_modf.o)
                              ./utilities/fsl_debug_console.o (modf)
/Applications/KDS_3.0.0.app/Contents/toolchain/bin/../lib/gcc/arm-none-eabi/4.8.4/../../../../arm-none-eabi/lib/armv7e-m/fpu/libm.a(lib_a-w_pow.o)
                              ./utilities/fsl_debug_console.o (pow)
/Applications/KDS_3.0.0.app/Contents/toolchain/bin/../lib/gcc/arm-none-eabi/4.8.4/../../../../arm-none-eabi/lib/armv7e-m/fpu/libm.a(lib_a-e_pow.o)
                              /Applications/KDS_3.0.0.app/Contents/toolchain/bin/../lib/gcc/arm-none-eabi/4.8.4/../../../../arm-none-eabi/lib/armv7e-m/fpu/libm.a(lib_a-w_pow.o) (__ieee754_pow)
/Applications/KDS_3.0.0.app/Contents/toolchain/bin/../lib/gcc/arm-none-eabi/4.8.4/../../../../arm-none-eabi/lib/armv7e-m/fpu/libm.a(lib_a-e_sqrt.o)
                              /Applications/KDS_3.0.0.app/Contents/toolchain/bin/../lib/gcc/arm-none-eabi/4.8.4/../../../../arm-none-eabi/lib/armv7e-m/fpu/libm.a(lib_a-e_pow.o) (__ieee754_sqrt)
/Applications/KDS_3.0.0.app/Contents/toolchain/bin/../lib/gcc/arm-none-eabi/4.8.4/../../../../arm-none-eabi/lib/armv7e-m/fpu/libm.a(lib_a-s_fabs.o)
                              /Applications/KDS_3.0.0.app/Contents/toolchain/bin/../lib/gcc/arm-none-eabi/4.8.4/../../../../arm-none-eabi/lib/armv7e-m/fpu/libm.a(lib_a-e_pow.o) (fabs)
/Applications/KDS_3.0.0.app/Contents/toolchain/bin/../lib/gcc/arm-none-eabi/4.8.4/../../../../arm-none-eabi/lib/armv7e-m/fpu/libm.a(lib_a-s_finite.o)
                              /Applications/KDS_3.0.0.app/Contents/toolchain/bin/../lib/gcc/arm-none-eabi/4.8.4/../../../../arm-none-eabi/lib/armv7e-m/fpu/libm.a(lib_a-w_pow.o) (finite)
/Applications/KDS_3.0.0.app/Contents/toolchain/bin/../lib/gcc/arm-none-eabi/4.8.4/../../../../arm-none-eabi/lib/armv7e-m/fpu/libm.a(lib_a-s_fpclassify.o)
                              /Applications/KDS_3.0.0.app/Contents/toolchain/bin/../lib/gcc/arm-none-eabi/4.8.4/../../../../arm-none-eabi/lib/armv7e-m/fpu/libm.a(lib_a-w_pow.o) (__fpclassifyd)
/Applications/KDS_3.0.0.app/Contents/toolchain/bin/../lib/gcc/arm-none-eabi/4.8.4/../../../../arm-none-eabi/lib/armv7e-m/fpu/libm.a(lib_a-s_lib_ver.o)
                              /Applications/KDS_3.0.0.app/Contents/toolchain/bin/../lib/gcc/arm-none-eabi/4.8.4/../../../../arm-none-eabi/lib/armv7e-m/fpu/libm.a(lib_a-w_pow.o) (__fdlib_version)
/Applications/KDS_3.0.0.app/Contents/toolchain/bin/../lib/gcc/arm-none-eabi/4.8.4/../../../../arm-none-eabi/lib/armv7e-m/fpu/libm.a(lib_a-s_matherr.o)
                              /Applications/KDS_3.0.0.app/Contents/toolchain/bin/../lib/gcc/arm-none-eabi/4.8.4/../../../../arm-none-eabi/lib/armv7e-m/fpu/libm.a(lib_a-w_pow.o) (matherr)
/Applications/KDS_3.0.0.app/Contents/toolchain/bin/../lib/gcc/arm-none-eabi/4.8.4/../../../../arm-none-eabi/lib/armv7e-m/fpu/libm.a(lib_a-s_nan.o)
                              /Applications/KDS_3.0.0.app/Contents/toolchain/bin/../lib/gcc/arm-none-eabi/4.8.4/../../../../arm-none-eabi/lib/armv7e-m/fpu/libm.a(lib_a-e_pow.o) (nan)
/Applications/KDS_3.0.0.app/Contents/toolchain/bin/../lib/gcc/arm-none-eabi/4.8.4/../../../../arm-none-eabi/lib/armv7e-m/fpu/libm.a(lib_a-s_rint.o)
                              /Applications/KDS_3.0.0.app/Contents/toolchain/bin/../lib/gcc/arm-none-eabi/4.8.4/../../../../arm-none-eabi/lib/armv7e-m/fpu/libm.a(lib_a-w_pow.o) (rint)
/Applications/KDS_3.0.0.app/Contents/toolchain/bin/../lib/gcc/arm-none-eabi/4.8.4/../../../../arm-none-eabi/lib/armv7e-m/fpu/libm.a(lib_a-s_scalbn.o)
                              /Applications/KDS_3.0.0.app/Contents/toolchain/bin/../lib/gcc/arm-none-eabi/4.8.4/../../../../arm-none-eabi/lib/armv7e-m/fpu/libm.a(lib_a-e_pow.o) (scalbn)
/Applications/KDS_3.0.0.app/Contents/toolchain/bin/../lib/gcc/arm-none-eabi/4.8.4/../../../../arm-none-eabi/lib/armv7e-m/fpu/libm.a(lib_a-s_copysign.o)
                              /Applications/KDS_3.0.0.app/Contents/toolchain/bin/../lib/gcc/arm-none-eabi/4.8.4/../../../../arm-none-eabi/lib/armv7e-m/fpu/libm.a(lib_a-s_scalbn.o) (copysign)
/Applications/KDS_3.0.0.app/Contents/toolchain/bin/../lib/gcc/arm-none-eabi/4.8.4/armv7e-m/fpu/libgcc.a(_arm_addsubdf3.o)
                              ./utilities/fsl_debug_console.o (__aeabi_dsub)
/Applications/KDS_3.0.0.app/Contents/toolchain/bin/../lib/gcc/arm-none-eabi/4.8.4/armv7e-m/fpu/libgcc.a(_arm_muldivdf3.o)
                              ./utilities/fsl_debug_console.o (__aeabi_dmul)
/Applications/KDS_3.0.0.app/Contents/toolchain/bin/../lib/gcc/arm-none-eabi/4.8.4/armv7e-m/fpu/libgcc.a(_arm_cmpdf2.o)
                              ./utilities/fsl_debug_console.o (__aeabi_dcmpeq)
/Applications/KDS_3.0.0.app/Contents/toolchain/bin/../lib/gcc/arm-none-eabi/4.8.4/armv7e-m/fpu/libgcc.a(_arm_fixdfsi.o)
                              ./utilities/fsl_debug_console.o (__aeabi_d2iz)
[...]
Memory Configuration

Name             Origin             Length             Attributes
m_interrupts     0x0000000000000000 0x0000000000000400 xr
m_flash_config   0x0000000000000400 0x0000000000000010 xr
m_text           0x0000000000000410 0x00000000000ffbf0 xr
m_data           0x000000001fff0000 0x0000000000010000 rw
m_data_2         0x0000000020000000 0x0000000000030000 rw
*default*        0x0000000000000000 0xffffffffffffffff

Linker script and memory map

LOAD /Applications/KDS_3.0.0.app/Contents/toolchain/bin/../lib/gcc/arm-none-eabi/4.8.4/armv7e-m/fpu/crti.o
LOAD /Applications/KDS_3.0.0.app/Contents/toolchain/bin/../lib/gcc/arm-none-eabi/4.8.4/armv7e-m/fpu/crtbegin.o
LOAD /Applications/KDS_3.0.0.app/Contents/toolchain/bin/../lib/gcc/arm-none-eabi/4.8.4/../../../../arm-none-eabi/lib/armv7e-m/fpu/crt0.o
LOAD ./utilities/fsl_debug_console.o
LOAD ./startup/startup_MK64F12.o
LOAD ./startup/system_MK64F12.o
LOAD ./source/main.o
LOAD ./lwip_1.4.1/src/netif/ppp/auth.o
LOAD ./lwip_1.4.1/src/netif/ppp/chap.o
LOAD ./lwip_1.4.1/src/netif/ppp/chpms.o
LOAD ./lwip_1.4.1/src/netif/ppp/fsm.o
LOAD ./lwip_1.4.1/src/netif/ppp/ipcp.o
LOAD ./lwip_1.4.1/src/netif/ppp/lcp.o
LOAD ./lwip_1.4.1/src/netif/ppp/magic.o
LOAD ./lwip_1.4.1/src/netif/ppp/md5.o
LOAD ./lwip_1.4.1/src/netif/ppp/pap.o
LOAD ./lwip_1.4.1/src/netif/ppp/ppp.o
LOAD ./lwip_1.4.1/src/netif/ppp/ppp_md5.o
LOAD ./lwip_1.4.1/src/netif/ppp/ppp_oe.o
LOAD ./lwip_1.4.1/src/netif/ppp/randm.o
LOAD ./lwip_1.4.1/src/netif/ppp/vj.o
LOAD ./lwip_1.4.1/src/netif/etharp.o
LOAD ./lwip_1.4.1/src/netif/slipif.o
LOAD ./lwip_1.4.1/src/core/snmp/asn1_dec.o
LOAD ./lwip_1.4.1/src/core/snmp/asn1_enc.o
LOAD ./lwip_1.4.1/src/core/snmp/mib2.o
LOAD ./lwip_1.4.1/src/core/snmp/mib_structs.o
LOAD ./lwip_1.4.1/src/core/snmp/msg_in.o
LOAD ./lwip_1.4.1/src/core/snmp/msg_out.o
LOAD ./lwip_1.4.1/src/core/ipv4/autoip.o
LOAD ./lwip_1.4.1/src/core/ipv4/icmp.o
LOAD ./lwip_1.4.1/src/core/ipv4/igmp.o
LOAD ./lwip_1.4.1/src/core/ipv4/inet.o
LOAD ./lwip_1.4.1/src/core/ipv4/inet_chksum.o
LOAD ./lwip_1.4.1/src/core/ipv4/ip.o
LOAD ./lwip_1.4.1/src/core/ipv4/ip_addr.o
LOAD ./lwip_1.4.1/src/core/ipv4/ip_frag.o
LOAD ./lwip_1.4.1/src/core/def.o
LOAD ./lwip_1.4.1/src/core/dhcp.o
LOAD ./lwip_1.4.1/src/core/dns.o
LOAD ./lwip_1.4.1/src/core/init.o
LOAD ./lwip_1.4.1/src/core/lwip_timers.o
LOAD ./lwip_1.4.1/src/core/mem.o
LOAD ./lwip_1.4.1/src/core/memp.o
LOAD ./lwip_1.4.1/src/core/netif.o
LOAD ./lwip_1.4.1/src/core/pbuf.o
LOAD ./lwip_1.4.1/src/core/raw.o
LOAD ./lwip_1.4.1/src/core/stats.o
LOAD ./lwip_1.4.1/src/core/sys.o
LOAD ./lwip_1.4.1/src/core/tcp.o
LOAD ./lwip_1.4.1/src/core/tcp_in.o
LOAD ./lwip_1.4.1/src/core/tcp_out.o
LOAD ./lwip_1.4.1/src/core/udp.o
LOAD ./lwip_1.4.1/src/api/api_lib.o
LOAD ./lwip_1.4.1/src/api/api_msg.o
LOAD ./lwip_1.4.1/src/api/err.o
LOAD ./lwip_1.4.1/src/api/netbuf.o
LOAD ./lwip_1.4.1/src/api/netdb.o
LOAD ./lwip_1.4.1/src/api/netifapi.o
LOAD ./lwip_1.4.1/src/api/sockets.o
LOAD ./lwip_1.4.1/src/api/tcpip.o
LOAD ./lwip_1.4.1/port/ethernetif.o
LOAD ./lwip_1.4.1/port/fsl_phy.o
LOAD ./lwip_1.4.1/port/sys_arch.o
LOAD ./freertos/Source/portable/MemMang/heap_4.o
LOAD ./freertos/Source/portable/GCC/ARM_CM4F/port.o
LOAD ./freertos/Source/croutine.o
LOAD ./freertos/Source/event_groups.o
LOAD ./freertos/Source/list.o
LOAD ./freertos/Source/queue.o
LOAD ./freertos/Source/tasks.o
LOAD ./freertos/Source/timers.o
LOAD ./drivers/fsl_clock.o
LOAD ./drivers/fsl_common.o
LOAD ./drivers/fsl_enet.o
LOAD ./drivers/fsl_gpio.o
LOAD ./drivers/fsl_smc.o
LOAD ./drivers/fsl_uart.o
LOAD ./board/board.o
LOAD ./board/clock_config.o
LOAD ./board/pin_mux.o
LOAD /Applications/KDS_3.0.0.app/Contents/toolchain/bin/../lib/gcc/arm-none-eabi/4.8.4/../../../../arm-none-eabi/lib/armv7e-m/fpu/libstdc++_s.a
LOAD /Applications/KDS_3.0.0.app/Contents/toolchain/bin/../lib/gcc/arm-none-eabi/4.8.4/../../../../arm-none-eabi/lib/armv7e-m/fpu/libm.a
START GROUP
LOAD /Applications/KDS_3.0.0.app/Contents/toolchain/bin/../lib/gcc/arm-none-eabi/4.8.4/armv7e-m/fpu/libgcc.a
LOAD /Applications/KDS_3.0.0.app/Contents/toolchain/bin/../lib/gcc/arm-none-eabi/4.8.4/../../../../arm-none-eabi/lib/armv7e-m/fpu/libg_s.a
LOAD /Applications/KDS_3.0.0.app/Contents/toolchain/bin/../lib/gcc/arm-none-eabi/4.8.4/../../../../arm-none-eabi/lib/armv7e-m/fpu/libc_s.a
END GROUP
START GROUP
LOAD /Applications/KDS_3.0.0.app/Contents/toolchain/bin/../lib/gcc/arm-none-eabi/4.8.4/armv7e-m/fpu/libgcc.a
LOAD /Applications/KDS_3.0.0.app/Contents/toolchain/bin/../lib/gcc/arm-none-eabi/4.8.4/../../../../arm-none-eabi/lib/armv7e-m/fpu/libc_s.a
LOAD /Applications/KDS_3.0.0.app/Contents/toolchain/bin/../lib/gcc/arm-none-eabi/4.8.4/../../../../arm-none-eabi/lib/armv7e-m/fpu/libnosys.a
END GROUP
START GROUP
LOAD /Applications/KDS_3.0.0.app/Contents/toolchain/bin/../lib/gcc/arm-none-eabi/4.8.4/armv7e-m/fpu/libgcc.a
LOAD /Applications/KDS_3.0.0.app/Contents/toolchain/bin/../lib/gcc/arm-none-eabi/4.8.4/../../../../arm-none-eabi/lib/armv7e-m/fpu/libc_s.a
LOAD /Applications/KDS_3.0.0.app/Contents/toolchain/bin/../lib/gcc/arm-none-eabi/4.8.4/../../../../arm-none-eabi/lib/armv7e-m/fpu/libnosys.a
END GROUP
LOAD /Applications/KDS_3.0.0.app/Contents/toolchain/bin/../lib/gcc/arm-none-eabi/4.8.4/armv7e-m/fpu/crtend.o
LOAD /Applications/KDS_3.0.0.app/Contents/toolchain/bin/../lib/gcc/arm-none-eabi/4.8.4/armv7e-m/fpu/crtn.o
                0x0000000000000400                HEAP_SIZE = DEFINED (__heap_size__)?__heap_size__:0x400
                0x0000000000000400                STACK_SIZE = DEFINED (__stack_size__)?__stack_size__:0x400
                0x0000000000000000                M_VECTOR_RAM_SIZE = DEFINED (__ram_vector_table__)?0x400:0x0

.interrupts     0x0000000000000000      0x400
                0x0000000000000000                __VECTOR_TABLE = .
                0x0000000000000000                . = ALIGN (0x4)
 *(.isr_vector)
 .isr_vector    0x0000000000000000      0x400 ./startup/startup_MK64F12.o
                0x0000000000000000                __isr_vector
                0x0000000000000400                . = ALIGN (0x4)

.flash_config   0x0000000000000400       0x10
                0x0000000000000400                . = ALIGN (0x4)
 *(.FlashConfig)
 .FlashConfig   0x0000000000000400       0x10 ./startup/startup_MK64F12.o
                0x0000000000000410                . = ALIGN (0x4)

.text           0x0000000000000410    0x171cc
                0x0000000000000410                . = ALIGN (0x4)
 *(.text)
 .text          0x0000000000000410       0x54 /Applications/KDS_3.0.0.app/Contents/toolchain/bin/../lib/gcc/arm-none-eabi/4.8.4/armv7e-m/fpu/crtbegin.o
 .text          0x0000000000000464       0x74 /Applications/KDS_3.0.0.app/Contents/toolchain/bin/../lib/gcc/arm-none-eabi/4.8.4/../../../../arm-none-eabi/lib/armv7e-m/fpu/crt0.o
                0x0000000000000464                _mainCRTStartup
                0x0000000000000464                _start
 .text          0x00000000000004d8      0x1e4 ./startup/startup_MK64F12.o
                0x00000000000004d8                Reset_Handler
                0x000000000000051c                DebugMon_Handler
                0x000000000000051c                PORTC_IRQHandler
                0x000000000000051c                DMA0_DriverIRQHandler
                0x000000000000051c                DMA12_DriverIRQHandler
                0x000000000000051c                SPI1_DriverIRQHandler
                0x000000000000051c                DMA_Error_DriverIRQHandler
                0x000000000000051c                CMP0_IRQHandler
                0x000000000000051c                FTFE_IRQHandler
                0x000000000000051c                UART0_LON_DriverIRQHandler
                0x000000000000051c                I2C1_DriverIRQHandler
                0x000000000000051c                DMA1_DriverIRQHandler
                0x000000000000051c                DMA7_DriverIRQHandler
                0x000000000000051c                I2C0_DriverIRQHandler
                0x000000000000051c                ENET_Transmit_DriverIRQHandler
                0x000000000000051c                DMA2_DriverIRQHandler
                0x000000000000051c                SDHC_DriverIRQHandler
                0x000000000000051c                PIT0_IRQHandler
                0x000000000000051c                UART1_ERR_DriverIRQHandler
                0x000000000000051c                CMP2_IRQHandler
                0x000000000000051c                LLWU_IRQHandler
                0x000000000000051c                I2S0_Tx_DriverIRQHandler
                0x000000000000051c                DMA6_DriverIRQHandler
                0x000000000000051c                BusFault_Handler
                0x000000000000051c                ENET_1588_Timer_DriverIRQHandler
                0x000000000000051c                I2C2_DriverIRQHandler
                0x000000000000051c                SWI_IRQHandler
                0x000000000000051c                ADC0_IRQHandler
                0x000000000000051c                UsageFault_Handler
                0x000000000000051c                LPTMR0_IRQHandler
                0x000000000000051c                CMT_IRQHandler
                0x000000000000051c                FTM2_IRQHandler
                0x000000000000051c                PORTE_IRQHandler
                0x000000000000051c                DefaultISR
                0x000000000000051c                FTM3_IRQHandler
                0x000000000000051c                UART5_ERR_DriverIRQHandler
                0x000000000000051c                CAN0_DriverIRQHandler
                0x000000000000051c                DMA11_DriverIRQHandler
                0x000000000000051c                CMP1_IRQHandler
                0x000000000000051c                Reserved71_IRQHandler
                0x000000000000051c                PORTD_IRQHandler
                0x000000000000051c                PORTB_IRQHandler
                0x000000000000051c                DMA10_DriverIRQHandler
                0x000000000000051c                MCM_IRQHandler
                0x000000000000051c                UART2_ERR_DriverIRQHandler
                0x000000000000051c                SPI2_DriverIRQHandler
                0x000000000000051c                ADC1_IRQHandler
                0x000000000000051c                DMA5_DriverIRQHandler
                0x000000000000051c                DMA4_DriverIRQHandler
                0x000000000000051c                DAC1_IRQHandler
                0x000000000000051c                PIT2_IRQHandler
                0x000000000000051c                PORTA_IRQHandler
                0x000000000000051c                FTM0_IRQHandler
                0x000000000000051c                RTC_IRQHandler
                0x000000000000051c                UART3_ERR_DriverIRQHandler
                0x000000000000051c                PDB0_IRQHandler
                0x000000000000051c                FTM1_IRQHandler
                0x000000000000051c                LVD_LVW_IRQHandler
                0x000000000000051c                PIT1_IRQHandler
                0x000000000000051c                DMA3_DriverIRQHandler
                0x000000000000051c                PIT3_IRQHandler
                0x000000000000051c                SPI0_DriverIRQHandler
                0x000000000000051c                RTC_Seconds_IRQHandler
                0x000000000000051c                MCG_IRQHandler
                0x000000000000051c                RNG_IRQHandler
                0x000000000000051c                DMA9_DriverIRQHandler
                0x000000000000051c                DMA8_DriverIRQHandler
                0x000000000000051c                UART0_ERR_DriverIRQHandler
                0x000000000000051c                DMA15_DriverIRQHandler
                0x000000000000051c                ENET_Error_DriverIRQHandler
                0x000000000000051c                DMA13_DriverIRQHandler
                0x000000000000051c                Read_Collision_IRQHandler
                0x000000000000051c                DMA14_DriverIRQHandler
                0x000000000000051c                DAC0_IRQHandler
                0x000000000000051c                USBDCD_IRQHandler
                0x000000000000051c                I2S0_Rx_DriverIRQHandler
                0x000000000000051c                USB0_IRQHandler
                0x000000000000051c                ENET_Receive_DriverIRQHandler
                0x000000000000051c                UART4_ERR_DriverIRQHandler
                0x000000000000051c                WDOG_EWM_IRQHandler
                0x000000000000051c                MemManage_Handler
                0x0000000000000520                NMI_Handler
                0x0000000000000524                HardFault_Handler
                0x0000000000000534                DMA0_IRQHandler
                0x0000000000000538                DMA1_IRQHandler
                0x000000000000053c                DMA2_IRQHandler
                0x0000000000000540                DMA3_IRQHandler
                0x0000000000000544                DMA4_IRQHandler
                0x0000000000000548                DMA5_IRQHandler
                0x000000000000054c                DMA6_IRQHandler
                0x0000000000000550                DMA7_IRQHandler
                0x0000000000000554                DMA8_IRQHandler
                0x0000000000000558                DMA9_IRQHandler
                0x000000000000055c                DMA10_IRQHandler
                0x0000000000000560                DMA11_IRQHandler
                0x0000000000000564                DMA12_IRQHandler
                0x0000000000000568                DMA13_IRQHandler
                0x000000000000056c                DMA14_IRQHandler
                0x0000000000000570                DMA15_IRQHandler
                0x0000000000000574                DMA_Error_IRQHandler
                0x0000000000000578                I2C0_IRQHandler
                0x000000000000057c                I2C1_IRQHandler
                0x0000000000000580                SPI0_IRQHandler
                0x0000000000000584                SPI1_IRQHandler
                0x0000000000000588                I2S0_Tx_IRQHandler
                0x000000000000058c                I2S0_Rx_IRQHandler
                0x0000000000000590                UART0_LON_IRQHandler
                0x0000000000000594                UART0_RX_TX_IRQHandler
                0x0000000000000598                UART0_ERR_IRQHandler
                0x000000000000059c                UART1_RX_TX_IRQHandler
                0x00000000000005a0                UART1_ERR_IRQHandler
                0x00000000000005a4                UART2_RX_TX_IRQHandler
                0x00000000000005a8                UART2_ERR_IRQHandler
                0x00000000000005ac                UART3_RX_TX_IRQHandler
                0x00000000000005b0                UART3_ERR_IRQHandler
                0x00000000000005b4                SPI2_IRQHandler
                0x00000000000005b8                UART4_RX_TX_IRQHandler
                0x00000000000005bc                UART4_ERR_IRQHandler
                0x00000000000005c0                UART5_RX_TX_IRQHandler
                0x00000000000005c4                UART5_ERR_IRQHandler
                0x00000000000005c8                I2C2_IRQHandler
                0x00000000000005cc                CAN0_ORed_Message_buffer_IRQHandler
                0x00000000000005d0                CAN0_Bus_Off_IRQHandler
                0x00000000000005d4                CAN0_Error_IRQHandler
                0x00000000000005d8                CAN0_Tx_Warning_IRQHandler
                0x00000000000005dc                CAN0_Rx_Warning_IRQHandler
                0x00000000000005e0                CAN0_Wake_Up_IRQHandler
                0x00000000000005e4                SDHC_IRQHandler
 .text          0x00000000000006bc      0x370 /Applications/KDS_3.0.0.app/Contents/toolchain/bin/../lib/gcc/arm-none-eabi/4.8.4/armv7e-m/fpu/libgcc.a(_arm_addsubdf3.o)
                0x00000000000006bc                __aeabi_drsub
                0x00000000000006c4                __subdf3
                0x00000000000006c4                __aeabi_dsub
                0x00000000000006c8                __aeabi_dadd
                0x00000000000006c8                __adddf3
                0x0000000000000940                __aeabi_ui2d
                0x0000000000000940                __floatunsidf
                0x0000000000000960                __floatsidf
                0x0000000000000960                __aeabi_i2d
                0x0000000000000984                __extendsfdf2
                0x0000000000000984                __aeabi_f2d
                0x00000000000009c0                __aeabi_ul2d
                0x00000000000009c0                __floatundidf
                0x00000000000009d0                __aeabi_l2d
                0x00000000000009d0                __floatdidf
 .text          0x0000000000000a2c      0x424 /Applications/KDS_3.0.0.app/Contents/toolchain/bin/../lib/gcc/arm-none-eabi/4.8.4/armv7e-m/fpu/libgcc.a(_arm_muldivdf3.o)
                0x0000000000000a2c                __aeabi_dmul
                0x0000000000000a2c                __muldf3
                0x0000000000000c80                __aeabi_ddiv
                0x0000000000000c80                __divdf3
 .text          0x0000000000000e50      0x110 /Applications/KDS_3.0.0.app/Contents/toolchain/bin/../lib/gcc/arm-none-eabi/4.8.4/armv7e-m/fpu/libgcc.a(_arm_cmpdf2.o)
                0x0000000000000e50                __gtdf2
                0x0000000000000e50                __gedf2
                0x0000000000000e58                __ltdf2
                0x0000000000000e58                __ledf2
                0x0000000000000e60                __eqdf2
                0x0000000000000e60                __nedf2
                0x0000000000000e60                __cmpdf2
                0x0000000000000edc                __aeabi_cdrcmple
                0x0000000000000eec                __aeabi_cdcmple
                0x0000000000000eec                __aeabi_cdcmpeq
                0x0000000000000efc                __aeabi_dcmpeq
                0x0000000000000f10                __aeabi_dcmplt
                0x0000000000000f24                __aeabi_dcmple
                0x0000000000000f38                __aeabi_dcmpge
                0x0000000000000f4c                __aeabi_dcmpgt
 .text          0x0000000000000f60       0x50 /Applications/KDS_3.0.0.app/Contents/toolchain/bin/../lib/gcc/arm-none-eabi/4.8.4/armv7e-m/fpu/libgcc.a(_arm_fixdfsi.o)
                0x0000000000000f60                __fixdfsi
                0x0000000000000f60                __aeabi_d2iz
 .text          0x0000000000000fb0       0x38 /Applications/KDS_3.0.0.app/Contents/toolchain/bin/../lib/gcc/arm-none-eabi/4.8.4/armv7e-m/fpu/libgcc.a(_aeabi_ldivmod.o)
                0x0000000000000fb0                __aeabi_ldivmod
 .text          0x0000000000000fe8       0x2c /Applications/KDS_3.0.0.app/Contents/toolchain/bin/../lib/gcc/arm-none-eabi/4.8.4/armv7e-m/fpu/libgcc.a(_aeabi_uldivmod.o)
                0x0000000000000fe8                __aeabi_uldivmod
 .text          0x0000000000001014       0x30 /Applications/KDS_3.0.0.app/Contents/toolchain/bin/../lib/gcc/arm-none-eabi/4.8.4/armv7e-m/fpu/libgcc.a(_fixdfdi.o)
                0x0000000000001014                __aeabi_d2lz
                0x0000000000001014                __fixdfdi
 .text          0x0000000000001044       0x44 /Applications/KDS_3.0.0.app/Contents/toolchain/bin/../lib/gcc/arm-none-eabi/4.8.4/armv7e-m/fpu/libgcc.a(_fixunsdfdi.o)
                0x0000000000001044                __aeabi_d2ulz
                0x0000000000001044                __fixunsdfdi
 .text          0x0000000000001088       0x60 /Applications/KDS_3.0.0.app/Contents/toolchain/bin/../lib/gcc/arm-none-eabi/4.8.4/armv7e-m/fpu/libgcc.a(bpabi.o)
                0x0000000000001088                __gnu_ldivmod_helper
                0x00000000000010b8                __gnu_uldivmod_helper
 .text          0x00000000000010e8        0x4 /Applications/KDS_3.0.0.app/Contents/toolchain/bin/../lib/gcc/arm-none-eabi/4.8.4/armv7e-m/fpu/libgcc.a(_dvmd_tls.o)
                0x00000000000010e8                __aeabi_ldiv0
                0x00000000000010e8                __aeabi_idiv0
 .text          0x00000000000010ec       0x40 /Applications/KDS_3.0.0.app/Contents/toolchain/bin/../lib/gcc/arm-none-eabi/4.8.4/armv7e-m/fpu/libgcc.a(_arm_fixunsdfsi.o)
                0x00000000000010ec                __fixunsdfsi
                0x00000000000010ec                __aeabi_d2uiz
 .text          0x000000000000112c      0x298 /Applications/KDS_3.0.0.app/Contents/toolchain/bin/../lib/gcc/arm-none-eabi/4.8.4/armv7e-m/fpu/libgcc.a(_divdi3.o)
                0x000000000000112c                __divdi3
 .text          0x00000000000013c4      0x284 /Applications/KDS_3.0.0.app/Contents/toolchain/bin/../lib/gcc/arm-none-eabi/4.8.4/armv7e-m/fpu/libgcc.a(_udivdi3.o)
                0x00000000000013c4                __udivdi3
 *(.text*)
 .text.UART_EnableTx
                0x0000000000001648       0x40 ./utilities/fsl_debug_console.o
 .text.UART_EnableRx
                0x0000000000001688       0x40 ./utilities/fsl_debug_console.o
 .text.DbgConsole_Init
                0x00000000000016c8       0x90 ./utilities/fsl_debug_console.o
                0x00000000000016c8                DbgConsole_Init
 .text.DbgConsole_Printf
                0x0000000000001758       0x40 ./utilities/fsl_debug_console.o
                0x0000000000001758                DbgConsole_Printf
 .text.DbgConsole_Putchar
                0x0000000000001798       0x38 ./utilities/fsl_debug_console.o
                0x0000000000001798                DbgConsole_Putchar
 .text.DbgConsole_PrintfPaddingCharacter
                0x00000000000017d0       0x40 ./utilities/fsl_debug_console.o
 .text.DbgConsole_ConvertRadixNumToString
                0x0000000000001810      0x1d8 ./utilities/fsl_debug_console.o
 .text.DbgConsole_ConvertFloatRadixNumToString
                0x00000000000019e8      0x2b8 ./utilities/fsl_debug_console.o
 .text.DbgConsole_PrintfFormattedData
                0x0000000000001ca0      0x8a0 ./utilities/fsl_debug_console.o
 .text._write   0x0000000000002540       0x58 ./utilities/fsl_debug_console.o
                0x0000000000002540                _write
 .text._read    0x0000000000002598       0x44 ./utilities/fsl_debug_console.o
                0x0000000000002598                _read
 .text.SystemInit
                0x00000000000025dc       0x3c ./startup/system_MK64F12.o
                0x00000000000025dc                SystemInit
 .text.hello_task
                0x0000000000002618       0x10 ./source/main.o
 .text.main     0x0000000000002628      0x1dc ./source/main.o
                0x0000000000002628                main
 .text.etharp_free_entry
                0x0000000000002804      0x114 ./lwip_1.4.1/src/netif/etharp.o
 .text.etharp_find_entry
                0x0000000000002918      0x258 ./lwip_1.4.1/src/netif/etharp.o
 .text.etharp_send_ip
                0x0000000000002b70       0x64 ./lwip_1.4.1/src/netif/etharp.o
 .text.etharp_update_arp_entry
                0x0000000000002bd4      0x134 ./lwip_1.4.1/src/netif/etharp.o
 .text.etharp_cleanup_netif
                0x0000000000002d08       0x60 ./lwip_1.4.1/src/netif/etharp.o
                0x0000000000002d08                etharp_cleanup_netif
 .text.etharp_arp_input
                0x0000000000002d68      0x1b8 ./lwip_1.4.1/src/netif/etharp.o
 .text.etharp_output_to_arp_index
                0x0000000000002f20       0xc0 ./lwip_1.4.1/src/netif/etharp.o
 .text.etharp_output
                0x0000000000002fe0      0x1bc ./lwip_1.4.1/src/netif/etharp.o
                0x0000000000002fe0                etharp_output
 .text.etharp_query
                0x000000000000319c      0x25c ./lwip_1.4.1/src/netif/etharp.o
                0x000000000000319c                etharp_query
 .text.etharp_raw
                0x00000000000033f8      0x12c ./lwip_1.4.1/src/netif/etharp.o
 .text.etharp_request
                0x0000000000003524       0x44 ./lwip_1.4.1/src/netif/etharp.o
                0x0000000000003524                etharp_request
 .text.ethernet_input
                0x0000000000003568      0x104 ./lwip_1.4.1/src/netif/etharp.o
                0x0000000000003568                ethernet_input
 .text.icmp_input
                0x000000000000366c      0x248 ./lwip_1.4.1/src/core/ipv4/icmp.o
                0x000000000000366c                icmp_input
 .text.icmp_dest_unreach
                0x00000000000038b4       0x20 ./lwip_1.4.1/src/core/ipv4/icmp.o
                0x00000000000038b4                icmp_dest_unreach
 .text.icmp_time_exceeded
                0x00000000000038d4       0x20 ./lwip_1.4.1/src/core/ipv4/icmp.o
                0x00000000000038d4                icmp_time_exceeded
 .text.icmp_send_response
                0x00000000000038f4       0xc0 ./lwip_1.4.1/src/core/ipv4/icmp.o
 .text.lwip_standard_chksum
                0x00000000000039b4       0xb8 ./lwip_1.4.1/src/core/ipv4/inet_chksum.o
 .text.inet_chksum_pseudo
                0x0000000000003a6c      0x10c ./lwip_1.4.1/src/core/ipv4/inet_chksum.o
                0x0000000000003a6c                inet_chksum_pseudo
 .text.inet_chksum
                0x0000000000003b78       0x24 ./lwip_1.4.1/src/core/ipv4/inet_chksum.o
                0x0000000000003b78                inet_chksum
 .text.inet_chksum_pbuf
                0x0000000000003b9c       0x98 ./lwip_1.4.1/src/core/ipv4/inet_chksum.o
                0x0000000000003b9c                inet_chksum_pbuf
 .text.ip_route
                0x0000000000003c34       0x78 ./lwip_1.4.1/src/core/ipv4/ip.o
                0x0000000000003c34                ip_route
 .text.ip_input
                0x0000000000003cac      0x268 ./lwip_1.4.1/src/core/ipv4/ip.o
                0x0000000000003cac                ip_input
 .text.ip_output_if
                0x0000000000003f14      0x1c4 ./lwip_1.4.1/src/core/ipv4/ip.o
                0x0000000000003f14                ip_output_if
 .text.ip_output
                0x00000000000040d8       0x5c ./lwip_1.4.1/src/core/ipv4/ip.o
                0x00000000000040d8                ip_output
 .text.ip4_addr_isbroadcast
                0x0000000000004134       0x78 ./lwip_1.4.1/src/core/ipv4/ip_addr.o
                0x0000000000004134                ip4_addr_isbroadcast
 .text.ipaddr_ntoa
                0x00000000000041ac       0x20 ./lwip_1.4.1/src/core/ipv4/ip_addr.o
                0x00000000000041ac                ipaddr_ntoa
 .text.ipaddr_ntoa_r
                0x00000000000041cc      0x104 ./lwip_1.4.1/src/core/ipv4/ip_addr.o
                0x00000000000041cc                ipaddr_ntoa_r
 .text.ip_reass_free_complete_datagram
                0x00000000000042d0      0x128 ./lwip_1.4.1/src/core/ipv4/ip_frag.o
 .text.ip_reass_remove_oldest_datagram
                0x00000000000043f8       0xb8 ./lwip_1.4.1/src/core/ipv4/ip_frag.o
 .text.ip_reass_enqueue_new_datagram
                0x00000000000044b0       0x74 ./lwip_1.4.1/src/core/ipv4/ip_frag.o
 .text.ip_reass_dequeue_datagram
                0x0000000000004524       0x48 ./lwip_1.4.1/src/core/ipv4/ip_frag.o
 .text.ip_reass_chain_frag_into_datagram_and_validate
                0x000000000000456c      0x26c ./lwip_1.4.1/src/core/ipv4/ip_frag.o
 .text.ip_reass
                0x00000000000047d8      0x23c ./lwip_1.4.1/src/core/ipv4/ip_frag.o
                0x00000000000047d8                ip_reass
 .text.ip_frag_alloc_pbuf_custom_ref
                0x0000000000004a14       0x10 ./lwip_1.4.1/src/core/ipv4/ip_frag.o
 .text.ip_frag_free_pbuf_custom_ref
                0x0000000000004a24       0x28 ./lwip_1.4.1/src/core/ipv4/ip_frag.o
 .text.ipfrag_free_pbuf_custom
                0x0000000000004a4c       0x4c ./lwip_1.4.1/src/core/ipv4/ip_frag.o
 .text.ip_frag  0x0000000000004a98      0x20c ./lwip_1.4.1/src/core/ipv4/ip_frag.o
                0x0000000000004a98                ip_frag
 .text.lwip_htons
                0x0000000000004ca4       0x2c ./lwip_1.4.1/src/core/def.o
                0x0000000000004ca4                lwip_htons
 .text.lwip_ntohs
                0x0000000000004cd0       0x1c ./lwip_1.4.1/src/core/def.o
                0x0000000000004cd0                lwip_ntohs
 .text.lwip_htonl
                0x0000000000004cec       0x34 ./lwip_1.4.1/src/core/def.o
                0x0000000000004cec                lwip_htonl
 .text.lwip_ntohl
                0x0000000000004d20       0x18 ./lwip_1.4.1/src/core/def.o
                0x0000000000004d20                lwip_ntohl
 .text.dhcp_handle_nak
                0x0000000000004d38       0x44 ./lwip_1.4.1/src/core/dhcp.o
 .text.dhcp_check
                0x0000000000004d7c       0x5c ./lwip_1.4.1/src/core/dhcp.o
 .text.dhcp_handle_offer
                0x0000000000004dd8       0x44 ./lwip_1.4.1/src/core/dhcp.o
 .text.dhcp_select
                0x0000000000004e1c      0x138 ./lwip_1.4.1/src/core/dhcp.o
 .text.dhcp_handle_ack
                0x0000000000004f54       0xb8 ./lwip_1.4.1/src/core/dhcp.o
 .text.dhcp_start
                0x000000000000500c      0x14c ./lwip_1.4.1/src/core/dhcp.o
                0x000000000000500c                dhcp_start
 .text.dhcp_arp_reply
                0x0000000000005158       0x48 ./lwip_1.4.1/src/core/dhcp.o
                0x0000000000005158                dhcp_arp_reply
 .text.dhcp_decline
                0x00000000000051a0       0xc4 ./lwip_1.4.1/src/core/dhcp.o
 .text.dhcp_discover
                0x0000000000005264      0x104 ./lwip_1.4.1/src/core/dhcp.o
 .text.dhcp_bind
                0x0000000000005368      0x170 ./lwip_1.4.1/src/core/dhcp.o
 .text.dhcp_stop
                0x00000000000054d8       0x70 ./lwip_1.4.1/src/core/dhcp.o
                0x00000000000054d8                dhcp_stop
 .text.dhcp_set_state
                0x0000000000005548       0x34 ./lwip_1.4.1/src/core/dhcp.o
 .text.dhcp_option
                0x000000000000557c       0x60 ./lwip_1.4.1/src/core/dhcp.o
 .text.dhcp_option_byte
                0x00000000000055dc       0x3c ./lwip_1.4.1/src/core/dhcp.o
 .text.dhcp_option_short
                0x0000000000005618       0x60 ./lwip_1.4.1/src/core/dhcp.o
 .text.dhcp_option_long
                0x0000000000005678       0x9c ./lwip_1.4.1/src/core/dhcp.o
 .text.dhcp_parse_reply
                0x0000000000005714      0x4b0 ./lwip_1.4.1/src/core/dhcp.o
 .text.dhcp_recv
                0x0000000000005bc4      0x154 ./lwip_1.4.1/src/core/dhcp.o
 .text.dhcp_create_msg
                0x0000000000005d18      0x26c ./lwip_1.4.1/src/core/dhcp.o
 .text.dhcp_delete_msg
                0x0000000000005f84       0x64 ./lwip_1.4.1/src/core/dhcp.o
 .text.dhcp_option_trailer
                0x0000000000005fe8       0x94 ./lwip_1.4.1/src/core/dhcp.o
 .text.tcpip_tcp_timer
                0x000000000000607c       0x44 ./lwip_1.4.1/src/core/lwip_timers.o
 .text.tcp_timer_needed
                0x00000000000060c0       0x40 ./lwip_1.4.1/src/core/lwip_timers.o
                0x00000000000060c0                tcp_timer_needed
 .text.sys_timeout
                0x0000000000006100       0xf0 ./lwip_1.4.1/src/core/lwip_timers.o
                0x0000000000006100                sys_timeout
 .text.plug_holes
                0x00000000000061f0      0x108 ./lwip_1.4.1/src/core/mem.o
 .text.mem_free
                0x00000000000062f8       0xb0 ./lwip_1.4.1/src/core/mem.o
                0x00000000000062f8                mem_free
 .text.mem_trim
                0x00000000000063a8      0x1b0 ./lwip_1.4.1/src/core/mem.o
                0x00000000000063a8                mem_trim
 .text.mem_malloc
                0x0000000000006558      0x1c4 ./lwip_1.4.1/src/core/mem.o
                0x0000000000006558                mem_malloc
 .text.memp_malloc
                0x000000000000671c       0x5c ./lwip_1.4.1/src/core/memp.o
                0x000000000000671c                memp_malloc
 .text.memp_free
                0x0000000000006778       0x4c ./lwip_1.4.1/src/core/memp.o
                0x0000000000006778                memp_free
 .text.netif_add
                0x00000000000067c4       0x98 ./lwip_1.4.1/src/core/netif.o
                0x00000000000067c4                netif_add
 .text.netif_set_addr
                0x000000000000685c       0x2c ./lwip_1.4.1/src/core/netif.o
                0x000000000000685c                netif_set_addr
 .text.netif_set_ipaddr
                0x0000000000006888       0xb0 ./lwip_1.4.1/src/core/netif.o
                0x0000000000006888                netif_set_ipaddr
 .text.netif_set_gw
                0x0000000000006938       0x28 ./lwip_1.4.1/src/core/netif.o
                0x0000000000006938                netif_set_gw
 .text.netif_set_netmask
                0x0000000000006960       0x28 ./lwip_1.4.1/src/core/netif.o
                0x0000000000006960                netif_set_netmask
 .text.netif_set_default
                0x0000000000006988       0x1c ./lwip_1.4.1/src/core/netif.o
                0x0000000000006988                netif_set_default
 .text.netif_set_up
                0x00000000000069a4       0x58 ./lwip_1.4.1/src/core/netif.o
                0x00000000000069a4                netif_set_up
 .text.netif_set_down
                0x00000000000069fc       0x44 ./lwip_1.4.1/src/core/netif.o
                0x00000000000069fc                netif_set_down
 .text.pbuf_alloc
                0x0000000000006a40      0x2b4 ./lwip_1.4.1/src/core/pbuf.o
                0x0000000000006a40                pbuf_alloc
 .text.pbuf_alloced_custom
                0x0000000000006cf4       0xbc ./lwip_1.4.1/src/core/pbuf.o
                0x0000000000006cf4                pbuf_alloced_custom
 .text.pbuf_realloc
                0x0000000000006db0      0x120 ./lwip_1.4.1/src/core/pbuf.o
                0x0000000000006db0                pbuf_realloc
 .text.pbuf_header
                0x0000000000006ed0      0x100 ./lwip_1.4.1/src/core/pbuf.o
                0x0000000000006ed0                pbuf_header
 .text.pbuf_free
                0x0000000000006fd0      0x100 ./lwip_1.4.1/src/core/pbuf.o
                0x0000000000006fd0                pbuf_free
 .text.pbuf_clen
                0x00000000000070d0       0x30 ./lwip_1.4.1/src/core/pbuf.o
                0x00000000000070d0                pbuf_clen
 .text.pbuf_ref
                0x0000000000007100       0x24 ./lwip_1.4.1/src/core/pbuf.o
                0x0000000000007100                pbuf_ref
 .text.pbuf_cat
                0x0000000000007124       0x8c ./lwip_1.4.1/src/core/pbuf.o
                0x0000000000007124                pbuf_cat
 .text.pbuf_chain
                0x00000000000071b0       0x20 ./lwip_1.4.1/src/core/pbuf.o
                0x00000000000071b0                pbuf_chain
 .text.pbuf_copy
                0x00000000000071d0      0x15c ./lwip_1.4.1/src/core/pbuf.o
                0x00000000000071d0                pbuf_copy
 .text.pbuf_copy_partial
                0x000000000000732c       0xd8 ./lwip_1.4.1/src/core/pbuf.o
                0x000000000000732c                pbuf_copy_partial
 .text.raw_input
                0x0000000000007404       0xc0 ./lwip_1.4.1/src/core/raw.o
                0x0000000000007404                raw_input
 .text.raw_bind
                0x00000000000074c4       0x2c ./lwip_1.4.1/src/core/raw.o
                0x00000000000074c4                raw_bind
 .text.raw_connect
                0x00000000000074f0       0x2c ./lwip_1.4.1/src/core/raw.o
                0x00000000000074f0                raw_connect
 .text.raw_recv
                0x000000000000751c       0x24 ./lwip_1.4.1/src/core/raw.o
                0x000000000000751c                raw_recv
 .text.raw_new  0x0000000000007540       0x4c ./lwip_1.4.1/src/core/raw.o
                0x0000000000007540                raw_new
 .text.tcp_tmr  0x000000000000758c       0x2c ./lwip_1.4.1/src/core/tcp.o
                0x000000000000758c                tcp_tmr
 .text.tcp_close_shutdown
                0x00000000000075b8      0x260 ./lwip_1.4.1/src/core/tcp.o
 .text.tcp_close
                0x0000000000007818       0x30 ./lwip_1.4.1/src/core/tcp.o
                0x0000000000007818                tcp_close
 .text.tcp_shutdown
                0x0000000000007848       0x8c ./lwip_1.4.1/src/core/tcp.o
                0x0000000000007848                tcp_shutdown
 .text.tcp_abandon
                0x00000000000078d4       0xcc ./lwip_1.4.1/src/core/tcp.o
                0x00000000000078d4                tcp_abandon
 .text.tcp_abort
                0x00000000000079a0       0x18 ./lwip_1.4.1/src/core/tcp.o
                0x00000000000079a0                tcp_abort
 .text.tcp_bind
                0x00000000000079b8       0xe8 ./lwip_1.4.1/src/core/tcp.o
                0x00000000000079b8                tcp_bind
 .text.tcp_update_rcv_ann_wnd
                0x0000000000007aa0       0x90 ./lwip_1.4.1/src/core/tcp.o
                0x0000000000007aa0                tcp_update_rcv_ann_wnd
 .text.tcp_recved
                0x0000000000007b30       0x88 ./lwip_1.4.1/src/core/tcp.o
                0x0000000000007b30                tcp_recved
 .text.tcp_new_port
                0x0000000000007bb8       0x8c ./lwip_1.4.1/src/core/tcp.o
 .text.tcp_connect
                0x0000000000007c44      0x1c0 ./lwip_1.4.1/src/core/tcp.o
                0x0000000000007c44                tcp_connect
 .text.tcp_slowtmr
                0x0000000000007e04      0x4c0 ./lwip_1.4.1/src/core/tcp.o
                0x0000000000007e04                tcp_slowtmr
 .text.tcp_fasttmr
                0x00000000000082c4       0xa0 ./lwip_1.4.1/src/core/tcp.o
                0x00000000000082c4                tcp_fasttmr
 .text.tcp_process_refused_data
                0x0000000000008364       0xc8 ./lwip_1.4.1/src/core/tcp.o
                0x0000000000008364                tcp_process_refused_data
 .text.tcp_segs_free
                0x000000000000842c       0x28 ./lwip_1.4.1/src/core/tcp.o
                0x000000000000842c                tcp_segs_free
 .text.tcp_seg_free
                0x0000000000008454       0x30 ./lwip_1.4.1/src/core/tcp.o
                0x0000000000008454                tcp_seg_free
 .text.tcp_recv_null
                0x0000000000008484       0x48 ./lwip_1.4.1/src/core/tcp.o
                0x0000000000008484                tcp_recv_null
 .text.tcp_kill_prio
                0x00000000000084cc       0x80 ./lwip_1.4.1/src/core/tcp.o
 .text.tcp_kill_timewait
                0x000000000000854c       0x5c ./lwip_1.4.1/src/core/tcp.o
 .text.tcp_alloc
                0x00000000000085a8      0x114 ./lwip_1.4.1/src/core/tcp.o
                0x00000000000085a8                tcp_alloc
 .text.tcp_new  0x00000000000086bc       0x10 ./lwip_1.4.1/src/core/tcp.o
                0x00000000000086bc                tcp_new
 .text.tcp_arg  0x00000000000086cc       0x1c ./lwip_1.4.1/src/core/tcp.o
                0x00000000000086cc                tcp_arg
 .text.tcp_recv
                0x00000000000086e8       0x28 ./lwip_1.4.1/src/core/tcp.o
                0x00000000000086e8                tcp_recv
 .text.tcp_sent
                0x0000000000008710       0x28 ./lwip_1.4.1/src/core/tcp.o
                0x0000000000008710                tcp_sent
 .text.tcp_err  0x0000000000008738       0x2c ./lwip_1.4.1/src/core/tcp.o
                0x0000000000008738                tcp_err
 .text.tcp_accept
                0x0000000000008764       0x1c ./lwip_1.4.1/src/core/tcp.o
                0x0000000000008764                tcp_accept
 .text.tcp_poll
                0x0000000000008780       0x38 ./lwip_1.4.1/src/core/tcp.o
                0x0000000000008780                tcp_poll
 .text.tcp_pcb_purge
                0x00000000000087b8       0x70 ./lwip_1.4.1/src/core/tcp.o
                0x00000000000087b8                tcp_pcb_purge
 .text.tcp_pcb_remove
                0x0000000000008828       0xcc ./lwip_1.4.1/src/core/tcp.o
                0x0000000000008828                tcp_pcb_remove
 .text.tcp_next_iss
                0x00000000000088f4       0x28 ./lwip_1.4.1/src/core/tcp.o
                0x00000000000088f4                tcp_next_iss
 .text.tcp_eff_send_mss
                0x000000000000891c       0x40 ./lwip_1.4.1/src/core/tcp.o
                0x000000000000891c                tcp_eff_send_mss
 .text.tcp_input
                0x000000000000895c      0x694 ./lwip_1.4.1/src/core/tcp_in.o
                0x000000000000895c                tcp_input
 .text.tcp_listen_input
                0x0000000000008ff0      0x198 ./lwip_1.4.1/src/core/tcp_in.o
 .text.tcp_timewait_input
                0x0000000000009188       0xdc ./lwip_1.4.1/src/core/tcp_in.o
 .text.tcp_process
                0x0000000000009264      0x6f4 ./lwip_1.4.1/src/core/tcp_in.o
 .text.tcp_receive
                0x0000000000009958      0x9dc ./lwip_1.4.1/src/core/tcp_in.o
 .text.tcp_parseopt
                0x000000000000a334      0x100 ./lwip_1.4.1/src/core/tcp_in.o
 .text.tcp_output_alloc_header
                0x000000000000a434       0xe8 ./lwip_1.4.1/src/core/tcp_out.o
 .text.tcp_send_fin
                0x000000000000a51c       0x80 ./lwip_1.4.1/src/core/tcp_out.o
                0x000000000000a51c                tcp_send_fin
 .text.tcp_create_segment
                0x000000000000a59c      0x108 ./lwip_1.4.1/src/core/tcp_out.o
 .text.tcp_pbuf_prealloc
                0x000000000000a6a4       0xb8 ./lwip_1.4.1/src/core/tcp_out.o
 .text.tcp_write_checks
                0x000000000000a75c       0xd0 ./lwip_1.4.1/src/core/tcp_out.o
 .text.tcp_write
                0x000000000000a82c      0x548 ./lwip_1.4.1/src/core/tcp_out.o
                0x000000000000a82c                tcp_write
 .text.tcp_enqueue_flags
                0x000000000000ad74      0x1ec ./lwip_1.4.1/src/core/tcp_out.o
                0x000000000000ad74                tcp_enqueue_flags
 .text.tcp_send_empty_ack
                0x000000000000af60       0x94 ./lwip_1.4.1/src/core/tcp_out.o
                0x000000000000af60                tcp_send_empty_ack
 .text.tcp_output
                0x000000000000aff4      0x2cc ./lwip_1.4.1/src/core/tcp_out.o
                0x000000000000aff4                tcp_output
 .text.tcp_output_segment
                0x000000000000b2c0      0x170 ./lwip_1.4.1/src/core/tcp_out.o
 .text.tcp_rst  0x000000000000b430       0xe4 ./lwip_1.4.1/src/core/tcp_out.o
                0x000000000000b430                tcp_rst
 .text.tcp_rexmit_rto
                0x000000000000b514       0x60 ./lwip_1.4.1/src/core/tcp_out.o
                0x000000000000b514                tcp_rexmit_rto
 .text.tcp_rexmit
                0x000000000000b574       0x94 ./lwip_1.4.1/src/core/tcp_out.o
                0x000000000000b574                tcp_rexmit
 .text.tcp_rexmit_fast
                0x000000000000b608       0xa4 ./lwip_1.4.1/src/core/tcp_out.o
                0x000000000000b608                tcp_rexmit_fast
 .text.tcp_keepalive
                0x000000000000b6ac       0x74 ./lwip_1.4.1/src/core/tcp_out.o
                0x000000000000b6ac                tcp_keepalive
 .text.tcp_zero_window_probe
                0x000000000000b720      0x10c ./lwip_1.4.1/src/core/tcp_out.o
                0x000000000000b720                tcp_zero_window_probe
 .text.udp_new_port
                0x000000000000b82c       0x74 ./lwip_1.4.1/src/core/udp.o
 .text.udp_input
                0x000000000000b8a0      0x2c0 ./lwip_1.4.1/src/core/udp.o
                0x000000000000b8a0                udp_input
 .text.udp_sendto_if
                0x000000000000bb60      0x174 ./lwip_1.4.1/src/core/udp.o
                0x000000000000bb60                udp_sendto_if
 .text.udp_bind
                0x000000000000bcd4       0xd0 ./lwip_1.4.1/src/core/udp.o
                0x000000000000bcd4                udp_bind
 .text.udp_connect
                0x000000000000bda4       0x9c ./lwip_1.4.1/src/core/udp.o
                0x000000000000bda4                udp_connect
 .text.udp_recv
                0x000000000000be40       0x24 ./lwip_1.4.1/src/core/udp.o
                0x000000000000be40                udp_recv
 .text.udp_remove
                0x000000000000be64       0x60 ./lwip_1.4.1/src/core/udp.o
                0x000000000000be64                udp_remove
 .text.udp_new  0x000000000000bec4       0x30 ./lwip_1.4.1/src/core/udp.o
                0x000000000000bec4                udp_new
 .text.netconn_new_with_proto_and_callback
                0x000000000000bef4       0xb4 ./lwip_1.4.1/src/api/api_lib.o
                0x000000000000bef4                netconn_new_with_proto_and_callback
 .text.netconn_bind
                0x000000000000bfa8       0x68 ./lwip_1.4.1/src/api/api_lib.o
                0x000000000000bfa8                netconn_bind
 .text.netconn_connect
                0x000000000000c010       0x68 ./lwip_1.4.1/src/api/api_lib.o
                0x000000000000c010                netconn_connect
 .text.recv_raw
                0x000000000000c078       0xd0 ./lwip_1.4.1/src/api/api_msg.o
 .text.recv_udp
                0x000000000000c148       0xd0 ./lwip_1.4.1/src/api/api_msg.o
 .text.recv_tcp
                0x000000000000c218       0xd0 ./lwip_1.4.1/src/api/api_msg.o
 .text.poll_tcp
                0x000000000000c2e8       0x9c ./lwip_1.4.1/src/api/api_msg.o
 .text.sent_tcp
                0x000000000000c384       0x98 ./lwip_1.4.1/src/api/api_msg.o
 .text.err_tcp  0x000000000000c41c      0x11c ./lwip_1.4.1/src/api/api_msg.o
 .text.setup_tcp
                0x000000000000c538       0x50 ./lwip_1.4.1/src/api/api_msg.o
 .text.pcb_new  0x000000000000c588       0xf8 ./lwip_1.4.1/src/api/api_msg.o
 .text.do_newconn
                0x000000000000c680       0x30 ./lwip_1.4.1/src/api/api_msg.o
                0x000000000000c680                do_newconn
 .text.netconn_alloc
                0x000000000000c6b0       0xa8 ./lwip_1.4.1/src/api/api_msg.o
                0x000000000000c6b0                netconn_alloc
 .text.do_close_internal
                0x000000000000c758      0x200 ./lwip_1.4.1/src/api/api_msg.o
 .text.do_bind  0x000000000000c958       0xbc ./lwip_1.4.1/src/api/api_msg.o
                0x000000000000c958                do_bind
 .text.do_connected
                0x000000000000ca14       0xe8 ./lwip_1.4.1/src/api/api_msg.o
 .text.do_connect
                0x000000000000cafc      0x144 ./lwip_1.4.1/src/api/api_msg.o
                0x000000000000cafc                do_connect
 .text.do_writemore
                0x000000000000cc40      0x244 ./lwip_1.4.1/src/api/api_msg.o
 .text.lwip_strerr
                0x000000000000ce84       0x28 ./lwip_1.4.1/src/api/err.o
                0x000000000000ce84                lwip_strerr
 .text.netbuf_delete
                0x000000000000ceac       0x3c ./lwip_1.4.1/src/api/netbuf.o
                0x000000000000ceac                netbuf_delete
 .text.tcpip_apimsg
                0x000000000000cee8       0x50 ./lwip_1.4.1/src/api/tcpip.o
                0x000000000000cee8                tcpip_apimsg
 .text.NVIC_SetPriority
                0x000000000000cf38       0x54 ./lwip_1.4.1/port/ethernetif.o
 .text.ENET_ActiveRead
                0x000000000000cf8c       0x1c ./lwip_1.4.1/port/ethernetif.o
 .text.ethernet_callback
                0x000000000000cfa8       0x28 ./lwip_1.4.1/port/ethernetif.o
                0x000000000000cfa8                ethernet_callback
 .text.low_level_init
                0x000000000000cfd0      0x148 ./lwip_1.4.1/port/ethernetif.o
                0x000000000000cfd0                low_level_init
 .text.low_level_output
                0x000000000000d118       0xec ./lwip_1.4.1/port/ethernetif.o
 .text.ethernetif_input
                0x000000000000d204      0x100 ./lwip_1.4.1/port/ethernetif.o
                0x000000000000d204                ethernetif_input
 .text.ethernetif_init
                0x000000000000d304       0x5c ./lwip_1.4.1/port/ethernetif.o
                0x000000000000d304                ethernetif_init
 .text.CLOCK_EnableClock
                0x000000000000d360       0x34 ./lwip_1.4.1/port/fsl_phy.o
 .text.ENET_ReadSMIData
                0x000000000000d394       0x1c ./lwip_1.4.1/port/fsl_phy.o
 .text.ENET_GetInterruptStatus
                0x000000000000d3b0       0x18 ./lwip_1.4.1/port/fsl_phy.o
 .text.ENET_ClearInterruptStatus
                0x000000000000d3c8       0x1c ./lwip_1.4.1/port/fsl_phy.o
 .text.PHY_Init
                0x000000000000d3e4       0xc4 ./lwip_1.4.1/port/fsl_phy.o
                0x000000000000d3e4                PHY_Init
 .text.PHY_Write
                0x000000000000d4a8       0x70 ./lwip_1.4.1/port/fsl_phy.o
                0x000000000000d4a8                PHY_Write
 .text.PHY_Read
                0x000000000000d518       0x98 ./lwip_1.4.1/port/fsl_phy.o
                0x000000000000d518                PHY_Read
 .text.PHY_GetLinkStatus
                0x000000000000d5b0       0x68 ./lwip_1.4.1/port/fsl_phy.o
                0x000000000000d5b0                PHY_GetLinkStatus
 .text.PHY_GetLinkSpeedDuplex
                0x000000000000d618       0x98 ./lwip_1.4.1/port/fsl_phy.o
                0x000000000000d618                PHY_GetLinkSpeedDuplex
 .text.sys_assert
                0x000000000000d6b0       0x20 ./lwip_1.4.1/port/sys_arch.o
                0x000000000000d6b0                sys_assert
 .text.sys_mbox_new
                0x000000000000d6d0       0x38 ./lwip_1.4.1/port/sys_arch.o
                0x000000000000d6d0                sys_mbox_new
 .text.sys_mbox_free
                0x000000000000d708       0x40 ./lwip_1.4.1/port/sys_arch.o
                0x000000000000d708                sys_mbox_free
 .text.sys_mbox_post
                0x000000000000d748       0x2c ./lwip_1.4.1/port/sys_arch.o
                0x000000000000d748                sys_mbox_post
 .text.sys_mbox_trypost
                0x000000000000d774       0x94 ./lwip_1.4.1/port/sys_arch.o
                0x000000000000d774                sys_mbox_trypost
 .text.sys_sem_new
                0x000000000000d808       0x68 ./lwip_1.4.1/port/sys_arch.o
                0x000000000000d808                sys_sem_new
 .text.sys_arch_sem_wait
                0x000000000000d870       0x88 ./lwip_1.4.1/port/sys_arch.o
                0x000000000000d870                sys_arch_sem_wait
 .text.sys_mutex_lock
                0x000000000000d8f8       0x28 ./lwip_1.4.1/port/sys_arch.o
                0x000000000000d8f8                sys_mutex_lock
 .text.sys_mutex_unlock
                0x000000000000d920       0x20 ./lwip_1.4.1/port/sys_arch.o
                0x000000000000d920                sys_mutex_unlock
 .text.sys_sem_signal
                0x000000000000d940       0x20 ./lwip_1.4.1/port/sys_arch.o
                0x000000000000d940                sys_sem_signal
 .text.sys_sem_free
                0x000000000000d960       0x18 ./lwip_1.4.1/port/sys_arch.o
                0x000000000000d960                sys_sem_free
 .text.pvPortMalloc
                0x000000000000d978      0x184 ./freertos/Source/portable/MemMang/heap_4.o
                0x000000000000d978                pvPortMalloc
 .text.vPortFree
                0x000000000000dafc       0xb0 ./freertos/Source/portable/MemMang/heap_4.o
                0x000000000000dafc                vPortFree
 .text.prvHeapInit
                0x000000000000dbac       0xc4 ./freertos/Source/portable/MemMang/heap_4.o
 .text.prvInsertBlockIntoFreeList
                0x000000000000dc70       0xb0 ./freertos/Source/portable/MemMang/heap_4.o
 .text.pxPortInitialiseStack
                0x000000000000dd20       0x64 ./freertos/Source/portable/GCC/ARM_CM4F/port.o
                0x000000000000dd20                pxPortInitialiseStack
 .text.prvTaskExitError
                0x000000000000dd84       0x3c ./freertos/Source/portable/GCC/ARM_CM4F/port.o
 .text.SVC_Handler
                0x000000000000ddc0       0x20 ./freertos/Source/portable/GCC/ARM_CM4F/port.o
                0x000000000000ddc0                SVC_Handler
 .text.prvPortStartFirstTask
                0x000000000000dde0       0x20 ./freertos/Source/portable/GCC/ARM_CM4F/port.o
 .text.xPortStartScheduler
                0x000000000000de00      0x118 ./freertos/Source/portable/GCC/ARM_CM4F/port.o
                0x000000000000de00                xPortStartScheduler
 .text.vPortEnterCritical
                0x000000000000df18       0x5c ./freertos/Source/portable/GCC/ARM_CM4F/port.o
                0x000000000000df18                vPortEnterCritical
 .text.vPortExitCritical
                0x000000000000df74       0x4c ./freertos/Source/portable/GCC/ARM_CM4F/port.o
                0x000000000000df74                vPortExitCritical
 .text.PendSV_Handler
                0x000000000000dfc0       0x60 ./freertos/Source/portable/GCC/ARM_CM4F/port.o
                0x000000000000dfc0                PendSV_Handler
 .text.SysTick_Handler
                0x000000000000e020       0x44 ./freertos/Source/portable/GCC/ARM_CM4F/port.o
                0x000000000000e020                SysTick_Handler
 .text.vPortSetupTimerInterrupt
                0x000000000000e064       0x24 ./freertos/Source/portable/GCC/ARM_CM4F/port.o
                0x000000000000e064                vPortSetupTimerInterrupt
 .text.vPortEnableVFP
                0x000000000000e088       0x14 ./freertos/Source/portable/GCC/ARM_CM4F/port.o
 .text.vPortValidateInterruptPriority
                0x000000000000e09c       0x78 ./freertos/Source/portable/GCC/ARM_CM4F/port.o
                0x000000000000e09c                vPortValidateInterruptPriority
 .text.vListInitialise
                0x000000000000e114       0x40 ./freertos/Source/list.o
                0x000000000000e114                vListInitialise
 .text.vListInitialiseItem
                0x000000000000e154       0x18 ./freertos/Source/list.o
                0x000000000000e154                vListInitialiseItem
 .text.vListInsertEnd
                0x000000000000e16c       0x48 ./freertos/Source/list.o
                0x000000000000e16c                vListInsertEnd
 .text.vListInsert
                0x000000000000e1b4       0x70 ./freertos/Source/list.o
                0x000000000000e1b4                vListInsert
 .text.uxListRemove
                0x000000000000e224       0x54 ./freertos/Source/list.o
                0x000000000000e224                uxListRemove
 .text.xQueueGenericReset
                0x000000000000e278       0xd0 ./freertos/Source/queue.o
                0x000000000000e278                xQueueGenericReset
 .text.xQueueGenericCreate
                0x000000000000e348       0xb4 ./freertos/Source/queue.o
                0x000000000000e348                xQueueGenericCreate
 .text.xQueueGenericSend
                0x000000000000e3fc      0x1ec ./freertos/Source/queue.o
                0x000000000000e3fc                xQueueGenericSend
 .text.xQueueGenericSendFromISR
                0x000000000000e5e8      0x118 ./freertos/Source/queue.o
                0x000000000000e5e8                xQueueGenericSendFromISR
 .text.xQueueGenericReceive
                0x000000000000e700      0x20c ./freertos/Source/queue.o
                0x000000000000e700                xQueueGenericReceive
 .text.uxQueueMessagesWaiting
                0x000000000000e90c       0x3c ./freertos/Source/queue.o
                0x000000000000e90c                uxQueueMessagesWaiting
 .text.vQueueDelete
                0x000000000000e948       0x38 ./freertos/Source/queue.o
                0x000000000000e948                vQueueDelete
 .text.prvCopyDataToQueue
                0x000000000000e980       0xdc ./freertos/Source/queue.o
 .text.prvCopyDataFromQueue
                0x000000000000ea5c       0x4c ./freertos/Source/queue.o
 .text.prvUnlockQueue
                0x000000000000eaa8       0x98 ./freertos/Source/queue.o
 .text.prvIsQueueEmpty
                0x000000000000eb40       0x2c ./freertos/Source/queue.o
 .text.prvIsQueueFull
                0x000000000000eb6c       0x30 ./freertos/Source/queue.o
 .text.xQueueIsQueueFullFromISR
                0x000000000000eb9c       0x48 ./freertos/Source/queue.o
                0x000000000000eb9c                xQueueIsQueueFullFromISR
 .text.vQueueAddToRegistry
                0x000000000000ebe4       0x50 ./freertos/Source/queue.o
                0x000000000000ebe4                vQueueAddToRegistry
 .text.vQueueUnregisterQueue
                0x000000000000ec34       0x44 ./freertos/Source/queue.o
                0x000000000000ec34                vQueueUnregisterQueue
 .text.vQueueWaitForMessageRestricted
                0x000000000000ec78       0x5c ./freertos/Source/queue.o
                0x000000000000ec78                vQueueWaitForMessageRestricted
 .text.xTaskGenericCreate
                0x000000000000ecd4      0x1a0 ./freertos/Source/tasks.o
                0x000000000000ecd4                xTaskGenericCreate
 .text.vTaskDelay
                0x000000000000ee74       0xa4 ./freertos/Source/tasks.o
                0x000000000000ee74                vTaskDelay
 .text.vTaskSuspend
                0x000000000000ef18      0x110 ./freertos/Source/tasks.o
                0x000000000000ef18                vTaskSuspend
 .text.vTaskStartScheduler
                0x000000000000f028       0x98 ./freertos/Source/tasks.o
                0x000000000000f028                vTaskStartScheduler
 .text.vTaskSuspendAll
                0x000000000000f0c0       0x1c ./freertos/Source/tasks.o
                0x000000000000f0c0                vTaskSuspendAll
 .text.xTaskResumeAll
                0x000000000000f0dc      0x128 ./freertos/Source/tasks.o
                0x000000000000f0dc                xTaskResumeAll
 .text.xTaskGetTickCount
                0x000000000000f204       0x20 ./freertos/Source/tasks.o
                0x000000000000f204                xTaskGetTickCount
 .text.xTaskIncrementTick
                0x000000000000f224      0x15c ./freertos/Source/tasks.o
                0x000000000000f224                xTaskIncrementTick
 .text.vTaskSwitchContext
                0x000000000000f380       0xb4 ./freertos/Source/tasks.o
                0x000000000000f380                vTaskSwitchContext
 .text.vTaskPlaceOnEventList
                0x000000000000f434       0x9c ./freertos/Source/tasks.o
                0x000000000000f434                vTaskPlaceOnEventList
 .text.vTaskPlaceOnEventListRestricted
                0x000000000000f4d0       0x9c ./freertos/Source/tasks.o
                0x000000000000f4d0                vTaskPlaceOnEventListRestricted
 .text.xTaskRemoveFromEventList
                0x000000000000f56c       0xc4 ./freertos/Source/tasks.o
                0x000000000000f56c                xTaskRemoveFromEventList
 .text.vTaskSetTimeOutState
                0x000000000000f630       0x44 ./freertos/Source/tasks.o
                0x000000000000f630                vTaskSetTimeOutState
 .text.xTaskCheckForTimeOut
                0x000000000000f674       0xbc ./freertos/Source/tasks.o
                0x000000000000f674                xTaskCheckForTimeOut
 .text.vTaskMissedYield
                0x000000000000f730       0x18 ./freertos/Source/tasks.o
                0x000000000000f730                vTaskMissedYield
 .text.prvIdleTask
                0x000000000000f748       0x30 ./freertos/Source/tasks.o
 .text.prvInitialiseTCBVariables
                0x000000000000f778       0xa4 ./freertos/Source/tasks.o
 .text.prvInitialiseTaskLists
                0x000000000000f81c       0x7c ./freertos/Source/tasks.o
 .text.prvCheckTasksWaitingTermination
                0x000000000000f898       0x74 ./freertos/Source/tasks.o
 .text.prvAddCurrentTaskToDelayedList
                0x000000000000f90c       0x6c ./freertos/Source/tasks.o
 .text.prvAllocateTCBAndStack
                0x000000000000f978       0x70 ./freertos/Source/tasks.o
 .text.prvDeleteTCB
                0x000000000000f9e8       0x20 ./freertos/Source/tasks.o
 .text.prvResetNextTaskUnblockTime
                0x000000000000fa08       0x48 ./freertos/Source/tasks.o
 .text.xTaskGetSchedulerState
                0x000000000000fa50       0x3c ./freertos/Source/tasks.o
                0x000000000000fa50                xTaskGetSchedulerState
 .text.vTaskPriorityInherit
                0x000000000000fa8c       0xec ./freertos/Source/tasks.o
                0x000000000000fa8c                vTaskPriorityInherit
 .text.xTaskPriorityDisinherit
                0x000000000000fb78      0x108 ./freertos/Source/tasks.o
                0x000000000000fb78                xTaskPriorityDisinherit
 .text.pvTaskIncrementMutexHeldCount
                0x000000000000fc80       0x28 ./freertos/Source/tasks.o
                0x000000000000fc80                pvTaskIncrementMutexHeldCount
 .text.xTimerCreateTimerTask
                0x000000000000fca8       0x64 ./freertos/Source/timers.o
                0x000000000000fca8                xTimerCreateTimerTask
 .text.xTimerGenericCommand
                0x000000000000fd0c       0xa4 ./freertos/Source/timers.o
                0x000000000000fd0c                xTimerGenericCommand
 .text.prvProcessExpiredTimer
                0x000000000000fdb0       0x80 ./freertos/Source/timers.o
 .text.prvTimerTask
                0x000000000000fe30       0x24 ./freertos/Source/timers.o
 .text.prvProcessTimerOrBlockTask
                0x000000000000fe54       0x9c ./freertos/Source/timers.o
 .text.prvGetNextExpireTime
                0x000000000000fef0       0x48 ./freertos/Source/timers.o
 .text.prvSampleTimeNow
                0x000000000000ff38       0x40 ./freertos/Source/timers.o
 .text.prvInsertTimerInActiveList
                0x000000000000ff78       0x84 ./freertos/Source/timers.o
 .text.prvProcessReceivedCommands
                0x000000000000fffc      0x12c ./freertos/Source/timers.o
 .text.prvSwitchTimerLists
                0x0000000000010128       0xc0 ./freertos/Source/timers.o
 .text.prvCheckForValidListAndQueue
                0x00000000000101e8       0x8c ./freertos/Source/timers.o
 .text.CLOCK_SetEr32kClock
                0x0000000000010274       0x2c ./drivers/fsl_clock.o
 .text.CLOCK_SetPllFllSelClock
                0x00000000000102a0       0x38 ./drivers/fsl_clock.o
 .text.OSC_SetExtRefClkConfig
                0x00000000000102d8       0x34 ./drivers/fsl_clock.o
 .text.OSC_SetCapLoad
                0x000000000001030c       0x34 ./drivers/fsl_clock.o
 .text.CLOCK_GetMcgExtClkFreq
                0x0000000000010340       0x8c ./drivers/fsl_clock.o
 .text.CLOCK_GetFllExtRefClkFreq
                0x00000000000103cc       0xc8 ./drivers/fsl_clock.o
 .text.CLOCK_GetInternalRefClkSelectFreq
                0x0000000000010494       0x44 ./drivers/fsl_clock.o
 .text.CLOCK_GetFllRefClkFreq
                0x00000000000104d8       0x2c ./drivers/fsl_clock.o
 .text.CLOCK_GetPll0RefFreq
                0x0000000000010504       0x10 ./drivers/fsl_clock.o
 .text.CLOCK_GetOscRangeFromFreq
                0x0000000000010514       0x3c ./drivers/fsl_clock.o
 .text.CLOCK_GetOsc0ErClkFreq
                0x0000000000010550       0x48 ./drivers/fsl_clock.o
                0x0000000000010550                CLOCK_GetOsc0ErClkFreq
 .text.CLOCK_GetEr32kClkFreq
                0x0000000000010598       0x80 ./drivers/fsl_clock.o
                0x0000000000010598                CLOCK_GetEr32kClkFreq
 .text.CLOCK_GetPllFllSelClkFreq
                0x0000000000010618       0x54 ./drivers/fsl_clock.o
                0x0000000000010618                CLOCK_GetPllFllSelClkFreq
 .text.CLOCK_GetCoreSysClkFreq
                0x000000000001066c       0x24 ./drivers/fsl_clock.o
                0x000000000001066c                CLOCK_GetCoreSysClkFreq
 .text.CLOCK_GetFreq
                0x0000000000010690      0x144 ./drivers/fsl_clock.o
                0x0000000000010690                CLOCK_GetFreq
 .text.CLOCK_SetSimConfig
                0x00000000000107d4       0x34 ./drivers/fsl_clock.o
                0x00000000000107d4                CLOCK_SetSimConfig
 .text.CLOCK_GetOutClkFreq
                0x0000000000010808       0x64 ./drivers/fsl_clock.o
                0x0000000000010808                CLOCK_GetOutClkFreq
 .text.CLOCK_GetFllFreq
                0x000000000001086c       0x74 ./drivers/fsl_clock.o
                0x000000000001086c                CLOCK_GetFllFreq
 .text.CLOCK_GetInternalRefClkFreq
                0x00000000000108e0       0x24 ./drivers/fsl_clock.o
                0x00000000000108e0                CLOCK_GetInternalRefClkFreq
 .text.CLOCK_GetFixedFreqClkFreq
                0x0000000000010904       0x30 ./drivers/fsl_clock.o
                0x0000000000010904                CLOCK_GetFixedFreqClkFreq
 .text.CLOCK_GetPll0Freq
                0x0000000000010934       0x58 ./drivers/fsl_clock.o
                0x0000000000010934                CLOCK_GetPll0Freq
 .text.CLOCK_SetExternalRefClkConfig
                0x000000000001098c       0x90 ./drivers/fsl_clock.o
                0x000000000001098c                CLOCK_SetExternalRefClkConfig
 .text.CLOCK_SetInternalRefClkConfig
                0x0000000000010a1c      0x104 ./drivers/fsl_clock.o
                0x0000000000010a1c                CLOCK_SetInternalRefClkConfig
 .text.CLOCK_EnablePll0
                0x0000000000010b20       0x94 ./drivers/fsl_clock.o
                0x0000000000010b20                CLOCK_EnablePll0
 .text.CLOCK_InitOsc0
                0x0000000000010bb4       0x8c ./drivers/fsl_clock.o
                0x0000000000010bb4                CLOCK_InitOsc0
 .text.CLOCK_SetPbeMode
                0x0000000000010c40       0x98 ./drivers/fsl_clock.o
                0x0000000000010c40                CLOCK_SetPbeMode
 .text.CLOCK_BootToPeeMode
                0x0000000000010cd8       0x74 ./drivers/fsl_clock.o
                0x0000000000010cd8                CLOCK_BootToPeeMode
 .text.__assert_func
                0x0000000000010d4c       0x28 ./drivers/fsl_common.o
                0x0000000000010d4c                __assert_func
 .text.NVIC_EnableIRQ
                0x0000000000010d74       0x30 ./drivers/fsl_enet.o
 .text.CLOCK_EnableClock
                0x0000000000010da4       0x34 ./drivers/fsl_enet.o
 .text.EnableIRQ
                0x0000000000010dd8       0x1c ./drivers/fsl_enet.o
 .text.ENET_Reset
                0x0000000000010df4       0x20 ./drivers/fsl_enet.o
 .text.ENET_GetSMI
                0x0000000000010e14       0x28 ./drivers/fsl_enet.o
 .text.ENET_EnableSleepMode
                0x0000000000010e3c       0x38 ./drivers/fsl_enet.o
 .text.ENET_EnableInterrupts
                0x0000000000010e74       0x20 ./drivers/fsl_enet.o
 .text.ENET_GetInstance
                0x0000000000010e94       0x54 ./drivers/fsl_enet.o
                0x0000000000010e94                ENET_GetInstance
 .text.ENET_GetDefaultConfig
                0x0000000000010ee8       0x54 ./drivers/fsl_enet.o
                0x0000000000010ee8                ENET_GetDefaultConfig
 .text.ENET_Init
                0x0000000000010f3c      0x234 ./drivers/fsl_enet.o
                0x0000000000010f3c                ENET_Init
 .text.ENET_SetCallback
                0x0000000000011170       0x40 ./drivers/fsl_enet.o
                0x0000000000011170                ENET_SetCallback
 .text.ENET_SetMacController
                0x00000000000111b0      0x2b8 ./drivers/fsl_enet.o
 .text.ENET_SetTxBufferDescriptors
                0x0000000000011468       0xa4 ./drivers/fsl_enet.o
 .text.ENET_SetRxBufferDescriptors
                0x000000000001150c       0xa8 ./drivers/fsl_enet.o
 .text.ENET_SetMacAddr
                0x00000000000115b4       0x5c ./drivers/fsl_enet.o
                0x00000000000115b4                ENET_SetMacAddr
 .text.ENET_SetSMI
                0x0000000000011610       0x94 ./drivers/fsl_enet.o
                0x0000000000011610                ENET_SetSMI
 .text.ENET_StartSMIWrite
                0x00000000000116a4       0x50 ./drivers/fsl_enet.o
                0x00000000000116a4                ENET_StartSMIWrite
 .text.ENET_StartSMIRead
                0x00000000000116f4       0x48 ./drivers/fsl_enet.o
                0x00000000000116f4                ENET_StartSMIRead
 .text.ENET_GetRxErrBeforeReadFrame
                0x000000000001173c      0x110 ./drivers/fsl_enet.o
                0x000000000001173c                ENET_GetRxErrBeforeReadFrame
 .text.ENET_GetRxFrameSize
                0x000000000001184c       0xf0 ./drivers/fsl_enet.o
                0x000000000001184c                ENET_GetRxFrameSize
 .text.ENET_ReadFrame
                0x000000000001193c      0x188 ./drivers/fsl_enet.o
                0x000000000001193c                ENET_ReadFrame
 .text.ENET_UpdateReadBuffers
                0x0000000000011ac4       0x98 ./drivers/fsl_enet.o
 .text.ENET_SendFrame
                0x0000000000011b5c      0x1dc ./drivers/fsl_enet.o
                0x0000000000011b5c                ENET_SendFrame
 .text.ENET_TransmitIRQHandler
                0x0000000000011d38       0x5c ./drivers/fsl_enet.o
                0x0000000000011d38                ENET_TransmitIRQHandler
 .text.ENET_ReceiveIRQHandler
                0x0000000000011d94       0x5c ./drivers/fsl_enet.o
                0x0000000000011d94                ENET_ReceiveIRQHandler
 .text.ENET_ErrorIRQHandler
                0x0000000000011df0       0x98 ./drivers/fsl_enet.o
                0x0000000000011df0                ENET_ErrorIRQHandler
 .text.ENET_Transmit_IRQHandler
                0x0000000000011e88       0x1c ./drivers/fsl_enet.o
                0x0000000000011e88                ENET_Transmit_IRQHandler
 .text.ENET_Receive_IRQHandler
                0x0000000000011ea4       0x1c ./drivers/fsl_enet.o
                0x0000000000011ea4                ENET_Receive_IRQHandler
 .text.ENET_Error_IRQHandler
                0x0000000000011ec0       0x1c ./drivers/fsl_enet.o
                0x0000000000011ec0                ENET_Error_IRQHandler
 .text.ENET_1588_Timer_IRQHandler
                0x0000000000011edc        0xc ./drivers/fsl_enet.o
                0x0000000000011edc                ENET_1588_Timer_IRQHandler
 .text.CLOCK_EnableClock
                0x0000000000011ee8       0x34 ./drivers/fsl_uart.o
 .text.UART_GetInstance
                0x0000000000011f1c       0x60 ./drivers/fsl_uart.o
                0x0000000000011f1c                UART_GetInstance
 .text.UART_Init
                0x0000000000011f7c      0x250 ./drivers/fsl_uart.o
                0x0000000000011f7c                UART_Init
 .text.UART_GetDefaultConfig
                0x00000000000121cc       0x5c ./drivers/fsl_uart.o
                0x00000000000121cc                UART_GetDefaultConfig
 .text.UART_GetStatusFlags
                0x0000000000012228       0x48 ./drivers/fsl_uart.o
                0x0000000000012228                UART_GetStatusFlags
 .text.UART_WriteBlocking
                0x0000000000012270       0x40 ./drivers/fsl_uart.o
                0x0000000000012270                UART_WriteBlocking
 .text.UART_ReadBlocking
                0x00000000000122b0       0x84 ./drivers/fsl_uart.o
                0x00000000000122b0                UART_ReadBlocking
 .text.UART0_DriverIRQHandler
                0x0000000000012334       0x20 ./drivers/fsl_uart.o
                0x0000000000012334                UART0_DriverIRQHandler
 .text.UART0_RX_TX_DriverIRQHandler
                0x0000000000012354        0xc ./drivers/fsl_uart.o
                0x0000000000012354                UART0_RX_TX_DriverIRQHandler
 .text.UART1_DriverIRQHandler
                0x0000000000012360       0x20 ./drivers/fsl_uart.o
                0x0000000000012360                UART1_DriverIRQHandler
 .text.UART1_RX_TX_DriverIRQHandler
                0x0000000000012380        0xc ./drivers/fsl_uart.o
                0x0000000000012380                UART1_RX_TX_DriverIRQHandler
 .text.UART2_DriverIRQHandler
                0x000000000001238c       0x20 ./drivers/fsl_uart.o
                0x000000000001238c                UART2_DriverIRQHandler
 .text.UART2_RX_TX_DriverIRQHandler
                0x00000000000123ac        0xc ./drivers/fsl_uart.o
                0x00000000000123ac                UART2_RX_TX_DriverIRQHandler
 .text.UART3_DriverIRQHandler
                0x00000000000123b8       0x20 ./drivers/fsl_uart.o
                0x00000000000123b8                UART3_DriverIRQHandler
 .text.UART3_RX_TX_DriverIRQHandler
                0x00000000000123d8        0xc ./drivers/fsl_uart.o
                0x00000000000123d8                UART3_RX_TX_DriverIRQHandler
 .text.UART4_DriverIRQHandler
                0x00000000000123e4       0x20 ./drivers/fsl_uart.o
                0x00000000000123e4                UART4_DriverIRQHandler
 .text.UART4_RX_TX_DriverIRQHandler
                0x0000000000012404        0xc ./drivers/fsl_uart.o
                0x0000000000012404                UART4_RX_TX_DriverIRQHandler
 .text.UART5_DriverIRQHandler
                0x0000000000012410       0x20 ./drivers/fsl_uart.o
                0x0000000000012410                UART5_DriverIRQHandler
 .text.UART5_RX_TX_DriverIRQHandler
                0x0000000000012430        0xc ./drivers/fsl_uart.o
                0x0000000000012430                UART5_RX_TX_DriverIRQHandler
 .text.BOARD_InitDebugConsole
                0x000000000001243c       0x24 ./board/board.o
                0x000000000001243c                BOARD_InitDebugConsole
 .text.CLOCK_SetXtal0Freq
                0x0000000000012460       0x1c ./board/clock_config.o
 .text.CLOCK_SetSimSafeDivs
                0x000000000001247c       0x20 ./board/clock_config.o
 .text.BOARD_BootClockRUN
                0x000000000001249c       0x58 ./board/clock_config.o
                0x000000000001249c                BOARD_BootClockRUN
 .text.CLOCK_EnableClock
                0x00000000000124f4       0x34 ./board/pin_mux.o
 .text.PORT_SetPinConfig
                0x0000000000012528       0x44 ./board/pin_mux.o
 .text.PORT_SetPinMux
                0x000000000001256c       0x38 ./board/pin_mux.o
 .text.BOARD_InitPins
                0x00000000000125a4       0xf8 ./board/pin_mux.o
                0x00000000000125a4                BOARD_InitPins
 .text.modf     0x000000000001269c       0xa4 /Applications/KDS_3.0.0.app/Contents/toolchain/bin/../lib/gcc/arm-none-eabi/4.8.4/../../../../arm-none-eabi/lib/armv7e-m/fpu/libm.a(lib_a-s_modf.o)
                0x000000000001269c                modf
 .text.pow      0x0000000000012740      0x340 /Applications/KDS_3.0.0.app/Contents/toolchain/bin/../lib/gcc/arm-none-eabi/4.8.4/../../../../arm-none-eabi/lib/armv7e-m/fpu/libm.a(lib_a-w_pow.o)
                0x0000000000012740                pow
 .text.__ieee754_pow
                0x0000000000012a80      0xae8 /Applications/KDS_3.0.0.app/Contents/toolchain/bin/../lib/gcc/arm-none-eabi/4.8.4/../../../../arm-none-eabi/lib/armv7e-m/fpu/libm.a(lib_a-e_pow.o)
                0x0000000000012a80                __ieee754_pow
 .text.__ieee754_sqrt
                0x0000000000013568      0x198 /Applications/KDS_3.0.0.app/Contents/toolchain/bin/../lib/gcc/arm-none-eabi/4.8.4/../../../../arm-none-eabi/lib/armv7e-m/fpu/libm.a(lib_a-e_sqrt.o)
                0x0000000000013568                __ieee754_sqrt
 .text.fabs     0x0000000000013700       0x14 /Applications/KDS_3.0.0.app/Contents/toolchain/bin/../lib/gcc/arm-none-eabi/4.8.4/../../../../arm-none-eabi/lib/armv7e-m/fpu/libm.a(lib_a-s_fabs.o)
                0x0000000000013700                fabs
 .text.finite   0x0000000000013714       0x10 /Applications/KDS_3.0.0.app/Contents/toolchain/bin/../lib/gcc/arm-none-eabi/4.8.4/../../../../arm-none-eabi/lib/armv7e-m/fpu/libm.a(lib_a-s_finite.o)
                0x0000000000013714                finite
 .text.__fpclassifyd
                0x0000000000013724       0x54 /Applications/KDS_3.0.0.app/Contents/toolchain/bin/../lib/gcc/arm-none-eabi/4.8.4/../../../../arm-none-eabi/lib/armv7e-m/fpu/libm.a(lib_a-s_fpclassify.o)
                0x0000000000013724                __fpclassifyd
 .text.matherr  0x0000000000013778        0x4 /Applications/KDS_3.0.0.app/Contents/toolchain/bin/../lib/gcc/arm-none-eabi/4.8.4/../../../../arm-none-eabi/lib/armv7e-m/fpu/libm.a(lib_a-s_matherr.o)
                0x0000000000013778                matherr
 *fill*         0x000000000001377c        0x4 
 .text.nan      0x0000000000013780       0x10 /Applications/KDS_3.0.0.app/Contents/toolchain/bin/../lib/gcc/arm-none-eabi/4.8.4/../../../../arm-none-eabi/lib/armv7e-m/fpu/libm.a(lib_a-s_nan.o)
                0x0000000000013780                nan
 .text.rint     0x0000000000013790      0x120 /Applications/KDS_3.0.0.app/Contents/toolchain/bin/../lib/gcc/arm-none-eabi/4.8.4/../../../../arm-none-eabi/lib/armv7e-m/fpu/libm.a(lib_a-s_rint.o)
                0x0000000000013790                rint
 .text.scalbn   0x00000000000138b0      0x120 /Applications/KDS_3.0.0.app/Contents/toolchain/bin/../lib/gcc/arm-none-eabi/4.8.4/../../../../arm-none-eabi/lib/armv7e-m/fpu/libm.a(lib_a-s_scalbn.o)
                0x00000000000138b0                scalbn
 .text.copysign
                0x00000000000139d0       0x24 /Applications/KDS_3.0.0.app/Contents/toolchain/bin/../lib/gcc/arm-none-eabi/4.8.4/../../../../arm-none-eabi/lib/armv7e-m/fpu/libm.a(lib_a-s_copysign.o)
                0x00000000000139d0                copysign
 .text.__errno  0x00000000000139f4        0xc /Applications/KDS_3.0.0.app/Contents/toolchain/bin/../lib/gcc/arm-none-eabi/4.8.4/../../../../arm-none-eabi/lib/armv7e-m/fpu/libg_s.a(lib_a-errno.o)
                0x00000000000139f4                __errno
 .text.exit     0x0000000000013a00       0x28 /Applications/KDS_3.0.0.app/Contents/toolchain/bin/../lib/gcc/arm-none-eabi/4.8.4/../../../../arm-none-eabi/lib/armv7e-m/fpu/libg_s.a(lib_a-exit.o)
                0x0000000000013a00                exit
 .text.__libc_init_array
                0x0000000000013a28       0x4c /Applications/KDS_3.0.0.app/Contents/toolchain/bin/../lib/gcc/arm-none-eabi/4.8.4/../../../../arm-none-eabi/lib/armv7e-m/fpu/libg_s.a(lib_a-init.o)
                0x0000000000013a28                __libc_init_array
 .text.memcmp   0x0000000000013a74       0x1e /Applications/KDS_3.0.0.app/Contents/toolchain/bin/../lib/gcc/arm-none-eabi/4.8.4/../../../../arm-none-eabi/lib/armv7e-m/fpu/libg_s.a(lib_a-memcmp.o)
                0x0000000000013a74                memcmp
 .text.memcpy   0x0000000000013a92       0x12 /Applications/KDS_3.0.0.app/Contents/toolchain/bin/../lib/gcc/arm-none-eabi/4.8.4/../../../../arm-none-eabi/lib/armv7e-m/fpu/libg_s.a(lib_a-memcpy-stub.o)
                0x0000000000013a92                memcpy
 .text.memset   0x0000000000013aa4       0x10 /Applications/KDS_3.0.0.app/Contents/toolchain/bin/../lib/gcc/arm-none-eabi/4.8.4/../../../../arm-none-eabi/lib/armv7e-m/fpu/libg_s.a(lib_a-memset.o)
                0x0000000000013aa4                memset
 .text.printf   0x0000000000013ab4       0x30 /Applications/KDS_3.0.0.app/Contents/toolchain/bin/../lib/gcc/arm-none-eabi/4.8.4/../../../../arm-none-eabi/lib/armv7e-m/fpu/libg_s.a(lib_a-printf.o)
                0x0000000000013ab4                printf
                0x0000000000013ab4                iprintf
 .text.strlen   0x0000000000013ae4       0x10 /Applications/KDS_3.0.0.app/Contents/toolchain/bin/../lib/gcc/arm-none-eabi/4.8.4/../../../../arm-none-eabi/lib/armv7e-m/fpu/libg_s.a(lib_a-strlen.o)
                0x0000000000013ae4                strlen
 .text.__sfputc_r
                0x0000000000013af4       0x2c /Applications/KDS_3.0.0.app/Contents/toolchain/bin/../lib/gcc/arm-none-eabi/4.8.4/../../../../arm-none-eabi/lib/armv7e-m/fpu/libg_s.a(lib_a-vfprintf.o)
 .text.__sfputs_r
                0x0000000000013b20       0x24 /Applications/KDS_3.0.0.app/Contents/toolchain/bin/../lib/gcc/arm-none-eabi/4.8.4/../../../../arm-none-eabi/lib/armv7e-m/fpu/libg_s.a(lib_a-vfprintf.o)
                0x0000000000013b20                __sfputs_r
 .text._vfprintf_r
                0x0000000000013b44      0x208 /Applications/KDS_3.0.0.app/Contents/toolchain/bin/../lib/gcc/arm-none-eabi/4.8.4/../../../../arm-none-eabi/lib/armv7e-m/fpu/libg_s.a(lib_a-vfprintf.o)
                0x0000000000013b44                _vfiprintf_r
                0x0000000000013b44                _vfprintf_r
 .text._printf_common
                0x0000000000013d4c       0xe4 /Applications/KDS_3.0.0.app/Contents/toolchain/bin/../lib/gcc/arm-none-eabi/4.8.4/../../../../arm-none-eabi/lib/armv7e-m/fpu/libg_s.a(lib_a-vfprintf_i.o)
                0x0000000000013d4c                _printf_common
 .text._printf_i
                0x0000000000013e30      0x228 /Applications/KDS_3.0.0.app/Contents/toolchain/bin/../lib/gcc/arm-none-eabi/4.8.4/../../../../arm-none-eabi/lib/armv7e-m/fpu/libg_s.a(lib_a-vfprintf_i.o)
                0x0000000000013e30                _printf_i
 .text.__swbuf_r
                0x0000000000014058       0xa8 /Applications/KDS_3.0.0.app/Contents/toolchain/bin/../lib/gcc/arm-none-eabi/4.8.4/../../../../arm-none-eabi/lib/armv7e-m/fpu/libg_s.a(lib_a-wbuf.o)
                0x0000000000014058                __swbuf_r
 .text.__swsetup_r
                0x0000000000014100       0xdc /Applications/KDS_3.0.0.app/Contents/toolchain/bin/../lib/gcc/arm-none-eabi/4.8.4/../../../../arm-none-eabi/lib/armv7e-m/fpu/libg_s.a(lib_a-wsetup.o)
                0x0000000000014100                __swsetup_r
 .text.__sflush_r
                0x00000000000141dc      0x106 /Applications/KDS_3.0.0.app/Contents/toolchain/bin/../lib/gcc/arm-none-eabi/4.8.4/../../../../arm-none-eabi/lib/armv7e-m/fpu/libg_s.a(lib_a-fflush.o)
                0x00000000000141dc                __sflush_r
 *fill*         0x00000000000142e2        0x2 
 .text._fflush_r
                0x00000000000142e4       0x54 /Applications/KDS_3.0.0.app/Contents/toolchain/bin/../lib/gcc/arm-none-eabi/4.8.4/../../../../arm-none-eabi/lib/armv7e-m/fpu/libg_s.a(lib_a-fflush.o)
                0x00000000000142e4                _fflush_r
 .text._cleanup_r
                0x0000000000014338       0x32 /Applications/KDS_3.0.0.app/Contents/toolchain/bin/../lib/gcc/arm-none-eabi/4.8.4/../../../../arm-none-eabi/lib/armv7e-m/fpu/libg_s.a(lib_a-findfp.o)
                0x0000000000014338                _cleanup_r
 *fill*         0x000000000001436a        0x2 
 .text.std.isra.0
                0x000000000001436c       0x48 /Applications/KDS_3.0.0.app/Contents/toolchain/bin/../lib/gcc/arm-none-eabi/4.8.4/../../../../arm-none-eabi/lib/armv7e-m/fpu/libg_s.a(lib_a-findfp.o)
 .text.__sfmoreglue
                0x00000000000143b4       0x2c /Applications/KDS_3.0.0.app/Contents/toolchain/bin/../lib/gcc/arm-none-eabi/4.8.4/../../../../arm-none-eabi/lib/armv7e-m/fpu/libg_s.a(lib_a-findfp.o)
                0x00000000000143b4                __sfmoreglue
 .text.__sinit  0x00000000000143e0       0x60 /Applications/KDS_3.0.0.app/Contents/toolchain/bin/../lib/gcc/arm-none-eabi/4.8.4/../../../../arm-none-eabi/lib/armv7e-m/fpu/libg_s.a(lib_a-findfp.o)
                0x00000000000143e0                __sinit
 .text.__sfp    0x0000000000014440       0x74 /Applications/KDS_3.0.0.app/Contents/toolchain/bin/../lib/gcc/arm-none-eabi/4.8.4/../../../../arm-none-eabi/lib/armv7e-m/fpu/libg_s.a(lib_a-findfp.o)
                0x0000000000014440                __sfp
 .text.__smakebuf_r
                0x00000000000144b4       0x9c /Applications/KDS_3.0.0.app/Contents/toolchain/bin/../lib/gcc/arm-none-eabi/4.8.4/../../../../arm-none-eabi/lib/armv7e-m/fpu/libg_s.a(lib_a-makebuf.o)
                0x00000000000144b4                __smakebuf_r
 .text.memchr   0x0000000000014550       0x1e /Applications/KDS_3.0.0.app/Contents/toolchain/bin/../lib/gcc/arm-none-eabi/4.8.4/../../../../arm-none-eabi/lib/armv7e-m/fpu/libg_s.a(lib_a-memchr-stub.o)
                0x0000000000014550                memchr
 *fill*         0x000000000001456e        0x2 
 .text._free_r  0x0000000000014570       0x88 /Applications/KDS_3.0.0.app/Contents/toolchain/bin/../lib/gcc/arm-none-eabi/4.8.4/../../../../arm-none-eabi/lib/armv7e-m/fpu/libg_s.a(lib_a-nano-freer.o)
                0x0000000000014570                _free_r
 .text._malloc_r
                0x00000000000145f8       0xa8 /Applications/KDS_3.0.0.app/Contents/toolchain/bin/../lib/gcc/arm-none-eabi/4.8.4/../../../../arm-none-eabi/lib/armv7e-m/fpu/libg_s.a(lib_a-nano-mallocr.o)
                0x00000000000145f8                _malloc_r
 .text._sbrk_r  0x00000000000146a0       0x20 /Applications/KDS_3.0.0.app/Contents/toolchain/bin/../lib/gcc/arm-none-eabi/4.8.4/../../../../arm-none-eabi/lib/armv7e-m/fpu/libg_s.a(lib_a-sbrkr.o)
                0x00000000000146a0                _sbrk_r
 .text.__sread  0x00000000000146c0       0x22 /Applications/KDS_3.0.0.app/Contents/toolchain/bin/../lib/gcc/arm-none-eabi/4.8.4/../../../../arm-none-eabi/lib/armv7e-m/fpu/libg_s.a(lib_a-stdio.o)
                0x00000000000146c0                __sread
 .text.__swrite
                0x00000000000146e2       0x38 /Applications/KDS_3.0.0.app/Contents/toolchain/bin/../lib/gcc/arm-none-eabi/4.8.4/../../../../arm-none-eabi/lib/armv7e-m/fpu/libg_s.a(lib_a-stdio.o)
                0x00000000000146e2                __swrite
 .text.__sseek  0x000000000001471a       0x24 /Applications/KDS_3.0.0.app/Contents/toolchain/bin/../lib/gcc/arm-none-eabi/4.8.4/../../../../arm-none-eabi/lib/armv7e-m/fpu/libg_s.a(lib_a-stdio.o)
                0x000000000001471a                __sseek
 .text.__sclose
                0x000000000001473e        0x8 /Applications/KDS_3.0.0.app/Contents/toolchain/bin/../lib/gcc/arm-none-eabi/4.8.4/../../../../arm-none-eabi/lib/armv7e-m/fpu/libg_s.a(lib_a-stdio.o)
                0x000000000001473e                __sclose
 *fill*         0x0000000000014746        0x2 
 .text._write_r
                0x0000000000014748       0x24 /Applications/KDS_3.0.0.app/Contents/toolchain/bin/../lib/gcc/arm-none-eabi/4.8.4/../../../../arm-none-eabi/lib/armv7e-m/fpu/libg_s.a(lib_a-writer.o)
                0x0000000000014748                _write_r
 .text._close_r
                0x000000000001476c       0x20 /Applications/KDS_3.0.0.app/Contents/toolchain/bin/../lib/gcc/arm-none-eabi/4.8.4/../../../../arm-none-eabi/lib/armv7e-m/fpu/libg_s.a(lib_a-closer.o)
                0x000000000001476c                _close_r
 .text._fstat_r
                0x000000000001478c       0x24 /Applications/KDS_3.0.0.app/Contents/toolchain/bin/../lib/gcc/arm-none-eabi/4.8.4/../../../../arm-none-eabi/lib/armv7e-m/fpu/libg_s.a(lib_a-fstatr.o)
                0x000000000001478c                _fstat_r
 .text._isatty_r
                0x00000000000147b0       0x20 /Applications/KDS_3.0.0.app/Contents/toolchain/bin/../lib/gcc/arm-none-eabi/4.8.4/../../../../arm-none-eabi/lib/armv7e-m/fpu/libg_s.a(lib_a-isattyr.o)
                0x00000000000147b0                _isatty_r
 .text._lseek_r
                0x00000000000147d0       0x24 /Applications/KDS_3.0.0.app/Contents/toolchain/bin/../lib/gcc/arm-none-eabi/4.8.4/../../../../arm-none-eabi/lib/armv7e-m/fpu/libg_s.a(lib_a-lseekr.o)
                0x00000000000147d0                _lseek_r
 .text._read_r  0x00000000000147f4       0x24 /Applications/KDS_3.0.0.app/Contents/toolchain/bin/../lib/gcc/arm-none-eabi/4.8.4/../../../../arm-none-eabi/lib/armv7e-m/fpu/libg_s.a(lib_a-readr.o)
                0x00000000000147f4                _read_r
 .text._close   0x0000000000014818       0x10 /Applications/KDS_3.0.0.app/Contents/toolchain/bin/../lib/gcc/arm-none-eabi/4.8.4/../../../../arm-none-eabi/lib/armv7e-m/fpu/libnosys.a(close.o)
                0x0000000000014818                _close
 .text._fstat   0x0000000000014828       0x10 /Applications/KDS_3.0.0.app/Contents/toolchain/bin/../lib/gcc/arm-none-eabi/4.8.4/../../../../arm-none-eabi/lib/armv7e-m/fpu/libnosys.a(fstat.o)
                0x0000000000014828                _fstat
 .text._isatty  0x0000000000014838       0x10 /Applications/KDS_3.0.0.app/Contents/toolchain/bin/../lib/gcc/arm-none-eabi/4.8.4/../../../../arm-none-eabi/lib/armv7e-m/fpu/libnosys.a(isatty.o)
                0x0000000000014838                _isatty
 .text._lseek   0x0000000000014848       0x10 /Applications/KDS_3.0.0.app/Contents/toolchain/bin/../lib/gcc/arm-none-eabi/4.8.4/../../../../arm-none-eabi/lib/armv7e-m/fpu/libnosys.a(lseek.o)
                0x0000000000014848                _lseek
 .text._sbrk    0x0000000000014858       0x34 /Applications/KDS_3.0.0.app/Contents/toolchain/bin/../lib/gcc/arm-none-eabi/4.8.4/../../../../arm-none-eabi/lib/armv7e-m/fpu/libnosys.a(sbrk.o)
                0x0000000000014858                _sbrk
 .text._exit    0x000000000001488c        0x4 /Applications/KDS_3.0.0.app/Contents/toolchain/bin/../lib/gcc/arm-none-eabi/4.8.4/../../../../arm-none-eabi/lib/armv7e-m/fpu/libnosys.a(_exit.o)
                0x000000000001488c                _exit
 *(.rodata)
 .rodata        0x0000000000014890      0x100 ./source/main.o
 .rodata        0x0000000000014990      0x220 ./lwip_1.4.1/src/netif/etharp.o
 .rodata        0x0000000000014bb0      0x118 ./lwip_1.4.1/src/core/ipv4/icmp.o
 .rodata        0x0000000000014cc8       0x3c ./lwip_1.4.1/src/core/ipv4/ip.o
 .rodata        0x0000000000014d04      0x178 ./lwip_1.4.1/src/core/ipv4/ip_frag.o
 .rodata        0x0000000000014e7c      0x424 ./lwip_1.4.1/src/core/dhcp.o
 .rodata        0x00000000000152a0       0x40 ./lwip_1.4.1/src/core/lwip_timers.o
 .rodata        0x00000000000152e0      0x1c0 ./lwip_1.4.1/src/core/mem.o
 .rodata        0x00000000000154a0      0x104 ./lwip_1.4.1/src/core/memp.o
 .rodata        0x00000000000155a4       0x18 ./lwip_1.4.1/src/core/netif.o
 .rodata        0x00000000000155bc      0x480 ./lwip_1.4.1/src/core/pbuf.o
 .rodata        0x0000000000015a3c      0x3d8 ./lwip_1.4.1/src/core/tcp.o
 .rodata        0x0000000000015e14      0x26c ./lwip_1.4.1/src/core/tcp_in.o
 .rodata        0x0000000000016080      0x3b0 ./lwip_1.4.1/src/core/tcp_out.o
 .rodata        0x0000000000016430       0x64 ./lwip_1.4.1/src/core/udp.o
 .rodata        0x0000000000016494      0x2b0 ./lwip_1.4.1/src/api/api_lib.o
 .rodata        0x0000000000016744      0x420 ./lwip_1.4.1/src/api/api_msg.o
 .rodata        0x0000000000016b64      0x128 ./lwip_1.4.1/src/api/err.o
 .rodata        0x0000000000016c8c       0xb8 ./lwip_1.4.1/port/ethernetif.o
 .rodata        0x0000000000016d44       0x38 ./lwip_1.4.1/port/fsl_phy.o
 .rodata        0x0000000000016d7c        0x4 ./lwip_1.4.1/port/sys_arch.o
 .rodata        0x0000000000016d80       0x18 ./freertos/Source/tasks.o
 .rodata        0x0000000000016d98       0x10 ./freertos/Source/timers.o
 .rodata        0x0000000000016da8       0x3c ./drivers/fsl_clock.o
 .rodata        0x0000000000016de4       0x40 ./drivers/fsl_common.o
 .rodata        0x0000000000016e24      0x2f0 ./drivers/fsl_enet.o
 .rodata        0x0000000000017114       0xc4 ./drivers/fsl_uart.o
 .rodata        0x00000000000171d8       0x20 ./board/pin_mux.o
 *(.rodata*)
 .rodata.__FUNCTION__.7769
                0x00000000000171f8        0x8 ./source/main.o
 .rodata.ethbroadcast
                0x0000000000017200        0x8 ./lwip_1.4.1/src/netif/etharp.o
                0x0000000000017200                ethbroadcast
 .rodata.ethzero
                0x0000000000017208        0x8 ./lwip_1.4.1/src/netif/etharp.o
                0x0000000000017208                ethzero
 .rodata.ip_addr_any
                0x0000000000017210        0x4 ./lwip_1.4.1/src/core/ipv4/ip_addr.o
                0x0000000000017210                ip_addr_any
 .rodata.ip_addr_broadcast
                0x0000000000017214        0x4 ./lwip_1.4.1/src/core/ipv4/ip_addr.o
                0x0000000000017214                ip_addr_broadcast
 .rodata.tcp_backoff
                0x0000000000017218       0x10 ./lwip_1.4.1/src/core/tcp.o
                0x0000000000017218                tcp_backoff
 .rodata.tcp_persist_backoff
                0x0000000000017228        0x8 ./lwip_1.4.1/src/core/tcp.o
                0x0000000000017228                tcp_persist_backoff
 .rodata.tcp_pcb_lists
                0x0000000000017230       0x10 ./lwip_1.4.1/src/core/tcp.o
                0x0000000000017230                tcp_pcb_lists
 .rodata.__func__.6597
                0x0000000000017240        0xc ./lwip_1.4.1/port/fsl_phy.o
 .rodata.__func__.6615
                0x000000000001724c       0x14 ./lwip_1.4.1/port/fsl_phy.o
 .rodata.__func__.6624
                0x0000000000017260       0x18 ./lwip_1.4.1/port/fsl_phy.o
 .rodata.__func__.6316
                0x0000000000017278       0x18 ./drivers/fsl_clock.o
 .rodata.__func__.6361
                0x0000000000017290       0x18 ./drivers/fsl_clock.o
 .rodata.__func__.6369
                0x00000000000172a8       0x18 ./drivers/fsl_clock.o
 .rodata.fllFactorTable.6444
                0x00000000000172c0       0x10 ./drivers/fsl_clock.o
 .rodata.__func__.6506
                0x00000000000172d0       0x14 ./drivers/fsl_clock.o
 .rodata.__func__.6702
                0x00000000000172e4       0x14 ./drivers/fsl_clock.o
 .rodata.s_enetClock
                0x00000000000172f8        0x4 ./drivers/fsl_enet.o
                0x00000000000172f8                s_enetClock
 .rodata.__func__.6558
                0x00000000000172fc       0x14 ./drivers/fsl_enet.o
 .rodata.__func__.6562
                0x0000000000017310       0x18 ./drivers/fsl_enet.o
 .rodata.__func__.6571
                0x0000000000017328        0xc ./drivers/fsl_enet.o
 .rodata.__func__.6581
                0x0000000000017334       0x14 ./drivers/fsl_enet.o
 .rodata.__func__.6601
                0x0000000000017348       0x1c ./drivers/fsl_enet.o
 .rodata.__func__.6614
                0x0000000000017364       0x1c ./drivers/fsl_enet.o
 .rodata.__func__.6643
                0x0000000000017380        0xc ./drivers/fsl_enet.o
 .rodata.__func__.6666
                0x000000000001738c       0x20 ./drivers/fsl_enet.o
 .rodata.__func__.6675
                0x00000000000173ac       0x14 ./drivers/fsl_enet.o
 .rodata.__func__.6686
                0x00000000000173c0       0x10 ./drivers/fsl_enet.o
 .rodata.__func__.6701
                0x00000000000173d0       0x18 ./drivers/fsl_enet.o
 .rodata.__func__.6710
                0x00000000000173e8       0x10 ./drivers/fsl_enet.o
 .rodata.__func__.6750
                0x00000000000173f8       0x18 ./drivers/fsl_enet.o
 .rodata.__func__.6755
                0x0000000000017410       0x18 ./drivers/fsl_enet.o
 .rodata.__func__.6760